###############################################################################
#                                                                             #
# IAR Assembler V1.40.1.50106 for STM8                  15/Jul/2016  14:30:23 #
# Copyright 2010-2013 IAR Systems AB.                                         #
#                                                                             #
#    Source file  =  E:\projects\atomthread\kelvinlawson-atomthreads-f29a33f\ #
#                    ports\stm8\atomport-asm-iar.s                            #
#    Command line =  E:\projects\atomthread\kelvinlawson-atomthreads-f29a33f\ #
#                    ports\stm8\atomport-asm-iar.s -M<> -r -ld                #
#                    E:\projects\atomthread\kelvinlawson-atomthreads-f29a33f\ #
#                    ports\stm8\Debug\List\ --diag_suppress Pa050             #
#                    --code_model small --data_model medium -o                #
#                    E:\projects\atomthread\kelvinlawson-atomthreads-f29a33f\ #
#                    ports\stm8\Debug\Obj\                                    #
#    List file    =  E:\projects\atomthread\kelvinlawson-atomthreads-f29a33f\ #
#                    ports\stm8\Debug\List\atomport-asm-iar.lst               #
#    Object file  =  E:\projects\atomthread\kelvinlawson-atomthreads-f29a33f\ #
#                    ports\stm8\Debug\Obj\atomport-asm-iar.o                  #
#                                                                             #
#                                                                             #
###############################################################################

##############################################################################
# Module ATOMPORTASM                                                         #
##############################################################################

 
 88 bytes in section .near_func.text  , module ATOMPORTASM
 
 88 bytes of CODE memory  in module ATOMPORTASM

Errors: none
Warnings: none
