###############################################################################
#
# IAR ELF Linker V2.10.2.149 for STM8                     17/Jul/2016  19:01:20
# Copyright 2010-2014 IAR Systems AB.
#
#    Output file  =  
#        E:\atomthread\kelvinlawson-atomthreads-f29a33f\ports\stm8\Debug\Exe\atomthreads.out
#    Map file     =  
#        E:\atomthread\kelvinlawson-atomthreads-f29a33f\ports\stm8\Debug\List\atomthreads.map
#    Command line =  
#        E:\atomthread\kelvinlawson-atomthreads-f29a33f\ports\stm8\Debug\Obj\atomkernel.o
#        E:\atomthread\kelvinlawson-atomthreads-f29a33f\ports\stm8\Debug\Obj\atommutex.o
#        E:\atomthread\kelvinlawson-atomthreads-f29a33f\ports\stm8\Debug\Obj\atomport-asm-iar.o
#        E:\atomthread\kelvinlawson-atomthreads-f29a33f\ports\stm8\Debug\Obj\atomport.o
#        E:\atomthread\kelvinlawson-atomthreads-f29a33f\ports\stm8\Debug\Obj\atomqueue.o
#        E:\atomthread\kelvinlawson-atomthreads-f29a33f\ports\stm8\Debug\Obj\atomsem.o
#        E:\atomthread\kelvinlawson-atomthreads-f29a33f\ports\stm8\Debug\Obj\atomtimer.o
#        E:\atomthread\kelvinlawson-atomthreads-f29a33f\ports\stm8\Debug\Obj\diskio.o
#        E:\atomthread\kelvinlawson-atomthreads-f29a33f\ports\stm8\Debug\Obj\ff.o
#        E:\atomthread\kelvinlawson-atomthreads-f29a33f\ports\stm8\Debug\Obj\sem1.o
#        E:\atomthread\kelvinlawson-atomthreads-f29a33f\ports\stm8\Debug\Obj\stm8s_clk.o
#        E:\atomthread\kelvinlawson-atomthreads-f29a33f\ports\stm8\Debug\Obj\stm8s_gpio.o
#        E:\atomthread\kelvinlawson-atomthreads-f29a33f\ports\stm8\Debug\Obj\stm8s_itc.o
#        E:\atomthread\kelvinlawson-atomthreads-f29a33f\ports\stm8\Debug\Obj\stm8s_tim1.o
#        E:\atomthread\kelvinlawson-atomthreads-f29a33f\ports\stm8\Debug\Obj\stm8s_uart2.o
#        E:\atomthread\kelvinlawson-atomthreads-f29a33f\ports\stm8\Debug\Obj\tests-main.o
#        E:\atomthread\kelvinlawson-atomthreads-f29a33f\ports\stm8\Debug\Obj\uart.o
#        --redirect _Printf=_PrintfFullNoMb --redirect _Scanf=_ScanfFullNoMb -o
#        E:\atomthread\kelvinlawson-atomthreads-f29a33f\ports\stm8\Debug\Exe\atomthreads.out
#        --map
#        E:\atomthread\kelvinlawson-atomthreads-f29a33f\ports\stm8\Debug\List\atomthreads.map
#        --config "E:\Program Files (x86)\IAR Systems\Embedded Workbench
#        7.0\stm8\config\lnkstm8s007c8.icf" --config_def _CSTACK_SIZE=0x100
#        --config_def _HEAP_SIZE=0x100 --entry __iar_program_start --debug_lib
#        --merge_duplicate_sections
#
###############################################################################

*******************************************************************************
*** RUNTIME MODEL ATTRIBUTES
***

__SystemLibrary            = DLib
__code_model               = small
__core                     = stm8
__data_model               = medium
__dlib_file_descriptor     = 0
__dlib_full_locale_support = 0
__rt_version               = 4


*******************************************************************************
*** PLACEMENT SUMMARY
***

"A1":  place at start of [0x000000-0x0000ff] { rw section .vregs };
"A2":  place at end of [0x000000-0x0017ff] { block CSTACK };
"P2":  place in [from 0x000000 to 0x0017ff] {
          block HEAP, rw section __DLIB_PERTHREAD, rw section .far.bss,
          rw section .far.data, rw section .far.noinit,
          rw section .far_func.textrw, rw section .huge.bss,
          rw section .huge.data, rw section .huge.noinit,
          rw section .huge_func.textrw, rw section .iar.dynexit,
          rw section .near.bss, rw section .near.data, rw section .near.noinit,
          rw section .near_func.textrw };
"A3":  place at start of [0x008000-0x00ffff] { block INTVEC };
"P3":  place in [from 0x008000 to 0x00ffff] {
          ro section __DLIB_PERTHREAD_init, ro section .far.data_init,
          ro section .far_func.textrw_init, ro section .huge.data_init,
          ro section .huge_func.textrw_init, ro section .iar.init_table,
          ro section .init_array, ro section .near.data_init,
          ro section .near.rodata, ro section .near_func.text,
          ro section .near_func.textrw_init, ro section .tiny.data_init,
          ro section .tiny.rodata_init };

  Section          Kind      Address    Size  Object
  -------          ----      -------    ----  ------
"A1":                                   0x10
  .vregs           uninit   0x000000    0x10  vregs.o [4]
                          - 0x000010    0x10

"P2":                                  0x2f8
  .near.bss        zero     0x000010   0x100  sem1.o [1]
  .near.bss        zero     0x000110   0x100  tests-main.o [1]
  .near.bss        zero     0x000210    0x80  tests-main.o [1]
  .near.bss        zero     0x000290    0x30  sem1.o [1]
  .near.bss        zero     0x0002c0    0x18  atomkernel.o [1]
  .near.bss        zero     0x0002d8    0x18  tests-main.o [1]
  .near.bss        zero     0x0002f0     0x5  uart.o [1]
  .near.bss        zero     0x0002f5     0x4  atomtimer.o [1]
  .near.bss        zero     0x0002f9     0x3  sem1.o [1]
  .near.bss        zero     0x0002fc     0x3  sem1.o [1]
  .near.bss        zero     0x0002ff     0x2  atomkernel.o [1]
  .near.bss        zero     0x000301     0x2  atomkernel.o [1]
  .near.bss        zero     0x000303     0x2  atomkernel.o [1]
  .near.bss        zero     0x000305     0x2  atomtimer.o [1]
  .near.bss        zero     0x000307     0x1  atomkernel.o [1]
                          - 0x000308   0x2f8

"A2":                                  0x100
  CSTACK                    0x001700   0x100  <Block>
    CSTACK         uninit   0x001700   0x100  <Block tail>
                          - 0x001800   0x100

"A3":                                   0x80
  INTVEC                    0x008000    0x80  <Block>
    .intvec        const    0x008000    0x80  interrupt.o [4]
                          - 0x008080    0x80

"P3":                                 0x335e
  .near_func.text  ro code  0x008080   0x460  float.o [4]
  .near_func.text  ro code  0x0084e0   0x431  xprintffull_nomb.o [4]
  .near_func.text  ro code  0x008911   0x410  xprintffull_nomb.o [4]
  .near_func.text  ro code  0x008d21   0x38d  xprintffull_nomb.o [4]
  .near_func.text  ro code  0x0090ae   0x298  sem1.o [1]
  .near_func.text  ro code  0x009346   0x247  atomkernel.o [1]
  .near_func.text  ro code  0x00958d   0x237  long.o [4]
  .near_func.text  ro code  0x0097c4   0x172  atommutex.o [1]
  .near_func.text  ro code  0x009936   0x171  xprintffull_nomb.o [4]
  .near_func.text  ro code  0x009aa7   0x161  float_libsup.o [4]
  .near_func.text  ro code  0x009c08   0x15f  vreg_util.o [4]
  .near_func.text  ro code  0x009d67   0x131  atomsem.o [1]
  .near_func.text  ro code  0x009e98   0x12b  stm8s_uart2.o [1]
  .near_func.text  ro code  0x009fc3    0xfd  atommutex.o [1]
  .near_func.text  ro code  0x00a0c0    0xcd  tests-main.o [1]
  .near_func.text  ro code  0x00a18d    0xc2  atomtimer.o [1]
  .near_func.text  ro code  0x00a24f    0xbe  atomsem.o [1]
  .near_func.text  ro code  0x00a30d    0xbd  atomsem.o [1]
  .near_func.text  ro code  0x00a3ca    0xb7  atomkernel.o [1]
  .near_func.text  ro code  0x00a481    0x9b  stm8s_gpio.o [1]
  .near_func.text  ro code  0x00a51c    0x99  stm8s_tim1.o [1]
  .near_func.text  ro code  0x00a5b5    0x93  atomkernel.o [1]
  .near_func.text  ro code  0x00a648    0x90  atomtimer.o [1]
  .near_func.text  ro code  0x00a6d8    0x80  long_util.o [4]
  .near_func.text  ro code  0x00a758    0x5d  stm8s_clk.o [1]
  .near_func.text  ro code  0x00a7b5    0x5a  atomtimer.o [1]
  .near_func.text  ro code  0x00a80f    0x59  atomkernel.o [1]
  .near_func.text  ro code  0x00a868    0x58  atomport-asm-iar.o [1]
  .near_func.text  ro code  0x00a8c0    0x54  atomkernel.o [1]
  .near_func.text  ro code  0x00a914    0x54  atomport.o [1]
  .near_func.text  ro code  0x00a968    0x53  atommutex.o [1]
  .near_func.text  ro code  0x00a9bb    0x51  atomtimer.o [1]
  .near_func.text  ro code  0x00aa0c    0x49  stm8s_uart2.o [1]
  .near_func.text  ro code  0x00aa55    0x45  uart.o [1]
  .near_func.text  ro code  0x00aa9a    0x43  sem1.o [1]
  .near_func.text  ro code  0x00aadd    0x43  xprintffull_nomb.o [4]
  .near_func.text  ro code  0x00ab20    0x42  tests-main.o [1]
  .near_func.text  ro code  0x00ab62    0x41  sem1.o [1]
  .near_func.text  ro code  0x00aba3    0x3f  xprintffull_nomb.o [4]
  .near_func.text  ro code  0x00abe2    0x3c  short.o [4]
  .near_func.text  const    0x00ac1e    0x3c  xprintffull_nomb.o [4]
  .near_func.text  ro code  0x00ac5a    0x3b  uart.o [1]
  .near_func.text  ro code  0x00ac95    0x39  xprintffull_nomb.o [4]
  .near_func.text  ro code  0x00acce    0x35  xprintffull_nomb.o [4]
  .near_func.text  ro code  0x00ad03    0x30  div.o [4]
  .near_func.text  ro code  0x00ad33    0x2f  uart.o [1]
  .near_func.text  ro code  0x00ad62    0x2f  xprintffull_nomb.o [4]
  .near_func.text  ro code  0x00ad91    0x2d  stm8s_tim1.o [1]
  .near_func.text  ro code  0x00adbe    0x2d  stm8s_uart2.o [1]
  .near_func.text  ro code  0x00adeb    0x2c  dc_util.o [4]
  .near_func.text  ro code  0x00ae17    0x2b  putchar.o [4]
  .near.rodata     const    0x00ae42    0x29  sem1.o [1]
  .near.rodata     const    0x00ae6b    0x29  sem1.o [1]
  .near_func.text  ro code  0x00ae94    0x28  atomtimer.o [1]
  .near_func.text  ro code  0x00aebc    0x27  atomkernel.o [1]
  .near_func.text  ro code  0x00aee3    0x25  memcpy.o [4]
  .near.rodata     const    0x00af08    0x23  sem1.o [1]
  .near_func.text  ro code  0x00af2b    0x22  atomport.o [1]
  .near_func.text  ro code  0x00af4d    0x22  atomport.o [1]
  .near.rodata     const    0x00af6f    0x21  sem1.o [1]
  .near.rodata     const    0x00af90    0x21  sem1.o [1]
  .iar.init_table  const    0x00afb1     0x8  - Linker created -
  .near_func.text  ro code  0x00afb9    0x20  printf.o [4]
  .near.rodata     const    0x00afd9    0x1f  sem1.o [1]
  .near.rodata     const    0x00aff8    0x1f  sem1.o [1]
  .near.rodata     const    0x00b017    0x1e  sem1.o [1]
  .near.rodata     const    0x00b035    0x1e  sem1.o [1]
  .near.rodata     const    0x00b053    0x1e  sem1.o [1]
  .near_func.text  ro code  0x00b071    0x1e  atommutex.o [1]
  .near_func.text  ro code  0x00b08f    0x1e  atomport.o [1]
  .near_func.text  ro code  0x00b0ad    0x1e  init_small.o [4]
  .near_func.text  ro code  0x00b0cb    0x1d  xprintffull_nomb.o [4]
  .near.rodata     const    0x00b0e8    0x1a  sem1.o [1]
  .near.rodata     const    0x00b102    0x1a  sem1.o [1]
  .near_func.text  ro code  0x00b11c    0x1a  atomtimer.o [1]
  .near_func.text  ro code  0x00b136    0x1a  stm8s_gpio.o [1]
  .near_func.text  ro code  0x00b150    0x19  xprout.o [4]
  .near_func.text  ro code  0x00b169    0x17  init.o [4]
  .near_func.text  ro code  0x00b180    0x16  atomkernel.o [1]
  .near.rodata     const    0x00b196    0x15  tests-main.o [1]
  .near_func.text  ro code  0x00b1ab    0x15  memchr.o [4]
  .near_func.text  ro code  0x00b1c0    0x15  strchr.o [4]
  .near.rodata     const    0x00b1d5    0x14  sem1.o [1]
  .near.rodata     const    0x00b1e9    0x14  sem1.o [1]
  .near.rodata     const    0x00b1fd    0x14  sem1.o [1]
  .near_func.text  ro code  0x00b211    0x14  __dbg_xxexit.o [3]
  .near_func.text  ro code  0x00b225    0x13  atomsem.o [1]
  .near_func.text  ro code  0x00b238    0x13  stm8s_tim1.o [1]
  .near_func.text  ro code  0x00b24b    0x13  cstartup.o [4]
  .near.rodata     const    0x00b25e    0x12  sem1.o [1]
  .near.rodata     const    0x00b270    0x12  sem1.o [1]
  .near_func.text  ro code  0x00b282    0x12  strlen.o [4]
  .near_func.text  ro code  0x00b294     0xf  xprintffull_nomb.o [4]
  .near.rodata     const    0x00b2a3     0xd  sem1.o [1]
  .near_func.text  ro code  0x00b2b0     0xd  stm8s_tim1.o [1]
  .near_func.text  ro code  0x00b2bd     0xd  move.o [4]
  .near.rodata     const    0x00b2ca     0xc  sem1.o [1]
  .near.rodata     const    0x00b2d6     0xc  tests-main.o [1]
  .near_func.text  ro code  0x00b2e2     0xc  atomkernel.o [1]
  .near_func.text  ro code  0x00b2ee     0xc  xprintffull_nomb.o [4]
  .near_func.text  ro code  0x00b2fa     0xc  switch.o [4]
  .near_func.text  ro code  0x00b306     0xb  xprintffull_nomb.o [4]
  .near_func.text  ro code  0x00b311     0xb  xprintffull_nomb.o [4]
  .near.rodata     const    0x00b31c     0xa  tests-main.o [1]
  .near_func.text  ro code  0x00b326     0xa  xprintffull_nomb.o [4]
  .near_func.text  ro code  0x00b330     0x9  xprintffull_nomb.o [4]
  .near_func.text  ro code  0x00b339     0x9  xprintffull_nomb.o [4]
  .near_func.text  ro code  0x00b342     0x9  xprintffull_nomb.o [4]
  .near_func.text  ro code  0x00b34b     0x9  xprintffull_nomb.o [4]
  .near_func.text  ro code  0x00b354     0x9  xprintffull_nomb.o [4]
  .near_func.text  ro code  0x00b35d     0x8  xprintffull_nomb.o [4]
  .near_func.text  ro code  0x00b365     0x8  xprintffull_nomb.o [4]
  .near_func.text  ro code  0x00b36d     0x8  xprintffull_nomb.o [4]
  .near_func.text  ro code  0x00b375     0x8  xprintffull_nomb.o [4]
  .near.rodata     const    0x00b37d     0x7  xprintffull_nomb.o [4]
  .near_func.text  ro code  0x00b384     0x7  xprintffull_nomb.o [4]
  .near_func.text  ro code  0x00b38b     0x7  xprintffull_nomb.o [4]
  .near_func.text  ro code  0x00b392     0x7  xprintffull_nomb.o [4]
  .near.rodata     const    0x00b399     0x6  tests-main.o [1]
  .near_func.text  ro code  0x00b39f     0x5  xprintffull_nomb.o [4]
  .near_func.text  ro code  0x00b3a4     0x5  xprintffull_nomb.o [4]
  .near_func.text  ro code  0x00b3a9     0x5  cexit.o [4]
  .near.rodata     const    0x00b3ae     0x4  stm8s_clk.o [1]
  .near.rodata     const    0x00b3b2     0x4  tests-main.o [1]
  .near.rodata     const    0x00b3b6     0x4  xprintffull_nomb.o [4]
  .near.rodata     const    0x00b3ba     0x4  xprintffull_nomb.o [4]
  .near.rodata     const    0x00b3be     0x4  xprintffull_nomb.o [4]
  .near.rodata     const    0x00b3c2     0x4  xprintffull_nomb.o [4]
  .near_func.text  ro code  0x00b3c6     0x4  stm8s_uart2.o [1]
  .near_func.text  ro code  0x00b3ca     0x3  stm8s_gpio.o [1]
  .near_func.text  ro code  0x00b3cd     0x3  interrupt.o [4]
  .near_func.text  ro code  0x00b3d0     0x3  low_level_init.o [4]
  .near_func.text  ro code  0x00b3d3     0x3  exit.o [4]
  .near_func.text  ro code  0x00b3d6     0x3  unhandled_exception.o [4]
  .near.rodata     const    0x00b3d9     0x2  xprintffull_nomb.o [4]
  .near_func.text  ro code  0x00b3db     0x2  atomkernel.o [1]
  .near_func.text  ro code  0x00b3dd     0x1  __dbg_break.o [3]
                          - 0x00b3de  0x335e


*******************************************************************************
*** INIT TABLE
***

          Address   Size
          -------   ----
Zero (__iar_zero_init2)
    1 destination range, total size 0x2f8:
          0x000010  0x2f8



*******************************************************************************
*** MODULE SUMMARY
***

    Module                 ro code  ro data  rw data
    ------                 -------  -------  -------
E:\atomthread\kelvinlawson-atomthreads-f29a33f\ports\stm8\Debug\Obj: [1]
    atomkernel.o             1 161                31
    atommutex.o                736
    atomport-asm-iar.o          88
    atomport.o                 182
    atomsem.o                  703
    atomtimer.o                575                 6
    sem1.o                     796      508      310
    stm8s_clk.o                 93        4
    stm8s_gpio.o               184
    stm8s_tim1.o               230
    stm8s_uart2.o              421
    tests-main.o               271       53      408
    uart.o                     175                 5
    ------------------------------------------------
    Total:                   5 615      565      760

command line: [2]
    ------------------------------------------------
    Total:

dbgstm8smd.a: [3]
    __dbg_break.o                1
    __dbg_xxexit.o              20
    ------------------------------------------------
    Total:                      21

dlstm8smn.a: [4]
    cexit.o                      5
    cstartup.o                  19
    dc_util.o                   44
    div.o                       48
    exit.o                       3
    float.o                  1 120
    float_libsup.o             353
    init.o                      23
    init_small.o                30
    interrupt.o                  3      128
    long.o                     567
    long_util.o                128
    low_level_init.o             3
    memchr.o                    21
    memcpy.o                    37
    move.o                      13
    printf.o                    32
    putchar.o                   43
    short.o                     60
    strchr.o                    21
    strlen.o                    18
    switch.o                    12
    unhandled_exception.o        3
    vreg_util.o                351
    vregs.o                                       16
    xprintffull_nomb.o       3 874       85
    xprout.o                    25
    ------------------------------------------------
    Total:                   6 856      213       16

    Linker created                        8      256
----------------------------------------------------
    Grand Total:            12 492      786    1 032


*******************************************************************************
*** ENTRY LIST
***

Entry                    Address   Size  Type      Object
-----                    -------   ----  ----      ------
?and32_l0_l0_0x         0x00976a         Code  Gb  long.o [4]
?and32_l0_l0_l1         0x009767         Code  Gb  long.o [4]
?b0                     0x000000         Data  Gb  vregs.o [4]
?b1                     0x000001         Data  Gb  vregs.o [4]
?b10                    0x00000a         Data  Gb  vregs.o [4]
?b11                    0x00000b         Data  Gb  vregs.o [4]
?b12                    0x00000c         Data  Gb  vregs.o [4]
?b13                    0x00000d         Data  Gb  vregs.o [4]
?b14                    0x00000e         Data  Gb  vregs.o [4]
?b15                    0x00000f         Data  Gb  vregs.o [4]
?b2                     0x000002         Data  Gb  vregs.o [4]
?b3                     0x000003         Data  Gb  vregs.o [4]
?b4                     0x000004         Data  Gb  vregs.o [4]
?b5                     0x000005         Data  Gb  vregs.o [4]
?b6                     0x000006         Data  Gb  vregs.o [4]
?b7                     0x000007         Data  Gb  vregs.o [4]
?b8                     0x000008         Data  Gb  vregs.o [4]
?b9                     0x000009         Data  Gb  vregs.o [4]
?dc32_l0                0x00adf2         Code  Gb  dc_util.o [4]
?dc32_l1                0x00adff         Code  Gb  dc_util.o [4]
?dc32_px                0x00ae0c         Code  Gb  dc_util.o [4]
?dc8_px                 0x00adeb         Code  Gb  dc_util.o [4]
?dec32_0x_0x            0x0095c4         Code  Gb  long.o [4]
?dec32_l0_l0            0x0095ba         Code  Gb  long.o [4]
?dec32_l1_l1            0x0095bf         Code  Gb  long.o [4]
?e0                     0x000001         Data  Gb  vregs.o [4]
?e1                     0x000005         Data  Gb  vregs.o [4]
?e2                     0x000009         Data  Gb  vregs.o [4]
?e3                     0x00000d         Data  Gb  vregs.o [4]
?epilogue_l2            0x009cb7         Code  Gb  vreg_util.o [4]
?epilogue_l2_l3         0x009cb4         Code  Gb  vreg_util.o [4]
?epilogue_l2_w6         0x009cbb         Code  Gb  vreg_util.o [4]
?epilogue_w4            0x009cc2         Code  Gb  vreg_util.o [4]
?fadd32_l0_l0_l1        0x0080a3         Code  Gb  float.o [4]
?fcastf32s32_l0_l0      0x00839b         Code  Gb  float.o [4]
?fcastf32u32_l0_l0      0x0083a6         Code  Gb  float.o [4]
?fcasts32f32_l0_l0      0x00833a         Code  Gb  float.o [4]
?fcastu32f32_l0_l0      0x008323         Code  Gb  float.o [4]
?fcmpge32_c_l0_0x       0x0082c4         Code  Gb  float.o [4]
?fcmpge32_c_l0_dc32     0x0082bf         Code  Gb  float.o [4]
?fcmplt32_c_l0_0x       0x0082cd         Code  Gb  float.o [4]
?fcmplt32_c_l0_dc32     0x0082c8         Code  Gb  float.o [4]
?fdiv32_l0_l0_l1        0x008211         Code  Gb  float.o [4]
?fmul32_l0_l0_dc32      0x008171         Code  Gb  float.o [4]
?fmul32_l0_l0_l1        0x008176         Code  Gb  float.o [4]
?fsub32_l0_l0_l1        0x00809d         Code  Gb  float.o [4]
?inc32_0x_0x            0x0095ac         Code  Gb  long.o [4]
?inc32_l0_l0            0x00959d         Code  Gb  long.o [4]
?inc32_l2_l2            0x0095a2         Code  Gb  long.o [4]
?inc32_l3_l3            0x0095a7         Code  Gb  long.o [4]
?l0                     0x000000         Data  Gb  vregs.o [4]
?l1                     0x000004         Data  Gb  vregs.o [4]
?l2                     0x000008         Data  Gb  vregs.o [4]
?l3                     0x00000c         Data  Gb  vregs.o [4]
?load32_0x_l0           0x00a71d         Code  Gb  long_util.o [4]
?load32_0x_l1           0x00a72b         Code  Gb  long_util.o [4]
?load32_0x_l2           0x00a74a         Code  Gb  long_util.o [4]
?load32_asp_l0          0x00a711         Code  Gb  long_util.o [4]
?load32_asp_l2          0x00a73e         Code  Gb  long_util.o [4]
?load32_dbsp_l0         0x00a70c         Code  Gb  long_util.o [4]
?load32_dbsp_l2         0x00a739         Code  Gb  long_util.o [4]
?load32_l0_0x           0x00a6e8         Code  Gb  long_util.o [4]
?load32_l0_asp          0x00a6dd         Code  Gb  long_util.o [4]
?load32_l0_dbsp         0x00a6d8         Code  Gb  long_util.o [4]
?load32_l0_xsp          0x00a6df         Code  Gb  long_util.o [4]
?load32_l1_0x           0x00a6f4         Code  Gb  long_util.o [4]
?load32_l2_0x           0x00a700         Code  Gb  long_util.o [4]
?load32_xsp_l0          0x00a713         Code  Gb  long_util.o [4]
?load32_xsp_l2          0x00a740         Code  Gb  long_util.o [4]
?mov_e0_e1              0x009d0f         Code  Gb  vreg_util.o [4]
?mov_e0_e2              0x009d1c         Code  Gb  vreg_util.o [4]
?mov_e0_e3              0x009d29         Code  Gb  vreg_util.o [4]
?mov_e1_e0              0x009d36         Code  Gb  vreg_util.o [4]
?mov_e1_e2              0x009d43         Code  Gb  vreg_util.o [4]
?mov_e2_e0              0x009d50         Code  Gb  vreg_util.o [4]
?mov_e3_e0              0x009d5d         Code  Gb  vreg_util.o [4]
?mov_l0_l1              0x009d0c         Code  Gb  vreg_util.o [4]
?mov_l0_l2              0x009d19         Code  Gb  vreg_util.o [4]
?mov_l0_l3              0x009d26         Code  Gb  vreg_util.o [4]
?mov_l1_l0              0x009d33         Code  Gb  vreg_util.o [4]
?mov_l1_l2              0x009d40         Code  Gb  vreg_util.o [4]
?mov_l2_l0              0x009d4d         Code  Gb  vreg_util.o [4]
?mov_l3_l0              0x009d5a         Code  Gb  vreg_util.o [4]
?mov_w0_w1              0x009cc6         Code  Gb  vreg_util.o [4]
?mov_w0_w5              0x009ccd         Code  Gb  vreg_util.o [4]
?mov_w0_w7              0x009cd4         Code  Gb  vreg_util.o [4]
?mov_w1_w0              0x009cdb         Code  Gb  vreg_util.o [4]
?mov_w1_w3              0x009d12         Code  Gb  vreg_util.o [4]
?mov_w1_w5              0x009d1f         Code  Gb  vreg_util.o [4]
?mov_w1_w7              0x009d2c         Code  Gb  vreg_util.o [4]
?mov_w2_w0              0x009ce2         Code  Gb  vreg_util.o [4]
?mov_w2_w1              0x009ce9         Code  Gb  vreg_util.o [4]
?mov_w3_w1              0x009d39         Code  Gb  vreg_util.o [4]
?mov_w3_w5              0x009d46         Code  Gb  vreg_util.o [4]
?mov_w4_w0              0x009cf0         Code  Gb  vreg_util.o [4]
?mov_w4_w1              0x009cf7         Code  Gb  vreg_util.o [4]
?mov_w5_w0              0x009cfe         Code  Gb  vreg_util.o [4]
?mov_w5_w1              0x009d53         Code  Gb  vreg_util.o [4]
?mov_w6_w0              0x009d05         Code  Gb  vreg_util.o [4]
?mov_w7_w1              0x009d60         Code  Gb  vreg_util.o [4]
?move1616_v_x_y_a       0x00b2bd         Code  Gb  move.o [4]
?mul16_x_x_w0           0x00abe2         Code  Gb  short.o [4]
?mul32_l0_l0_0x         0x0095f6         Code  Gb  long.o [4]
?mul32_l0_l0_dl         0x0095f3         Code  Gb  long.o [4]
?mul32_l0_l0_l1         0x0095ff         Code  Gb  long.o [4]
?neg32_l0_l0            0x00958d         Code  Gb  long.o [4]
?pop_l0                 0x009c80         Code  Gb  vreg_util.o [4]
?pop_l1                 0x009c8b         Code  Gb  vreg_util.o [4]
?pop_l2                 0x009c96         Code  Gb  vreg_util.o [4]
?pop_l3                 0x009ca1         Code  Gb  vreg_util.o [4]
?pop_w4                 0x009c39         Code  Gb  vreg_util.o [4]
?pop_w6                 0x009c40         Code  Gb  vreg_util.o [4]
?push_l0                0x009c4f         Code  Gb  vreg_util.o [4]
?push_l1                0x009c54         Code  Gb  vreg_util.o [4]
?push_l2                0x009c59         Code  Gb  vreg_util.o [4]
?push_l3                0x009c5e         Code  Gb  vreg_util.o [4]
?push_w0                0x009c08         Code  Gb  vreg_util.o [4]
?push_w1                0x009c0d         Code  Gb  vreg_util.o [4]
?push_w2                0x009c12         Code  Gb  vreg_util.o [4]
?push_w4                0x009c17         Code  Gb  vreg_util.o [4]
?push_w5                0x009c1c         Code  Gb  vreg_util.o [4]
?push_w6                0x009c21         Code  Gb  vreg_util.o [4]
?scmp32_c_l0_l1         0x009750         Code  Gb  long.o [4]
?sdiv16_x_x_y           0x00ac00         Code  Gb  short.o [4]
?sdiv32_l0_l0_dl        0x0096f7         Code  Gb  long.o [4]
?sdiv32_l0_l0_l1        0x0096fa         Code  Gb  long.o [4]
?sext32_l0_a            0x0097b7         Code  Gb  long.o [4]
?sext32_l0_x            0x0097ac         Code  Gb  long.o [4]
?sll32_0x_0x_a          0x009789         Code  Gb  long.o [4]
?sll32_l0_l0_a          0x009786         Code  Gb  long.o [4]
?sll32_l0_l0_db         0x009782         Code  Gb  long.o [4]
?smod32_l1_l0_l1        0x0096fa         Code  Gb  long.o [4]
?sra32_0x_0x_a          0x00979e         Code  Gb  long.o [4]
?sra32_l0_l0_a          0x00979b         Code  Gb  long.o [4]
?sra32_l0_l0_db         0x009797         Code  Gb  long.o [4]
?srl16_x_x_4            0x00ac19         Code  Gb  short.o [4]
?sub32_l0_l0_0x         0x0095db         Code  Gb  long.o [4]
?sub32_l0_l0_l1         0x0095d8         Code  Gb  long.o [4]
?switch8vlt_0x_a_0x     0x00b2fa         Code  Gb  switch.o [4]
?ucmp32_c_l0_0x         0x009740         Code  Gb  long.o [4]
?udiv32_l0_dl_l1        0x009682         Code  Gb  long.o [4]
?udiv32_l0_l0_dl        0x009687         Code  Gb  long.o [4]
?udiv32_l0_l0_l1        0x00968a         Code  Gb  long.o [4]
?umod32_l1_l0_dl        0x00967d         Code  Gb  long.o [4]
?umod32_l1_l0_l1        0x00968a         Code  Gb  long.o [4]
?w0                     0x000000         Data  Gb  vregs.o [4]
?w1                     0x000002         Data  Gb  vregs.o [4]
?w2                     0x000004         Data  Gb  vregs.o [4]
?w3                     0x000006         Data  Gb  vregs.o [4]
?w4                     0x000008         Data  Gb  vregs.o [4]
?w5                     0x00000a         Data  Gb  vregs.o [4]
?w6                     0x00000c         Data  Gb  vregs.o [4]
?w7                     0x00000e         Data  Gb  vregs.o [4]
CLK_GetClockFreq        0x00a758   0x5d  Code  Gb  stm8s_clk.o [1]
CSTACK$$Base            0x001700          --   Gb  - Linker created -
CSTACK$$Limit           0x001800          --   Gb  - Linker created -
GPIO_DeInit             0x00b136   0x1a  Code  Gb  stm8s_gpio.o [1]
GPIO_Init               0x00a481   0x9b  Code  Gb  stm8s_gpio.o [1]
GPIO_WriteReverse       0x00b3ca    0x3  Code  Gb  stm8s_gpio.o [1]
HSIDivFactor            0x00b3ae    0x4  Data  Gb  stm8s_clk.o [1]
INTVEC$$Base            0x008000          --   Gb  - Linker created -
INTVEC$$Limit           0x008080          --   Gb  - Linker created -
LoadInt                 0x00aba3   0x3f  Code  Lc  xprintffull_nomb.o [4]
Region$$Table$$Base     0x00afb1          --   Gb  - Linker created -
Region$$Table$$Limit    0x00afb9          --   Gb  - Linker created -
TIM1_Cmd                0x00b2b0    0xd  Code  Gb  stm8s_tim1.o [1]
TIM1_DeInit             0x00a51c   0x99  Code  Gb  stm8s_tim1.o [1]
TIM1_ITConfig           0x00b238   0x13  Code  Gb  stm8s_tim1.o [1]
TIM1_SystemTickISR      0x00af4d   0x22  Code  Gb  atomport.o [1]
TIM1_TimeBaseInit       0x00ad91   0x2d  Code  Gb  stm8s_tim1.o [1]
UART2_DeInit            0x00adbe   0x2d  Code  Gb  stm8s_uart2.o [1]
UART2_GetFlagStatus     0x00aa0c   0x49  Code  Gb  stm8s_uart2.o [1]
UART2_Init              0x009e98  0x12b  Code  Gb  stm8s_uart2.o [1]
UART2_SendData8         0x00b3c6    0x4  Code  Gb  stm8s_uart2.o [1]
_GenldFullNoMb          0x008d21  0x38d  Code  Lc  xprintffull_nomb.o [4]
_LdtobFullNoMb          0x0084e0  0x431  Code  Lc  xprintffull_nomb.o [4]
_LitobFullNoMb          0x009936  0x171  Code  Lc  xprintffull_nomb.o [4]
_PrintfFullNoMb         0x008911  0x410  Code  Gb  xprintffull_nomb.o [4]
_Prout                  0x00b150   0x19  Code  Gb  xprout.o [4]
_PutcharFullNoMb        0x00ad62   0x2f  Code  Lc  xprintffull_nomb.o [4]
_PutcharsFullNoMb       0x00acce   0x35  Code  Lc  xprintffull_nomb.o [4]
__DebugBreak            0x00b3dd    0x1  Code  Gb  __dbg_break.o [3]
__exit                  0x00b211   0x14  Code  Gb  __dbg_xxexit.o [3]
__iar_Dnorm             0x009aa7         Code  Gb  float_libsup.o [4]
__iar_Dscale            0x009b35         Code  Gb  float_libsup.o [4]
__iar_Dunscale          0x009ae3         Code  Gb  float_libsup.o [4]
__iar_Memchr            0x00b1ab   0x15  Code  Gb  memchr.o [4]
__iar_Strchr            0x00b1c0   0x15  Code  Gb  strchr.o [4]
__iar_data_init2        0x00b169   0x17  Code  Gb  init.o [4]
__iar_program_start     0x00b24b         Code  Gb  cstartup.o [4]
__iar_unhandled_exception
                        0x00b3d6         Code  Gb  unhandled_exception.o [4]
__iar_zero_init2        0x00b0ad         Code  Gb  init_small.o [4]
__intvec                0x008000         Data  Gb  interrupt.o [4]
__low_level_init        0x00b3d0    0x3  Code  Gb  low_level_init.o [4]
__write                 0x00aa55   0x45  Code  Gb  uart.o [1]
_exit                   0x00b3a9         Code  Gb  cexit.o [4]
_interrupt_13           0x00af4d         Code  Gb  atomport.o [1]
archContextSwitch       0x00a868         Code  Gb  atomport-asm-iar.o [1]
archFirstThreadRestore  0x00a8a5         Code  Gb  atomport-asm-iar.o [1]
archInitSystemTickTimer
                        0x00b08f   0x1e  Code  Gb  atomport.o [1]
archThreadContextInit   0x00a914   0x54  Code  Gb  atomport.o [1]
atomCurrentContext      0x00b2e2    0xc  Code  Gb  atomkernel.o [1]
atomIdleThread          0x00b3db    0x2  Code  Lc  atomkernel.o [1]
atomIntCnt              0x000303    0x2  Data  Lc  atomkernel.o [1]
atomIntEnter            0x009350    0x8  Code  Gb  atomkernel.o [1]
atomIntExit             0x009346    0xa  Code  Gb  atomkernel.o [1]
atomMutexCreate         0x00b071   0x1e  Code  Gb  atommutex.o [1]
atomMutexGet            0x0097c4  0x172  Code  Gb  atommutex.o [1]
atomMutexPut            0x009fc3   0xfd  Code  Gb  atommutex.o [1]
atomMutexTimerCallback  0x00a968   0x53  Code  Lc  atommutex.o [1]
atomOSInit              0x00aebc   0x27  Code  Gb  atomkernel.o [1]
atomOSStart             0x00b180   0x16  Code  Gb  atomkernel.o [1]
atomOSStarted           0x000307    0x1  Data  Gb  atomkernel.o [1]
atomSched               0x0094ee   0x9f  Code  Gb  atomkernel.o [1]
atomSemCreate           0x00b225   0x13  Code  Gb  atomsem.o [1]
atomSemDelete           0x00a30d   0xbd  Code  Gb  atomsem.o [1]
atomSemGet              0x009d67  0x131  Code  Gb  atomsem.o [1]
atomSemPut              0x00a24f   0xbe  Code  Gb  atomsem.o [1]
atomThreadCreate        0x0093ca  0x104  Code  Gb  atomkernel.o [1]
atomThreadStackCheck    0x009358   0x72  Code  Gb  atomkernel.o [1]
atomThreadSwitch        0x0094ce   0x20  Code  Lc  atomkernel.o [1]
atomTimerCallbacks      0x00a18d   0xc2  Code  Lc  atomtimer.o [1]
atomTimerCancel         0x00a9bb   0x51  Code  Gb  atomtimer.o [1]
atomTimerDelay          0x00a648   0x90  Code  Gb  atomtimer.o [1]
atomTimerDelayCallback  0x00ae94   0x28  Code  Lc  atomtimer.o [1]
atomTimerRegister       0x00a7b5   0x5a  Code  Gb  atomtimer.o [1]
atomTimerTick           0x00b11c   0x1a  Code  Gb  atomtimer.o [1]
curr_tcb                0x000301    0x2  Data  Lc  atomkernel.o [1]
div                     0x00ad03   0x30  Code  Gb  div.o [4]
exit                    0x00b3d3    0x3  Code  Gb  exit.o [4]
idle_tcb                0x0002c0   0x18  Data  Lc  atomkernel.o [1]
idle_thread_stack       0x000210   0x80  Data  Lc  tests-main.o [1]
main                    0x00ab20   0x42  Code  Gb  tests-main.o [1]
main_tcb                0x0002d8   0x18  Data  Lc  tests-main.o [1]
main_thread_func        0x00a0c0   0xcd  Code  Lc  tests-main.o [1]
main_thread_stack       0x000110  0x100  Data  Lc  tests-main.o [1]
memcpy                  0x00aee3   0x25  Code  Gb  memcpy.o [4]
pad                     0x00ac95   0x39  Code  Lc  xprintffull_nomb.o [4]
printf                  0x00afb9   0x20  Code  Gb  printf.o [4]
putchar                 0x00ae17   0x2b  Code  Gb  putchar.o [4]
scale                   0x00aadd   0x43  Code  Lc  xprintffull_nomb.o [4]
sem1                    0x0002f9    0x3  Data  Lc  sem1.o [1]
sem2                    0x0002fc    0x3  Data  Lc  sem1.o [1]
strlen                  0x00b282   0x12  Code  Gb  strlen.o [4]
system_ticks            0x0002f5    0x4  Data  Lc  atomtimer.o [1]
tcb                     0x000290   0x30  Data  Lc  sem1.o [1]
tcbDequeueEntry         0x00a3ca   0xb7  Code  Gb  atomkernel.o [1]
tcbDequeueHead          0x00a8c0   0x54  Code  Gb  atomkernel.o [1]
tcbDequeuePriority      0x00a80f   0x59  Code  Gb  atomkernel.o [1]
tcbEnqueuePriority      0x00a5b5   0x93  Code  Gb  atomkernel.o [1]
tcbReadyQ               0x0002ff    0x2  Data  Gb  atomkernel.o [1]
test1_thread_func       0x00aa9a   0x43  Code  Lc  sem1.o [1]
test2_thread_func       0x00ab62   0x41  Code  Lc  sem1.o [1]
test_start              0x0090ae  0x298  Code  Gb  sem1.o [1]
test_thread_stack       0x000010  0x100  Data  Lc  sem1.o [1]
thread_shell            0x00af2b   0x22  Code  Lc  atomport.o [1]
timer_queue             0x000305    0x2  Data  Lc  atomtimer.o [1]
uart_init               0x00ad33   0x2f  Code  Gb  uart.o [1]
uart_mutex              0x0002f0    0x5  Data  Lc  uart.o [1]
uart_putchar            0x00ac5a   0x3b  Code  Gb  uart.o [1]


[1] = E:\atomthread\kelvinlawson-atomthreads-f29a33f\ports\stm8\Debug\Obj
[2] = command line
[3] = dbgstm8smd.a
[4] = dlstm8smn.a

  12 492 bytes of readonly  code memory
     786 bytes of readonly  data memory
   1 032 bytes of readwrite data memory

Errors: none
Warnings: none
