###############################################################################
#                                                                             #
# IAR ELF Linker V1.40.1.50106 for STM8                 15/Jul/2016  18:36:47 #
# Copyright 2010-2013 IAR Systems AB.                                         #
#                                                                             #
#    Output file  =  E:\projects\atomthread\kelvinlawson-atomthreads-f29a33f\ #
#                    ports\stm8\Debug\Exe\atomthreads.out                     #
#    Map file     =  E:\projects\atomthread\kelvinlawson-atomthreads-f29a33f\ #
#                    ports\stm8\Debug\List\atomthreads.map                    #
#    Command line =  E:\projects\atomthread\kelvinlawson-atomthreads-f29a33f\ #
#                    ports\stm8\Debug\Obj\atomkernel.o                        #
#                    E:\projects\atomthread\kelvinlawson-atomthreads-f29a33f\ #
#                    ports\stm8\Debug\Obj\atommutex.o                         #
#                    E:\projects\atomthread\kelvinlawson-atomthreads-f29a33f\ #
#                    ports\stm8\Debug\Obj\atomport-asm-iar.o                  #
#                    E:\projects\atomthread\kelvinlawson-atomthreads-f29a33f\ #
#                    ports\stm8\Debug\Obj\atomport.o                          #
#                    E:\projects\atomthread\kelvinlawson-atomthreads-f29a33f\ #
#                    ports\stm8\Debug\Obj\atomqueue.o                         #
#                    E:\projects\atomthread\kelvinlawson-atomthreads-f29a33f\ #
#                    ports\stm8\Debug\Obj\atomsem.o                           #
#                    E:\projects\atomthread\kelvinlawson-atomthreads-f29a33f\ #
#                    ports\stm8\Debug\Obj\atomtimer.o                         #
#                    E:\projects\atomthread\kelvinlawson-atomthreads-f29a33f\ #
#                    ports\stm8\Debug\Obj\sem1.o                              #
#                    E:\projects\atomthread\kelvinlawson-atomthreads-f29a33f\ #
#                    ports\stm8\Debug\Obj\stm8s_clk.o                         #
#                    E:\projects\atomthread\kelvinlawson-atomthreads-f29a33f\ #
#                    ports\stm8\Debug\Obj\stm8s_gpio.o                        #
#                    E:\projects\atomthread\kelvinlawson-atomthreads-f29a33f\ #
#                    ports\stm8\Debug\Obj\stm8s_itc.o                         #
#                    E:\projects\atomthread\kelvinlawson-atomthreads-f29a33f\ #
#                    ports\stm8\Debug\Obj\stm8s_tim1.o                        #
#                    E:\projects\atomthread\kelvinlawson-atomthreads-f29a33f\ #
#                    ports\stm8\Debug\Obj\stm8s_uart2.o                       #
#                    E:\projects\atomthread\kelvinlawson-atomthreads-f29a33f\ #
#                    ports\stm8\Debug\Obj\tests-main.o                        #
#                    E:\projects\atomthread\kelvinlawson-atomthreads-f29a33f\ #
#                    ports\stm8\Debug\Obj\uart.o --redirect                   #
#                    _Printf=_PrintfFullNoMb --redirect                       #
#                    _Scanf=_ScanfFullNoMb -o E:\projects\atomthread\kelvinla #
#                    wson-atomthreads-f29a33f\ports\stm8\Debug\Exe\atomthread #
#                    s.out --map E:\projects\atomthread\kelvinlawson-atomthre #
#                    ads-f29a33f\ports\stm8\Debug\List\atomthreads.map        #
#                    --config "E:\Program Files (x86)\IAR Systems\Embedded    #
#                    Workbench 6.5\stm8\config\lnkstm8s003f3.icf"             #
#                    --config_def _CSTACK_SIZE=0x100 --config_def             #
#                    _HEAP_SIZE=0x100 --entry __iar_program_start             #
#                    --debug_lib --merge_duplicate_sections                   #
#                                                                             #
#                                                                             #
###############################################################################

*******************************************************************************
*** MESSAGES
***

Error[Lp011]: section placement failed
          unable to allocate space for sections/blocks with a total estimated
                    minimum size of 0x2f8 bytes in <[0x000000-0x0003ff]> (total
                    uncommitted space 0x2f0).
          Uncommitted:
            [0x000000-0x0000ff]:  0xf0
            [0x000100-0x0003ff]: 0x200
Error[Lp011]: section placement failed
          unable to allocate space for sections/blocks with a total estimated
                    minimum size of 0x3339 bytes in <[0x008000-0x009fff]>
                    (total uncommitted space 0x1f80).


*******************************************************************************
*** RUNTIME MODEL ATTRIBUTES
***

__SystemLibrary            = DLib
__code_model               = small
__core                     = stm8
__data_model               = medium
__dlib_file_descriptor     = 0
__dlib_full_locale_support = 0
__rt_version               = 4


*******************************************************************************
*** PLACEMENT SUMMARY
***

"A1":  place at start of [0x000000-0x0000ff] { rw section .vregs };
"A2":  place at end of [0x000000-0x0003ff] { block CSTACK };
"P2":  place in [from 0x000000 to 0x0003ff] {
          block HEAP, rw section .far.bss, rw section .far.data,
          rw section .far.noinit, rw section .far_func.textrw,
          rw section .huge.bss, rw section .huge.data, rw section .huge.noinit,
          rw section .huge_func.textrw, rw section .iar.dynexit,
          rw section .near.bss, rw section .near.data, rw section .near.noinit,
          rw section .near_func.textrw };
"A3":  place at start of [0x008000-0x009fff] { block INTVEC };
"P3":  place in [from 0x008000 to 0x009fff] {
          ro section .far.data_init, ro section .far_func.textrw_init,
          ro section .huge.data_init, ro section .huge_func.textrw_init,
          ro section .iar.init_table, ro section .init_array,
          ro section .near.data_init, ro section .near.rodata,
          ro section .near_func.text, ro section .near_func.textrw_init,
          ro section .tiny.data_init, ro section .tiny.rodata_init };

  Section          Kind      Address    Size  Object
  -------          ----      -------    ----  ------
"A1":                                   0x10
  .vregs           uninit   0x000000    0x10  vregs.o [4]
                          - 0x000010    0x10

"A2":                                  0x100
  CSTACK                    0x000300   0x100  <Block>
    CSTACK         uninit   0x000300   0x100  <Block tail>
                          - 0x000400   0x100

"A3":                                   0x80
  INTVEC                    0x008000    0x80  <Block>
    .intvec        const    0x008000    0x80  interrupt.o [4]
                          - 0x008080    0x80

"P2" (*** FAILED ***):                 0x2f8
  .near.bss        zero                0x100  sem1.o [1]
  .near.bss        zero                0x100  tests-main.o [1]
  .near.bss        zero                 0x80  tests-main.o [1]
  .near.bss        zero                 0x30  sem1.o [1]
  .near.bss        zero                 0x18  atomkernel.o [1]
  .near.bss        zero                 0x18  tests-main.o [1]
  .near.bss        zero                  0x5  uart.o [1]
  .near.bss        zero                  0x4  atomtimer.o [1]
  .near.bss        zero                  0x3  sem1.o [1]
  .near.bss        zero                  0x3  sem1.o [1]
  .near.bss        zero                  0x2  atomkernel.o [1]
  .near.bss        zero                  0x2  atomkernel.o [1]
  .near.bss        zero                  0x2  atomkernel.o [1]
  .near.bss        zero                  0x2  atomtimer.o [1]
  .near.bss        zero                  0x1  atomkernel.o [1]
                                       0x2f8

"P3" (*** FAILED ***):                0x3339
  .near_func.text  ro code             0x460  float.o [4]
  .near_func.text  ro code             0x42f  xprintffull_nomb.o [4]
  .near_func.text  ro code             0x410  xprintffull_nomb.o [4]
  .near_func.text  ro code             0x385  xprintffull_nomb.o [4]
  .near_func.text  ro code             0x298  sem1.o [1]
  .near_func.text  ro code             0x247  atomkernel.o [1]
  .near_func.text  ro code             0x237  long.o [4]
  .near_func.text  ro code             0x172  atommutex.o [1]
  .near_func.text  ro code             0x171  xprintffull_nomb.o [4]
  .near_func.text  ro code             0x161  float_libsup.o [4]
  .near_func.text  ro code             0x158  vreg_util.o [4]
  .near_func.text  ro code             0x131  atomsem.o [1]
  .near_func.text  ro code             0x12b  stm8s_uart2.o [1]
  .near_func.text  ro code              0xfd  atommutex.o [1]
  .near_func.text  ro code              0xcd  tests-main.o [1]
  .near_func.text  ro code              0xbe  atomsem.o [1]
  .near_func.text  ro code              0xbd  atomsem.o [1]
  .near_func.text  ro code              0xba  atomtimer.o [1]
  .near_func.text  ro code              0x9c  atomkernel.o [1]
  .near_func.text  ro code              0x9b  stm8s_gpio.o [1]
  .near_func.text  ro code              0x99  stm8s_tim1.o [1]
  .near_func.text  ro code              0x92  atomkernel.o [1]
  .near_func.text  ro code              0x90  atomtimer.o [1]
  .near_func.text  ro code              0x80  long_util.o [4]
  .near_func.text  ro code              0x5d  stm8s_clk.o [1]
  .near_func.text  ro code              0x5a  atomtimer.o [1]
  .near_func.text  ro code              0x59  atomkernel.o [1]
  .near_func.text  ro code              0x58  atomport-asm-iar.o [1]
  .near_func.text  ro code              0x54  atomport.o [1]
  .near_func.text  ro code              0x53  atommutex.o [1]
  .near_func.text  ro code              0x51  atomtimer.o [1]
  .near_func.text  ro code              0x4a  atomkernel.o [1]
  .near_func.text  ro code              0x49  stm8s_uart2.o [1]
  .near_func.text  ro code              0x45  uart.o [1]
  .near_func.text  ro code              0x43  sem1.o [1]
  .near_func.text  ro code              0x43  xprintffull_nomb.o [4]
  .near_func.text  ro code              0x42  tests-main.o [1]
  .near_func.text  ro code              0x41  sem1.o [1]
  .near_func.text  ro code              0x3f  xprintffull_nomb.o [4]
  .near_func.text  ro code              0x3c  short.o [4]
  .near_func.text  const                0x3c  xprintffull_nomb.o [4]
  .near_func.text  ro code              0x3b  uart.o [1]
  .near_func.text  ro code              0x39  xprintffull_nomb.o [4]
  .near_func.text  ro code              0x33  xprintffull_nomb.o [4]
  .near_func.text  ro code              0x30  div.o [4]
  .near_func.text  ro code              0x2f  uart.o [1]
  .near_func.text  ro code              0x2f  xprintffull_nomb.o [4]
  .near_func.text  ro code              0x2d  stm8s_tim1.o [1]
  .near_func.text  ro code              0x2d  stm8s_uart2.o [1]
  .near_func.text  ro code              0x2c  dc_util.o [4]
  .near_func.text  ro code              0x2b  putchar.o [4]
  .near.rodata     const                0x29  sem1.o [1]
  .near.rodata     const                0x29  sem1.o [1]
  .near_func.text  ro code              0x28  atomtimer.o [1]
  .near_func.text  ro code              0x27  atomkernel.o [1]
  .near_func.text  ro code              0x25  memcpy.o [4]
  .near.rodata     const                0x23  sem1.o [1]
  .near_func.text  ro code              0x22  atomport.o [1]
  .near_func.text  ro code              0x22  atomport.o [1]
  .near.rodata     const                0x21  sem1.o [1]
  .near.rodata     const                0x21  sem1.o [1]
  .iar.init_table  const                 0x0  - Linker created -
  .near_func.text  ro code              0x20  printf.o [4]
  .near.rodata     const                0x1f  sem1.o [1]
  .near.rodata     const                0x1f  sem1.o [1]
  .near.rodata     const                0x1e  sem1.o [1]
  .near.rodata     const                0x1e  sem1.o [1]
  .near.rodata     const                0x1e  sem1.o [1]
  .near_func.text  ro code              0x1e  atommutex.o [1]
  .near_func.text  ro code              0x1e  atomport.o [1]
  .near_func.text  ro code              0x1e  init_small.o [4]
  .near.rodata     const                0x1a  sem1.o [1]
  .near.rodata     const                0x1a  sem1.o [1]
  .near_func.text  ro code              0x1a  atomtimer.o [1]
  .near_func.text  ro code              0x1a  stm8s_gpio.o [1]
  .near_func.text  ro code              0x19  xprout.o [4]
  .near_func.text  ro code              0x18  xprintffull_nomb.o [4]
  .near_func.text  ro code              0x17  init.o [4]
  .near_func.text  ro code              0x16  atomkernel.o [1]
  .near.rodata     const                0x15  tests-main.o [1]
  .near_func.text  ro code              0x15  memchr.o [4]
  .near_func.text  ro code              0x15  strchr.o [4]
  .near.rodata     const                0x14  sem1.o [1]
  .near.rodata     const                0x14  sem1.o [1]
  .near.rodata     const                0x14  sem1.o [1]
  .near_func.text  ro code              0x14  __dbg_xxexit.o [3]
  .near_func.text  ro code              0x13  atomsem.o [1]
  .near_func.text  ro code              0x13  stm8s_tim1.o [1]
  .near_func.text  ro code              0x13  cstartup.o [4]
  .near.rodata     const                0x12  sem1.o [1]
  .near.rodata     const                0x12  sem1.o [1]
  .near_func.text  ro code              0x12  strlen.o [4]
  .near.rodata     const                 0xd  sem1.o [1]
  .near_func.text  ro code               0xd  stm8s_tim1.o [1]
  .near_func.text  ro code               0xd  move.o [4]
  .near.rodata     const                 0xc  sem1.o [1]
  .near.rodata     const                 0xc  tests-main.o [1]
  .near_func.text  ro code               0xc  atomkernel.o [1]
  .near_func.text  ro code               0xc  xprintffull_nomb.o [4]
  .near_func.text  ro code               0xc  switch.o [4]
  .near_func.text  ro code               0xb  xprintffull_nomb.o [4]
  .near.rodata     const                 0xa  tests-main.o [1]
  .near_func.text  ro code               0xa  xprintffull_nomb.o [4]
  .near_func.text  ro code               0xa  xprintffull_nomb.o [4]
  .near_func.text  ro code               0xa  xprintffull_nomb.o [4]
  .near_func.text  ro code               0xa  xprintffull_nomb.o [4]
  .near_func.text  ro code               0x9  xprintffull_nomb.o [4]
  .near_func.text  ro code               0x9  xprintffull_nomb.o [4]
  .near_func.text  ro code               0x9  xprintffull_nomb.o [4]
  .near_func.text  ro code               0x9  xprintffull_nomb.o [4]
  .near_func.text  ro code               0x9  xprintffull_nomb.o [4]
  .near_func.text  ro code               0x9  xprintffull_nomb.o [4]
  .near_func.text  ro code               0x8  xprintffull_nomb.o [4]
  .near_func.text  ro code               0x8  xprintffull_nomb.o [4]
  .near_func.text  ro code               0x8  xprintffull_nomb.o [4]
  .near_func.text  ro code               0x8  xprintffull_nomb.o [4]
  .near.rodata     const                 0x7  xprintffull_nomb.o [4]
  .near_func.text  ro code               0x7  xprintffull_nomb.o [4]
  .near_func.text  ro code               0x7  xprintffull_nomb.o [4]
  .near_func.text  ro code               0x7  xprintffull_nomb.o [4]
  .near_func.text  ro code               0x7  xprintffull_nomb.o [4]
  .near.rodata     const                 0x6  tests-main.o [1]
  .near_func.text  ro code               0x6  xprintffull_nomb.o [4]
  .near_func.text  ro code               0x6  xprintffull_nomb.o [4]
  .near_func.text  ro code               0x6  xprintffull_nomb.o [4]
  .near_func.text  ro code               0x5  xprintffull_nomb.o [4]
  .near_func.text  ro code               0x5  cexit.o [4]
  .near.rodata     const                 0x4  stm8s_clk.o [1]
  .near.rodata     const                 0x4  tests-main.o [1]
  .near.rodata     const                 0x4  xprintffull_nomb.o [4]
  .near.rodata     const                 0x4  xprintffull_nomb.o [4]
  .near.rodata     const                 0x4  xprintffull_nomb.o [4]
  .near.rodata     const                 0x4  xprintffull_nomb.o [4]
  .near_func.text  ro code               0x4  stm8s_uart2.o [1]
  .near_func.text  ro code               0x3  stm8s_gpio.o [1]
  .near_func.text  ro code               0x3  interrupt.o [4]
  .near_func.text  ro code               0x3  low_level_init.o [4]
  .near_func.text  ro code               0x3  exit.o [4]
  .near_func.text  ro code               0x3  unhandled_exception.o [4]
  .near.rodata     const                 0x2  xprintffull_nomb.o [4]
  .near_func.text  ro code               0x2  atomkernel.o [1]
  .near_func.text  ro code               0x1  __dbg_break.o [3]
                                      0x3339



*******************************************************************************
*** MODULE SUMMARY
***

    Module                 ro code  ro data  rw data
    ------                 -------  -------  -------
E:\projects\atomthread\kelvinlawson-atomthreads-f29a33f\ports\stm8\Debug\Obj: [1]
    atomkernel.o             1 123                31
    atommutex.o                736
    atomport-asm-iar.o          88
    atomport.o                 182
    atomsem.o                  703
    atomtimer.o                567                 6
    sem1.o                     796      508      310
    stm8s_clk.o                 93        4
    stm8s_gpio.o               184
    stm8s_tim1.o               230
    stm8s_uart2.o              421
    tests-main.o               271       53      408
    uart.o                     175                 5
    ------------------------------------------------
    Total:                   5 569      565      760

command line: [2]
    ------------------------------------------------
    Total:

dbgstm8smd.a: [3]
    __dbg_break.o                1
    __dbg_xxexit.o              20
    ------------------------------------------------
    Total:                      21

dlstm8smn.a: [4]
    cexit.o                      5
    cstartup.o                  19
    dc_util.o                   44
    div.o                       48
    exit.o                       3
    float.o                  1 120
    float_libsup.o             353
    init.o                      23
    init_small.o                30
    interrupt.o                  3      128
    long.o                     567
    long_util.o                128
    low_level_init.o             3
    memchr.o                    21
    memcpy.o                    37
    move.o                      13
    printf.o                    32
    putchar.o                   43
    short.o                     60
    strchr.o                    21
    strlen.o                    18
    switch.o                    12
    unhandled_exception.o        3
    vreg_util.o                344
    vregs.o                                       16
    xprintffull_nomb.o       3 890       85
    xprout.o                    25
    ------------------------------------------------
    Total:                   6 865      213       16

    Linker created                               256
----------------------------------------------------
    Grand Total:            12 455      778    1 032


*******************************************************************************
*** ENTRY LIST
***

Entry                      Address   Size  Type      Object
-----                      -------   ----  ----      ------
?and32_l0_l0_0x         0x000016e0         Code  Gb  long.o [4]
?and32_l0_l0_l1         0x000016dd         Code  Gb  long.o [4]
?b0                       0x000000         Data  Gb  vregs.o [4]
?b1                       0x000001         Data  Gb  vregs.o [4]
?b10                      0x00000a         Data  Gb  vregs.o [4]
?b11                      0x00000b         Data  Gb  vregs.o [4]
?b12                      0x00000c         Data  Gb  vregs.o [4]
?b13                      0x00000d         Data  Gb  vregs.o [4]
?b14                      0x00000e         Data  Gb  vregs.o [4]
?b15                      0x00000f         Data  Gb  vregs.o [4]
?b2                       0x000002         Data  Gb  vregs.o [4]
?b3                       0x000003         Data  Gb  vregs.o [4]
?b4                       0x000004         Data  Gb  vregs.o [4]
?b5                       0x000005         Data  Gb  vregs.o [4]
?b6                       0x000006         Data  Gb  vregs.o [4]
?b7                       0x000007         Data  Gb  vregs.o [4]
?b8                       0x000008         Data  Gb  vregs.o [4]
?b9                       0x000009         Data  Gb  vregs.o [4]
?dc32_l0                0x00002d31         Code  Gb  dc_util.o [4]
?dc32_l1                0x00002d3e         Code  Gb  dc_util.o [4]
?dc32_px                0x00002d4b         Code  Gb  dc_util.o [4]
?dc8_px                 0x00002d2a         Code  Gb  dc_util.o [4]
?dec32_0x_0x            0x0000153a         Code  Gb  long.o [4]
?dec32_l0_l0            0x00001530         Code  Gb  long.o [4]
?dec32_l1_l1            0x00001535         Code  Gb  long.o [4]
?e0                       0x000001         Data  Gb  vregs.o [4]
?e1                       0x000005         Data  Gb  vregs.o [4]
?e2                       0x000009         Data  Gb  vregs.o [4]
?e3                       0x00000d         Data  Gb  vregs.o [4]
?epilogue_l2            0x00001c2d         Code  Gb  vreg_util.o [4]
?epilogue_l2_l3         0x00001c2a         Code  Gb  vreg_util.o [4]
?epilogue_l2_w6         0x00001c31         Code  Gb  vreg_util.o [4]
?epilogue_w4            0x00001c38         Code  Gb  vreg_util.o [4]
?fadd32_l0_l0_l1        0x00000023         Code  Gb  float.o [4]
?fcastf32s32_l0_l0      0x0000031b         Code  Gb  float.o [4]
?fcastf32u32_l0_l0      0x00000326         Code  Gb  float.o [4]
?fcasts32f32_l0_l0      0x000002ba         Code  Gb  float.o [4]
?fcastu32f32_l0_l0      0x000002a3         Code  Gb  float.o [4]
?fcmpge32_c_l0_0x       0x00000244         Code  Gb  float.o [4]
?fcmpge32_c_l0_dc32     0x0000023f         Code  Gb  float.o [4]
?fcmplt32_c_l0_0x       0x0000024d         Code  Gb  float.o [4]
?fcmplt32_c_l0_dc32     0x00000248         Code  Gb  float.o [4]
?fdiv32_l0_l0_l1        0x00000191         Code  Gb  float.o [4]
?fmul32_l0_l0_dc32      0x000000f1         Code  Gb  float.o [4]
?fmul32_l0_l0_l1        0x000000f6         Code  Gb  float.o [4]
?fsub32_l0_l0_l1        0x0000001d         Code  Gb  float.o [4]
?inc32_0x_0x            0x00001522         Code  Gb  long.o [4]
?inc32_l0_l0            0x00001513         Code  Gb  long.o [4]
?inc32_l2_l2            0x00001518         Code  Gb  long.o [4]
?inc32_l3_l3            0x0000151d         Code  Gb  long.o [4]
?l0                       0x000000         Data  Gb  vregs.o [4]
?l1                       0x000004         Data  Gb  vregs.o [4]
?l2                       0x000008         Data  Gb  vregs.o [4]
?l3                       0x00000c         Data  Gb  vregs.o [4]
?load32_0x_l0           0x00002668         Code  Gb  long_util.o [4]
?load32_0x_l1           0x00002676         Code  Gb  long_util.o [4]
?load32_0x_l2           0x00002695         Code  Gb  long_util.o [4]
?load32_asp_l0          0x0000265c         Code  Gb  long_util.o [4]
?load32_asp_l2          0x00002689         Code  Gb  long_util.o [4]
?load32_dbsp_l0         0x00002657         Code  Gb  long_util.o [4]
?load32_dbsp_l2         0x00002684         Code  Gb  long_util.o [4]
?load32_l0_0x           0x00002633         Code  Gb  long_util.o [4]
?load32_l0_asp          0x00002628         Code  Gb  long_util.o [4]
?load32_l0_dbsp         0x00002623         Code  Gb  long_util.o [4]
?load32_l0_xsp          0x0000262a         Code  Gb  long_util.o [4]
?load32_l1_0x           0x0000263f         Code  Gb  long_util.o [4]
?load32_l2_0x           0x0000264b         Code  Gb  long_util.o [4]
?load32_xsp_l0          0x0000265e         Code  Gb  long_util.o [4]
?load32_xsp_l2          0x0000268b         Code  Gb  long_util.o [4]
?mov_e0_e1              0x00001c7e         Code  Gb  vreg_util.o [4]
?mov_e0_e2              0x00001c8b         Code  Gb  vreg_util.o [4]
?mov_e0_e3              0x00001c98         Code  Gb  vreg_util.o [4]
?mov_e1_e0              0x00001ca5         Code  Gb  vreg_util.o [4]
?mov_e1_e2              0x00001cb2         Code  Gb  vreg_util.o [4]
?mov_e2_e0              0x00001cbf         Code  Gb  vreg_util.o [4]
?mov_e3_e0              0x00001ccc         Code  Gb  vreg_util.o [4]
?mov_l0_l1              0x00001c7b         Code  Gb  vreg_util.o [4]
?mov_l0_l2              0x00001c88         Code  Gb  vreg_util.o [4]
?mov_l0_l3              0x00001c95         Code  Gb  vreg_util.o [4]
?mov_l1_l0              0x00001ca2         Code  Gb  vreg_util.o [4]
?mov_l1_l2              0x00001caf         Code  Gb  vreg_util.o [4]
?mov_l2_l0              0x00001cbc         Code  Gb  vreg_util.o [4]
?mov_l3_l0              0x00001cc9         Code  Gb  vreg_util.o [4]
?mov_w0_w1              0x00001c3c         Code  Gb  vreg_util.o [4]
?mov_w0_w5              0x00001c43         Code  Gb  vreg_util.o [4]
?mov_w0_w7              0x00001c4a         Code  Gb  vreg_util.o [4]
?mov_w1_w0              0x00001c51         Code  Gb  vreg_util.o [4]
?mov_w1_w3              0x00001c81         Code  Gb  vreg_util.o [4]
?mov_w1_w5              0x00001c8e         Code  Gb  vreg_util.o [4]
?mov_w1_w7              0x00001c9b         Code  Gb  vreg_util.o [4]
?mov_w2_w0              0x00001c58         Code  Gb  vreg_util.o [4]
?mov_w2_w1              0x00001c5f         Code  Gb  vreg_util.o [4]
?mov_w3_w1              0x00001ca8         Code  Gb  vreg_util.o [4]
?mov_w3_w5              0x00001cb5         Code  Gb  vreg_util.o [4]
?mov_w4_w1              0x00001c66         Code  Gb  vreg_util.o [4]
?mov_w5_w0              0x00001c6d         Code  Gb  vreg_util.o [4]
?mov_w5_w1              0x00001cc2         Code  Gb  vreg_util.o [4]
?mov_w6_w0              0x00001c74         Code  Gb  vreg_util.o [4]
?mov_w7_w1              0x00001ccf         Code  Gb  vreg_util.o [4]
?move1616_v_x_y_a       0x000031e8         Code  Gb  move.o [4]
?mul16_x_x_w0           0x00002b23         Code  Gb  short.o [4]
?mul32_l0_l0_0x         0x0000156c         Code  Gb  long.o [4]
?mul32_l0_l0_dl         0x00001569         Code  Gb  long.o [4]
?mul32_l0_l0_l1         0x00001575         Code  Gb  long.o [4]
?neg32_l0_l0            0x00001503         Code  Gb  long.o [4]
?pop_l0                 0x00001bf6         Code  Gb  vreg_util.o [4]
?pop_l1                 0x00001c01         Code  Gb  vreg_util.o [4]
?pop_l2                 0x00001c0c         Code  Gb  vreg_util.o [4]
?pop_l3                 0x00001c17         Code  Gb  vreg_util.o [4]
?pop_w4                 0x00001baf         Code  Gb  vreg_util.o [4]
?pop_w6                 0x00001bb6         Code  Gb  vreg_util.o [4]
?push_l0                0x00001bc5         Code  Gb  vreg_util.o [4]
?push_l1                0x00001bca         Code  Gb  vreg_util.o [4]
?push_l2                0x00001bcf         Code  Gb  vreg_util.o [4]
?push_l3                0x00001bd4         Code  Gb  vreg_util.o [4]
?push_w0                0x00001b7e         Code  Gb  vreg_util.o [4]
?push_w1                0x00001b83         Code  Gb  vreg_util.o [4]
?push_w2                0x00001b88         Code  Gb  vreg_util.o [4]
?push_w4                0x00001b8d         Code  Gb  vreg_util.o [4]
?push_w5                0x00001b92         Code  Gb  vreg_util.o [4]
?push_w6                0x00001b97         Code  Gb  vreg_util.o [4]
?scmp32_c_l0_l1         0x000016c6         Code  Gb  long.o [4]
?sdiv16_x_x_y           0x00002b41         Code  Gb  short.o [4]
?sdiv32_l0_l0_dl        0x0000166d         Code  Gb  long.o [4]
?sdiv32_l0_l0_l1        0x00001670         Code  Gb  long.o [4]
?sext32_l0_a            0x0000172d         Code  Gb  long.o [4]
?sext32_l0_x            0x00001722         Code  Gb  long.o [4]
?sll32_0x_0x_a          0x000016ff         Code  Gb  long.o [4]
?sll32_l0_l0_a          0x000016fc         Code  Gb  long.o [4]
?sll32_l0_l0_db         0x000016f8         Code  Gb  long.o [4]
?smod32_l1_l0_l1        0x00001670         Code  Gb  long.o [4]
?sra32_0x_0x_a          0x00001714         Code  Gb  long.o [4]
?sra32_l0_l0_a          0x00001711         Code  Gb  long.o [4]
?sra32_l0_l0_db         0x0000170d         Code  Gb  long.o [4]
?srl16_x_x_4            0x00002b5a         Code  Gb  short.o [4]
?sub32_l0_l0_0x         0x00001551         Code  Gb  long.o [4]
?sub32_l0_l0_l1         0x0000154e         Code  Gb  long.o [4]
?switch8vlt_0x_a_0x     0x00003225         Code  Gb  switch.o [4]
?ucmp32_c_l0_0x         0x000016b6         Code  Gb  long.o [4]
?udiv32_l0_dl_l1        0x000015f8         Code  Gb  long.o [4]
?udiv32_l0_l0_dl        0x000015fd         Code  Gb  long.o [4]
?udiv32_l0_l0_l1        0x00001600         Code  Gb  long.o [4]
?umod32_l1_l0_dl        0x000015f3         Code  Gb  long.o [4]
?umod32_l1_l0_l1        0x00001600         Code  Gb  long.o [4]
?w0                       0x000000         Data  Gb  vregs.o [4]
?w1                       0x000002         Data  Gb  vregs.o [4]
?w2                       0x000004         Data  Gb  vregs.o [4]
?w3                       0x000006         Data  Gb  vregs.o [4]
?w4                       0x000008         Data  Gb  vregs.o [4]
?w5                       0x00000a         Data  Gb  vregs.o [4]
?w6                       0x00000c         Data  Gb  vregs.o [4]
?w7                       0x00000e         Data  Gb  vregs.o [4]
CLK_GetClockFreq        0x000026a3   0x5d  Code  Gb  stm8s_clk.o [1]
CSTACK$$Base              0x000300          --   Gb  - Linker created -
CSTACK$$Limit             0x000400          --   Gb  - Linker created -
GPIO_DeInit             0x00003058   0x1a  Code  Gb  stm8s_gpio.o [1]
GPIO_Init               0x000023cd   0x9b  Code  Gb  stm8s_gpio.o [1]
GPIO_WriteReverse       0x00003325    0x3  Code  Gb  stm8s_gpio.o [1]
HSIDivFactor            0x00003309    0x4  Data  Gb  stm8s_clk.o [1]
INTVEC$$Base              0x008000          --   Gb  - Linker created -
INTVEC$$Limit             0x008080          --   Gb  - Linker created -
LoadInt                 0x00002ae4   0x3f  Code  Lc  xprintffull_nomb.o [4]
Region$$Table$$Base     0x00002ef0          --   Gb  - Linker created -
Region$$Table$$Limit    0x00002ef8          --   Gb  - Linker created -
TIM1_Cmd                0x000031db    0xd  Code  Gb  stm8s_tim1.o [1]
TIM1_DeInit             0x00002468   0x99  Code  Gb  stm8s_tim1.o [1]
TIM1_ITConfig           0x00003172   0x13  Code  Gb  stm8s_tim1.o [1]
TIM1_SystemTickISR      0x00002e8c   0x22  Code  Gb  atomport.o [1]
TIM1_TimeBaseInit       0x00002cd0   0x2d  Code  Gb  stm8s_tim1.o [1]
UART2_DeInit            0x00002cfd   0x2d  Code  Gb  stm8s_uart2.o [1]
UART2_GetFlagStatus     0x0000294d   0x49  Code  Gb  stm8s_uart2.o [1]
UART2_Init              0x00001e07  0x12b  Code  Gb  stm8s_uart2.o [1]
UART2_SendData8         0x00003321    0x4  Code  Gb  stm8s_uart2.o [1]
_GenldFullNoMb          0x00000c9f  0x385  Code  Lc  xprintffull_nomb.o [4]
_LdtobFullNoMb          0x00000460  0x42f  Code  Lc  xprintffull_nomb.o [4]
_LitobFullNoMb          0x000018ac  0x171  Code  Lc  xprintffull_nomb.o [4]
_PrintfFullNoMb         0x0000088f  0x410  Code  Gb  xprintffull_nomb.o [4]
_Prout                  0x00003072   0x19  Code  Gb  xprout.o [4]
_PutcharFullNoMb        0x00002ca1   0x2f  Code  Lc  xprintffull_nomb.o [4]
_PutcharsFullNoMb       0x00002c0f   0x33  Code  Lc  xprintffull_nomb.o [4]
__DebugBreak            0x00003338    0x1  Code  Gb  __dbg_break.o [3]
__exit                  0x0000314b   0x14  Code  Gb  __dbg_xxexit.o [3]
__iar_Dnorm             0x00001a1d         Code  Gb  float_libsup.o [4]
__iar_Dscale            0x00001aab         Code  Gb  float_libsup.o [4]
__iar_Dunscale          0x00001a59         Code  Gb  float_libsup.o [4]
__iar_Memchr            0x000030e5   0x15  Code  Gb  memchr.o [4]
__iar_Strchr            0x000030fa   0x15  Code  Gb  strchr.o [4]
__iar_data_init2        0x000030a3   0x17  Code  Gb  init.o [4]
__iar_program_start     0x00003185         Code  Gb  cstartup.o [4]
__iar_unhandled_exception
                        0x00003331         Code  Gb  unhandled_exception.o [4]
__iar_zero_init2        0x00002fec         Code  Gb  init_small.o [4]
__intvec                  0x008000         Data  Gb  interrupt.o [4]
__low_level_init        0x0000332b    0x3  Code  Gb  low_level_init.o [4]
__write                 0x00002996   0x45  Code  Gb  uart.o [1]
_exit                   0x00003304         Code  Gb  cexit.o [4]
_interrupt_1            0x00003328         Code  Wk  interrupt.o [4]
_interrupt_10           0x00003328         Code  Wk  interrupt.o [4]
_interrupt_11           0x00003328         Code  Wk  interrupt.o [4]
_interrupt_12           0x00003328         Code  Wk  interrupt.o [4]
_interrupt_13           0x00002e8c         Code  Gb  atomport.o [1]
_interrupt_14           0x00003328         Code  Wk  interrupt.o [4]
_interrupt_15           0x00003328         Code  Wk  interrupt.o [4]
_interrupt_16           0x00003328         Code  Wk  interrupt.o [4]
_interrupt_17           0x00003328         Code  Wk  interrupt.o [4]
_interrupt_18           0x00003328         Code  Wk  interrupt.o [4]
_interrupt_19           0x00003328         Code  Wk  interrupt.o [4]
_interrupt_2            0x00003328         Code  Wk  interrupt.o [4]
_interrupt_20           0x00003328         Code  Wk  interrupt.o [4]
_interrupt_21           0x00003328         Code  Wk  interrupt.o [4]
_interrupt_22           0x00003328         Code  Wk  interrupt.o [4]
_interrupt_23           0x00003328         Code  Wk  interrupt.o [4]
_interrupt_24           0x00003328         Code  Wk  interrupt.o [4]
_interrupt_25           0x00003328         Code  Wk  interrupt.o [4]
_interrupt_26           0x00003328         Code  Wk  interrupt.o [4]
_interrupt_27           0x00003328         Code  Wk  interrupt.o [4]
_interrupt_28           0x00003328         Code  Wk  interrupt.o [4]
_interrupt_29           0x00003328         Code  Wk  interrupt.o [4]
_interrupt_3            0x00003328         Code  Wk  interrupt.o [4]
_interrupt_30           0x00003328         Code  Wk  interrupt.o [4]
_interrupt_31           0x00003328         Code  Wk  interrupt.o [4]
_interrupt_4            0x00003328         Code  Wk  interrupt.o [4]
_interrupt_5            0x00003328         Code  Wk  interrupt.o [4]
_interrupt_6            0x00003328         Code  Wk  interrupt.o [4]
_interrupt_7            0x00003328         Code  Wk  interrupt.o [4]
_interrupt_8            0x00003328         Code  Wk  interrupt.o [4]
_interrupt_9            0x00003328         Code  Wk  interrupt.o [4]
archContextSwitch       0x000027b3         Code  Gb  atomport-asm-iar.o [1]
archFirstThreadRestore  0x000027f0         Code  Gb  atomport-asm-iar.o [1]
archInitSystemTickTimer
                        0x00002fce   0x1e  Code  Gb  atomport.o [1]
archThreadContextInit   0x0000280b   0x54  Code  Gb  atomport.o [1]
atomCurrentContext      0x0000320d    0xc  Code  Gb  atomkernel.o [1]
atomIdleThread          0x00003336    0x2  Code  Lc  atomkernel.o [1]
atomIntCnt              0x000002f3    0x2  Data  Lc  atomkernel.o [1]
atomIntEnter            0x000012c6    0x8  Code  Gb  atomkernel.o [1]
atomIntExit             0x000012bc    0xa  Code  Gb  atomkernel.o [1]
atomMutexCreate         0x00002fb0   0x1e  Code  Gb  atommutex.o [1]
atomMutexGet            0x0000173a  0x172  Code  Gb  atommutex.o [1]
atomMutexPut            0x00001f32   0xfd  Code  Gb  atommutex.o [1]
atomMutexTimerCallback  0x0000285f   0x53  Code  Lc  atommutex.o [1]
atomOSInit              0x00002dfb   0x27  Code  Gb  atomkernel.o [1]
atomOSStart             0x000030ba   0x16  Code  Gb  atomkernel.o [1]
atomOSStarted           0x000002f7    0x1  Data  Gb  atomkernel.o [1]
atomSched               0x00001464   0x9f  Code  Gb  atomkernel.o [1]
atomSemCreate           0x0000315f   0x13  Code  Gb  atomsem.o [1]
atomSemDelete           0x000021ba   0xbd  Code  Gb  atomsem.o [1]
atomSemGet              0x00001cd6  0x131  Code  Gb  atomsem.o [1]
atomSemPut              0x000020fc   0xbe  Code  Gb  atomsem.o [1]
atomThreadCreate        0x00001340  0x104  Code  Gb  atomkernel.o [1]
atomThreadStackCheck    0x000012ce   0x72  Code  Gb  atomkernel.o [1]
atomThreadSwitch        0x00001444   0x20  Code  Lc  atomkernel.o [1]
atomTimerCallbacks      0x00002277   0xba  Code  Lc  atomtimer.o [1]
atomTimerCancel         0x000028b2   0x51  Code  Gb  atomtimer.o [1]
atomTimerDelay          0x00002593   0x90  Code  Gb  atomtimer.o [1]
atomTimerDelayCallback  0x00002dd3   0x28  Code  Lc  atomtimer.o [1]
atomTimerRegister       0x00002700   0x5a  Code  Gb  atomtimer.o [1]
atomTimerTick           0x0000303e   0x1a  Code  Gb  atomtimer.o [1]
curr_tcb                0x000002f1    0x2  Data  Lc  atomkernel.o [1]
div                     0x00002c42   0x30  Code  Gb  div.o [4]
exit                    0x0000332e    0x3  Code  Gb  exit.o [4]
idle_tcb                0x000002b0   0x18  Data  Lc  atomkernel.o [1]
idle_thread_stack       0x00000200   0x80  Data  Lc  tests-main.o [1]
main                    0x00002a61   0x42  Code  Gb  tests-main.o [1]
main_tcb                0x000002c8   0x18  Data  Lc  tests-main.o [1]
main_thread_func        0x0000202f   0xcd  Code  Lc  tests-main.o [1]
main_thread_stack       0x00000100  0x100  Data  Lc  tests-main.o [1]
memcpy                  0x00002e22   0x25  Code  Gb  memcpy.o [4]
pad                     0x00002bd6   0x39  Code  Lc  xprintffull_nomb.o [4]
printf                  0x00002ef8   0x20  Code  Gb  printf.o [4]
putchar                 0x00002d56   0x2b  Code  Gb  putchar.o [4]
scale                   0x00002a1e   0x43  Code  Lc  xprintffull_nomb.o [4]
sem1                    0x000002e9    0x3  Data  Lc  sem1.o [1]
sem2                    0x000002ec    0x3  Data  Lc  sem1.o [1]
strlen                  0x000031bc   0x12  Code  Gb  strlen.o [4]
system_ticks            0x000002e5    0x4  Data  Lc  atomtimer.o [1]
tcb                     0x00000280   0x30  Data  Lc  sem1.o [1]
tcbDequeueEntry         0x00002331   0x9c  Code  Gb  atomkernel.o [1]
tcbDequeueHead          0x00002903   0x4a  Code  Gb  atomkernel.o [1]
tcbDequeuePriority      0x0000275a   0x59  Code  Gb  atomkernel.o [1]
tcbEnqueuePriority      0x00002501   0x92  Code  Gb  atomkernel.o [1]
tcbReadyQ               0x000002ef    0x2  Data  Gb  atomkernel.o [1]
test1_thread_func       0x000029db   0x43  Code  Lc  sem1.o [1]
test2_thread_func       0x00002aa3   0x41  Code  Lc  sem1.o [1]
test_start              0x00001024  0x298  Code  Gb  sem1.o [1]
test_thread_stack       0x00000000  0x100  Data  Lc  sem1.o [1]
thread_shell            0x00002e6a   0x22  Code  Lc  atomport.o [1]
timer_queue             0x000002f5    0x2  Data  Lc  atomtimer.o [1]
uart_init               0x00002c72   0x2f  Code  Gb  uart.o [1]
uart_mutex              0x000002e0    0x5  Data  Lc  uart.o [1]
uart_putchar            0x00002b9b   0x3b  Code  Gb  uart.o [1]


[1] = E:\projects\atomthread\kelvinlawson-atomthreads-f29a33f\ports\stm8\Debug\Obj
[2] = command line
[3] = dbgstm8smd.a
[4] = dlstm8smn.a

  12 455 bytes of readonly  code memory
     778 bytes of readonly  data memory
   1 032 bytes of readwrite data memory

Errors: 2
Warnings: none
