###############################################################################
#                                                                             #
# IAR ELF Linker V1.40.1.50106 for STM8                 28/Jul/2016  17:48:10 #
# Copyright 2010-2013 IAR Systems AB.                                         #
#                                                                             #
#    Output file  =  E:\projects\atomthread\kelvinlawson-atomthreads-f29a33f\ #
#                    ports\stm8\Debug\Exe\templproj.out                       #
#    Map file     =  E:\projects\atomthread\kelvinlawson-atomthreads-f29a33f\ #
#                    ports\stm8\Debug\List\templproj.map                      #
#    Command line =  E:\projects\atomthread\kelvinlawson-atomthreads-f29a33f\ #
#                    ports\stm8\Debug\Obj\atomkernel.o                        #
#                    E:\projects\atomthread\kelvinlawson-atomthreads-f29a33f\ #
#                    ports\stm8\Debug\Obj\atommutex.o                         #
#                    E:\projects\atomthread\kelvinlawson-atomthreads-f29a33f\ #
#                    ports\stm8\Debug\Obj\atomport-asm-iar.o                  #
#                    E:\projects\atomthread\kelvinlawson-atomthreads-f29a33f\ #
#                    ports\stm8\Debug\Obj\atomport.o                          #
#                    E:\projects\atomthread\kelvinlawson-atomthreads-f29a33f\ #
#                    ports\stm8\Debug\Obj\atomqueue.o                         #
#                    E:\projects\atomthread\kelvinlawson-atomthreads-f29a33f\ #
#                    ports\stm8\Debug\Obj\atomsem.o                           #
#                    E:\projects\atomthread\kelvinlawson-atomthreads-f29a33f\ #
#                    ports\stm8\Debug\Obj\atomtimer.o                         #
#                    E:\projects\atomthread\kelvinlawson-atomthreads-f29a33f\ #
#                    ports\stm8\Debug\Obj\cmdShell.o                          #
#                    E:\projects\atomthread\kelvinlawson-atomthreads-f29a33f\ #
#                    ports\stm8\Debug\Obj\cmdshellthread.o                    #
#                    E:\projects\atomthread\kelvinlawson-atomthreads-f29a33f\ #
#                    ports\stm8\Debug\Obj\diskio.o                            #
#                    E:\projects\atomthread\kelvinlawson-atomthreads-f29a33f\ #
#                    ports\stm8\Debug\Obj\ff.o E:\projects\atomthread\kelvinl #
#                    awson-atomthreads-f29a33f\ports\stm8\Debug\Obj\filecommo #
#                    n.o E:\projects\atomthread\kelvinlawson-atomthreads-f29a #
#                    33f\ports\stm8\Debug\Obj\filethread.o                    #
#                    E:\projects\atomthread\kelvinlawson-atomthreads-f29a33f\ #
#                    ports\stm8\Debug\Obj\mainthread.o                        #
#                    E:\projects\atomthread\kelvinlawson-atomthreads-f29a33f\ #
#                    ports\stm8\Debug\Obj\spidriver.o                         #
#                    E:\projects\atomthread\kelvinlawson-atomthreads-f29a33f\ #
#                    ports\stm8\Debug\Obj\spiflash.o                          #
#                    E:\projects\atomthread\kelvinlawson-atomthreads-f29a33f\ #
#                    ports\stm8\Debug\Obj\stm8s_clk.o                         #
#                    E:\projects\atomthread\kelvinlawson-atomthreads-f29a33f\ #
#                    ports\stm8\Debug\Obj\stm8s_gpio.o                        #
#                    E:\projects\atomthread\kelvinlawson-atomthreads-f29a33f\ #
#                    ports\stm8\Debug\Obj\stm8s_itc.o                         #
#                    E:\projects\atomthread\kelvinlawson-atomthreads-f29a33f\ #
#                    ports\stm8\Debug\Obj\stm8s_spi.o                         #
#                    E:\projects\atomthread\kelvinlawson-atomthreads-f29a33f\ #
#                    ports\stm8\Debug\Obj\stm8s_tim1.o                        #
#                    E:\projects\atomthread\kelvinlawson-atomthreads-f29a33f\ #
#                    ports\stm8\Debug\Obj\stm8s_uart3.o                       #
#                    E:\projects\atomthread\kelvinlawson-atomthreads-f29a33f\ #
#                    ports\stm8\Debug\Obj\uart.o                              #
#                    E:\projects\atomthread\kelvinlawson-atomthreads-f29a33f\ #
#                    ports\stm8\Debug\Obj\uartrxthread.o --redirect           #
#                    _Printf=_PrintfFullNoMb --redirect                       #
#                    _Scanf=_ScanfFullNoMb -o E:\projects\atomthread\kelvinla #
#                    wson-atomthreads-f29a33f\ports\stm8\Debug\Exe\templproj. #
#                    out --map E:\projects\atomthread\kelvinlawson-atomthread #
#                    s-f29a33f\ports\stm8\Debug\List\templproj.map --config   #
#                    "E:\Program Files (x86)\IAR Systems\Embedded Workbench   #
#                    6.5\stm8\config\lnkstm8s207r8.icf" --config_def          #
#                    _CSTACK_SIZE=0x100 --config_def _HEAP_SIZE=0x100         #
#                    --entry __iar_program_start --debug_lib                  #
#                                                                             #
#                                                                             #
###############################################################################

*******************************************************************************
*** RUNTIME MODEL ATTRIBUTES
***

__SystemLibrary            = DLib
__code_model               = small
__core                     = stm8
__data_model               = medium
__dlib_file_descriptor     = 0
__dlib_full_locale_support = 0
__rt_version               = 4


*******************************************************************************
*** PLACEMENT SUMMARY
***

"A1":  place at start of [0x000000-0x0000ff] { rw section .vregs };
"A2":  place at end of [0x000000-0x0017ff] { block CSTACK };
"P2":  place in [from 0x000000 to 0x0017ff] {
          block HEAP, rw section .far.bss, rw section .far.data,
          rw section .far.noinit, rw section .far_func.textrw,
          rw section .huge.bss, rw section .huge.data, rw section .huge.noinit,
          rw section .huge_func.textrw, rw section .iar.dynexit,
          rw section .near.bss, rw section .near.data, rw section .near.noinit,
          rw section .near_func.textrw };
"A3":  place at start of [0x008000-0x00ffff] { block INTVEC };
"P3":  place in [from 0x008000 to 0x00ffff] {
          ro section .far.data_init, ro section .far_func.textrw_init,
          ro section .huge.data_init, ro section .huge_func.textrw_init,
          ro section .iar.init_table, ro section .init_array,
          ro section .near.data_init, ro section .near.rodata,
          ro section .near_func.text, ro section .near_func.textrw_init,
          ro section .tiny.data_init, ro section .tiny.rodata_init };

  Section            Kind      Address    Size  Object
  -------            ----      -------    ----  ------
"A1":                                     0x10
  .vregs             uninit   0x000000    0x10  vregs.o [4]
                            - 0x000010    0x10

"P2", part 1 of 2:                         0x2
  P2 s0                       0x000010     0x2  <Init block>
    .near.data       inited   0x000010     0x2  atomkernel.o [1]
                            - 0x000012     0x2

"P2", part 2 of 2:                       0xe5f
  .near.bss          zero     0x000012   0x7d0  atomkernel.o [1]
  .near.bss          zero     0x0007e2   0x1f4  atomkernel.o [1]
  .near.bss          zero     0x0009d6   0x190  atomkernel.o [1]
  .near.bss          zero     0x000b66   0x100  atomkernel.o [1]
  .near.bss          zero     0x000c66    0x5f  atomkernel.o [1]
  .near.bss          zero     0x000cc5    0x4c  atomkernel.o [1]
  .near.bss          zero     0x000d11    0x49  atomkernel.o [1]
  .near.bss          zero     0x000d5a    0x33  atomkernel.o [1]
  .near.bss          zero     0x000d8d    0x28  atomkernel.o [1]
  .near.bss          zero     0x000db5    0x22  atomkernel.o [1]
  .near.bss          zero     0x000dd7    0x19  atomkernel.o [1]
  .near.bss          zero     0x000df0    0x19  atomkernel.o [1]
  .near.bss          zero     0x000e09    0x19  atomkernel.o [1]
  .near.bss          zero     0x000e22    0x19  atomkernel.o [1]
  .near.bss          zero     0x000e3b    0x16  atomkernel.o [1]
  .near.bss          zero     0x000e51     0x5  atomkernel.o [1]
  .near.bss          zero     0x000e56     0x4  atomkernel.o [1]
  .near.bss          zero     0x000e5a     0x3  atomkernel.o [1]
  .near.bss          zero     0x000e5d     0x3  atomkernel.o [1]
  .near.bss          zero     0x000e60     0x3  atomkernel.o [1]
  .near.bss          zero     0x000e63     0x2  atomkernel.o [1]
  .near.bss          zero     0x000e65     0x2  atomkernel.o [1]
  .near.bss          zero     0x000e67     0x2  atomkernel.o [1]
  .near.bss          zero     0x000e69     0x2  atomkernel.o [1]
  .near.bss          zero     0x000e6b     0x2  atomkernel.o [1]
  .near.bss          zero     0x000e6d     0x2  atomkernel.o [1]
  .near.bss          zero     0x000e6f     0x1  atomkernel.o [1]
  .near.bss          zero     0x000e70     0x1  atomkernel.o [1]
                            - 0x000e71   0xe5f

"A2":                                    0x100
  CSTACK                      0x001700   0x100  <Block>
    CSTACK           uninit   0x001700   0x100  <Block tail>
                            - 0x001800   0x100

"A3":                                     0x80
  INTVEC                      0x008000    0x80  <Block>
    .intvec          const    0x008000    0x80  interrupt.o [4]
                            - 0x008080    0x80

"P3":                                   0x542c
  .near_func.text    ro code  0x008080  0x1e78  atomkernel.o [1]
  .near_func.text    ro code  0x009ef8   0x723  atomkernel.o [1]
  .near_func.text    ro code  0x00a61b   0x478  atomkernel.o [1]
  .near_func.text    ro code  0x00aa93   0x460  float.o [4]
  .near_func.text    ro code  0x00aef3   0x42f  xprintffull_nomb.o [4]
  .near_func.text    ro code  0x00b322   0x410  xprintffull_nomb.o [4]
  .near_func.text    ro code  0x00b732   0x385  xprintffull_nomb.o [4]
  .near_func.text    ro code  0x00bab7   0x297  long.o [4]
  .near_func.text    ro code  0x00bd4e   0x1f7  atomkernel.o [1]
  .near_func.text    ro code  0x00bf45   0x1d0  vreg_util.o [4]
  .near_func.text    ro code  0x00c115   0x171  xprintffull_nomb.o [4]
  .near_func.text    ro code  0x00c286   0x161  float_libsup.o [4]
  .near_func.text    ro code  0x00c3e7   0x100  atomkernel.o [1]
  .near_func.text    ro code  0x00c4e7    0xc0  atomkernel.o [1]
  .near_func.text    ro code  0x00c5a7    0xba  long_util.o [4]
  .near_func.text    ro code  0x00c661    0xb7  atomkernel.o [1]
  .near_func.text    ro code  0x00c718    0xb1  atomkernel.o [1]
  .near_func.text    ro code  0x00c7c9    0x9f  atomkernel.o [1]
  .near_func.text    ro code  0x00c868    0x8f  atomkernel.o [1]
  .near_func.text    ro code  0x00c8f7    0x81  atomkernel.o [1]
  .near_func.text    ro code  0x00c978    0x76  atomkernel.o [1]
  .near_func.text    ro code  0x00c9ee    0x74  atomkernel.o [1]
  .near_func.text    ro code  0x00ca62    0x69  atomkernel.o [1]
  .near_func.text    ro code  0x00cacb    0x5f  atomkernel.o [1]
  .near_func.text    ro code  0x00cb2a    0x58  atomport-asm-iar.o [1]
  .near_func.text    ro code  0x00cb82    0x44  short.o [4]
  .near_func.text    ro code  0x00cbc6    0x43  xprintffull_nomb.o [4]
  .near_func.text    ro code  0x00cc09    0x3f  xprintffull_nomb.o [4]
  .near_func.text    ro code  0x00cc48    0x3e  sprintf.o [4]
  .near.rodata       const    0x00cc86    0x3c  atomkernel.o [1]
  .near_func.text    const    0x00ccc2    0x3c  xprintffull_nomb.o [4]
  .near_func.text    ro code  0x00ccfe    0x3b  atomkernel.o [1]
  .near_func.text    ro code  0x00cd39    0x39  xprintffull_nomb.o [4]
  .near_func.text    ro code  0x00cd72    0x36  atomkernel.o [1]
  .near_func.text    ro code  0x00cda8    0x34  atomkernel.o [1]
  .near_func.text    ro code  0x00cddc    0x34  atomkernel.o [1]
  .near_func.text    ro code  0x00ce10    0x33  xprintffull_nomb.o [4]
  .near_func.text    ro code  0x00ce43    0x30  div.o [4]
  .near_func.text    ro code  0x00ce73    0x2f  xprintffull_nomb.o [4]
  .near_func.text    ro code  0x00cea2    0x2c  dc_util.o [4]
  .near_func.text    ro code  0x00cece    0x2b  putchar.o [4]
  .near.rodata       const    0x00cef9    0x28  atomkernel.o [1]
  .near_func.text    ro code  0x00cf21    0x28  init_small.o [4]
  .near_func.text    ro code  0x00cf49    0x25  memcpy.o [4]
  .near.rodata       const    0x00cf6e    0x23  atomkernel.o [1]
  .near_func.text    ro code  0x00cf91    0x23  atomkernel.o [1]
  .near_func.text    ro code  0x00cfb4    0x22  strcmp.o [4]
  .iar.init_table    const    0x00cfd6    0x12  - Linker created -
  .near_func.text    ro code  0x00cfe8    0x20  printf.o [4]
  .near.rodata       const    0x00d008    0x1e  atomkernel.o [1]
  .near_func.text    ro code  0x00d026    0x1e  init_small.o [4]
  .near.rodata       const    0x00d044    0x1c  atomkernel.o [1]
  .near.rodata       const    0x00d060    0x19  atomkernel.o [1]
  .near.rodata       const    0x00d079    0x19  atomkernel.o [1]
  .near_func.text    ro code  0x00d092    0x19  xprout.o [4]
  .near.rodata       const    0x00d0ab    0x18  atomkernel.o [1]
  .near_func.text    ro code  0x00d0c3    0x18  xprintffull_nomb.o [4]
  .near.rodata       const    0x00d0db    0x17  atomkernel.o [1]
  .near_func.text    ro code  0x00d0f2    0x17  init.o [4]
  .near.rodata       const    0x00d109    0x15  atomkernel.o [1]
  .near_func.text    ro code  0x00d11e    0x15  atomkernel.o [1]
  .near_func.text    ro code  0x00d133    0x15  memchr.o [4]
  .near_func.text    ro code  0x00d148    0x15  strchr.o [4]
  .near.rodata       const    0x00d15d    0x14  atomkernel.o [1]
  .near.rodata       const    0x00d171    0x14  atomkernel.o [1]
  .near.rodata       const    0x00d185    0x14  atomkernel.o [1]
  .near.rodata       const    0x00d199    0x14  atomkernel.o [1]
  .near_func.text    ro code  0x00d1ad    0x14  __dbg_xxexit.o [3]
  .near.rodata       const    0x00d1c1    0x13  atomkernel.o [1]
  .near.rodata       const    0x00d1d4    0x13  atomkernel.o [1]
  .near_func.text    ro code  0x00d1e7    0x13  cstartup.o [4]
  .near.rodata       const    0x00d1fa    0x12  atomkernel.o [1]
  .near.rodata       const    0x00d20c    0x12  atomkernel.o [1]
  .near_func.text    ro code  0x00d21e    0x12  strlen.o [4]
  .near.rodata       const    0x00d230    0x10  atomkernel.o [1]
  .near_func.text    ro code  0x00d240    0x10  atomkernel.o [1]
  .near.rodata       const    0x00d250     0xf  atomkernel.o [1]
  .near_func.text    ro code  0x00d25f     0xf  atomkernel.o [1]
  .near.rodata       const    0x00d26e     0xe  atomkernel.o [1]
  .near_func.text    ro code  0x00d27c     0xe  xsprout.o [4]
  .near_func.text    ro code  0x00d28a     0xd  move.o [4]
  .near.rodata       const    0x00d297     0xc  atomkernel.o [1]
  .near_func.text    ro code  0x00d2a3     0xc  atomkernel.o [1]
  .near_func.text    ro code  0x00d2af     0xc  atomkernel.o [1]
  .near_func.text    ro code  0x00d2bb     0xc  atomkernel.o [1]
  .near_func.text    ro code  0x00d2c7     0xc  xprintffull_nomb.o [4]
  .near_func.text    ro code  0x00d2d3     0xc  switch.o [4]
  .near_func.text    ro code  0x00d2df     0xb  atomkernel.o [1]
  .near_func.text    ro code  0x00d2ea     0xb  atomkernel.o [1]
  .near_func.text    ro code  0x00d2f5     0xb  xprintffull_nomb.o [4]
  .near.rodata       const    0x00d300     0xa  atomkernel.o [1]
  .near.rodata       const    0x00d30a     0xa  atomkernel.o [1]
  .near_func.text    ro code  0x00d314     0xa  xprintffull_nomb.o [4]
  .near_func.text    ro code  0x00d31e     0xa  xprintffull_nomb.o [4]
  .near_func.text    ro code  0x00d328     0xa  xprintffull_nomb.o [4]
  .near_func.text    ro code  0x00d332     0xa  xprintffull_nomb.o [4]
  .near.rodata       const    0x00d33c     0x9  atomkernel.o [1]
  .near.rodata       const    0x00d345     0x9  atomkernel.o [1]
  .near.rodata       const    0x00d34e     0x9  atomkernel.o [1]
  .near_func.text    ro code  0x00d357     0x9  atomkernel.o [1]
  .near_func.text    ro code  0x00d360     0x9  atomkernel.o [1]
  .near_func.text    ro code  0x00d369     0x9  atomkernel.o [1]
  .near_func.text    ro code  0x00d372     0x9  xprintffull_nomb.o [4]
  .near_func.text    ro code  0x00d37b     0x9  xprintffull_nomb.o [4]
  .near_func.text    ro code  0x00d384     0x9  xprintffull_nomb.o [4]
  .near_func.text    ro code  0x00d38d     0x9  xprintffull_nomb.o [4]
  .near_func.text    ro code  0x00d396     0x9  xprintffull_nomb.o [4]
  .near_func.text    ro code  0x00d39f     0x9  xprintffull_nomb.o [4]
  .near_func.text    ro code  0x00d3a8     0x8  atomkernel.o [1]
  .near_func.text    ro code  0x00d3b0     0x8  xprintffull_nomb.o [4]
  .near_func.text    ro code  0x00d3b8     0x8  xprintffull_nomb.o [4]
  .near_func.text    ro code  0x00d3c0     0x8  xprintffull_nomb.o [4]
  .near_func.text    ro code  0x00d3c8     0x8  xprintffull_nomb.o [4]
  .near.rodata       const    0x00d3d0     0x7  atomkernel.o [1]
  .near.rodata       const    0x00d3d7     0x7  xprintffull_nomb.o [4]
  .near_func.text    ro code  0x00d3de     0x7  atomkernel.o [1]
  .near_func.text    ro code  0x00d3e5     0x7  atomkernel.o [1]
  .near_func.text    ro code  0x00d3ec     0x7  atomkernel.o [1]
  .near_func.text    ro code  0x00d3f3     0x7  atomkernel.o [1]
  .near_func.text    ro code  0x00d3fa     0x7  xprintffull_nomb.o [4]
  .near_func.text    ro code  0x00d401     0x7  xprintffull_nomb.o [4]
  .near_func.text    ro code  0x00d408     0x7  xprintffull_nomb.o [4]
  .near_func.text    ro code  0x00d40f     0x7  xprintffull_nomb.o [4]
  .near.rodata       const    0x00d416     0x6  atomkernel.o [1]
  .near_func.text    ro code  0x00d41c     0x6  atomkernel.o [1]
  .near_func.text    ro code  0x00d422     0x6  atomkernel.o [1]
  .near_func.text    ro code  0x00d428     0x6  atomkernel.o [1]
  .near_func.text    ro code  0x00d42e     0x6  atomkernel.o [1]
  .near_func.text    ro code  0x00d434     0x6  atomkernel.o [1]
  .near_func.text    ro code  0x00d43a     0x6  atomkernel.o [1]
  .near_func.text    ro code  0x00d440     0x6  atomkernel.o [1]
  .near_func.text    ro code  0x00d446     0x6  atomkernel.o [1]
  .near_func.text    ro code  0x00d44c     0x6  xprintffull_nomb.o [4]
  .near_func.text    ro code  0x00d452     0x6  xprintffull_nomb.o [4]
  .near_func.text    ro code  0x00d458     0x6  xprintffull_nomb.o [4]
  .near.rodata       const    0x00d45e     0x5  atomkernel.o [1]
  .near_func.text    ro code  0x00d463     0x5  atomkernel.o [1]
  .near_func.text    ro code  0x00d468     0x5  atomkernel.o [1]
  .near_func.text    ro code  0x00d46d     0x5  xprintffull_nomb.o [4]
  .near_func.text    ro code  0x00d472     0x5  cexit.o [4]
  .near.rodata       const    0x00d477     0x4  atomkernel.o [1]
  .near.rodata       const    0x00d47b     0x4  atomkernel.o [1]
  .near.rodata       const    0x00d47f     0x4  atomkernel.o [1]
  .near.rodata       const    0x00d483     0x4  xprintffull_nomb.o [4]
  .near.rodata       const    0x00d487     0x4  xprintffull_nomb.o [4]
  .near.rodata       const    0x00d48b     0x4  xprintffull_nomb.o [4]
  .near.rodata       const    0x00d48f     0x4  xprintffull_nomb.o [4]
  .near_func.text    ro code  0x00d493     0x4  atomkernel.o [1]
  .near.rodata       const    0x00d497     0x3  atomkernel.o [1]
  .near_func.text    ro code  0x00d49a     0x3  interrupt.o [4]
  .near_func.text    ro code  0x00d49d     0x3  low_level_init.o [4]
  .near_func.text    ro code  0x00d4a0     0x3  exit.o [4]
  .near_func.text    ro code  0x00d4a3     0x3  unhandled_exception.o [4]
  .near.rodata       const    0x00d4a6     0x2  xprintffull_nomb.o [4]
  .near.rodata       const    0x00d4a8     0x1  atomkernel.o [1]
  .near_func.text    ro code  0x00d4a9     0x1  __dbg_break.o [3]
  Initializer bytes  ro data  0x00d4aa     0x2  <for P2 s0>
                            - 0x00d4ac  0x542c


*******************************************************************************
*** INIT TABLE
***

          Address   Size
          -------   ----
Zero (__iar_zero_init2)
    1 destination range, total size 0xe5f:
          0x000012  0xe5f

Copy (__iar_copy_init2)
    1 source range, total size 0x2:
          0x00d4aa    0x2
    1 destination range, total size 0x2:
          0x000010    0x2



*******************************************************************************
*** MODULE SUMMARY
***

    Module                 ro code  ro data  rw data
    ------                 -------  -------  -------
E:\projects\atomthread\kelvinlawson-atomthreads-f29a33f\ports\stm8\Debug\Obj: [1]
    atomkernel.o            13 434      605    3 681
    atomport-asm-iar.o          88
    ------------------------------------------------
    Total:                  13 522      605    3 681

command line: [2]
    ------------------------------------------------
    Total:

dbgstm8smd.a: [3]
    __dbg_break.o                1
    __dbg_xxexit.o              20
    ------------------------------------------------
    Total:                      21

dlstm8smn.a: [4]
    cexit.o                      5
    cstartup.o                  19
    dc_util.o                   44
    div.o                       48
    exit.o                       3
    float.o                  1 120
    float_libsup.o             353
    init.o                      23
    init_small.o                70
    interrupt.o                  3      128
    long.o                     663
    long_util.o                186
    low_level_init.o             3
    memchr.o                    21
    memcpy.o                    37
    move.o                      13
    printf.o                    32
    putchar.o                   43
    short.o                     68
    sprintf.o                   62
    strchr.o                    21
    strcmp.o                    34
    strlen.o                    18
    switch.o                    12
    unhandled_exception.o        3
    vreg_util.o                464
    vregs.o                                       16
    xprintffull_nomb.o       3 890       85
    xprout.o                    25
    xsprout.o                   14
    ------------------------------------------------
    Total:                   7 297      213       16

    Linker created                       18      256
----------------------------------------------------
    Grand Total:            20 840      836    3 953


*******************************************************************************
*** ENTRY LIST
***

Entry                    Address   Size  Type      Object
-----                    -------   ----  ----      ------
?add32_l0_l0_0x         0x00bb0f         Code  Gb  long.o [4]
?add32_l0_l0_dl         0x00bb07         Code  Gb  long.o [4]
?add32_l0_l0_l1         0x00bb0c         Code  Gb  long.o [4]
?and32_l0_l0_0x         0x00bcc4         Code  Gb  long.o [4]
?and32_l0_l0_l1         0x00bcc1         Code  Gb  long.o [4]
?b0                     0x000000         Data  Gb  vregs.o [4]
?b1                     0x000001         Data  Gb  vregs.o [4]
?b10                    0x00000a         Data  Gb  vregs.o [4]
?b11                    0x00000b         Data  Gb  vregs.o [4]
?b12                    0x00000c         Data  Gb  vregs.o [4]
?b13                    0x00000d         Data  Gb  vregs.o [4]
?b14                    0x00000e         Data  Gb  vregs.o [4]
?b15                    0x00000f         Data  Gb  vregs.o [4]
?b2                     0x000002         Data  Gb  vregs.o [4]
?b3                     0x000003         Data  Gb  vregs.o [4]
?b4                     0x000004         Data  Gb  vregs.o [4]
?b5                     0x000005         Data  Gb  vregs.o [4]
?b6                     0x000006         Data  Gb  vregs.o [4]
?b7                     0x000007         Data  Gb  vregs.o [4]
?b8                     0x000008         Data  Gb  vregs.o [4]
?b9                     0x000009         Data  Gb  vregs.o [4]
?dc32_l0                0x00cea9         Code  Gb  dc_util.o [4]
?dc32_l1                0x00ceb6         Code  Gb  dc_util.o [4]
?dc32_px                0x00cec3         Code  Gb  dc_util.o [4]
?dc8_px                 0x00cea2         Code  Gb  dc_util.o [4]
?dec32_0x_0x            0x00baf3         Code  Gb  long.o [4]
?dec32_l0_l0            0x00badf         Code  Gb  long.o [4]
?dec32_l1_l1            0x00bae4         Code  Gb  long.o [4]
?dec32_l2_l2            0x00bae9         Code  Gb  long.o [4]
?dec32_l3_l3            0x00baee         Code  Gb  long.o [4]
?e0                     0x000001         Data  Gb  vregs.o [4]
?e1                     0x000005         Data  Gb  vregs.o [4]
?e2                     0x000009         Data  Gb  vregs.o [4]
?e3                     0x00000d         Data  Gb  vregs.o [4]
?epilogue_l2            0x00c000         Code  Gb  vreg_util.o [4]
?epilogue_l2_l3         0x00bffd         Code  Gb  vreg_util.o [4]
?epilogue_l2_w6         0x00c004         Code  Gb  vreg_util.o [4]
?epilogue_w4            0x00c00b         Code  Gb  vreg_util.o [4]
?fadd32_l0_l0_l1        0x00aab6         Code  Gb  float.o [4]
?fcastf32s32_l0_l0      0x00adae         Code  Gb  float.o [4]
?fcastf32u32_l0_l0      0x00adb9         Code  Gb  float.o [4]
?fcasts32f32_l0_l0      0x00ad4d         Code  Gb  float.o [4]
?fcastu32f32_l0_l0      0x00ad36         Code  Gb  float.o [4]
?fcmpge32_c_l0_0x       0x00acd7         Code  Gb  float.o [4]
?fcmpge32_c_l0_dc32     0x00acd2         Code  Gb  float.o [4]
?fcmplt32_c_l0_0x       0x00ace0         Code  Gb  float.o [4]
?fcmplt32_c_l0_dc32     0x00acdb         Code  Gb  float.o [4]
?fdiv32_l0_l0_l1        0x00ac24         Code  Gb  float.o [4]
?fmul32_l0_l0_dc32      0x00ab84         Code  Gb  float.o [4]
?fmul32_l0_l0_l1        0x00ab89         Code  Gb  float.o [4]
?fsub32_l0_l0_l1        0x00aab0         Code  Gb  float.o [4]
?inc32_0x_0x            0x00bad1         Code  Gb  long.o [4]
?inc32_l0_l0            0x00bac7         Code  Gb  long.o [4]
?inc32_l2_l2            0x00bacc         Code  Gb  long.o [4]
?l0                     0x000000         Data  Gb  vregs.o [4]
?l1                     0x000004         Data  Gb  vregs.o [4]
?l2                     0x000008         Data  Gb  vregs.o [4]
?l3                     0x00000c         Data  Gb  vregs.o [4]
?load32_0x_l0           0x00c618         Code  Gb  long_util.o [4]
?load32_0x_l1           0x00c626         Code  Gb  long_util.o [4]
?load32_0x_l2           0x00c645         Code  Gb  long_util.o [4]
?load32_0x_l3           0x00c653         Code  Gb  long_util.o [4]
?load32_asp_l0          0x00c60c         Code  Gb  long_util.o [4]
?load32_asp_l2          0x00c639         Code  Gb  long_util.o [4]
?load32_dbsp_l0         0x00c607         Code  Gb  long_util.o [4]
?load32_dbsp_l2         0x00c634         Code  Gb  long_util.o [4]
?load32_l0_0x           0x00c5b7         Code  Gb  long_util.o [4]
?load32_l0_asp          0x00c5ac         Code  Gb  long_util.o [4]
?load32_l0_dbsp         0x00c5a7         Code  Gb  long_util.o [4]
?load32_l0_xsp          0x00c5ae         Code  Gb  long_util.o [4]
?load32_l1_0x           0x00c5d3         Code  Gb  long_util.o [4]
?load32_l1_asp          0x00c5c8         Code  Gb  long_util.o [4]
?load32_l1_dbsp         0x00c5c3         Code  Gb  long_util.o [4]
?load32_l1_xsp          0x00c5ca         Code  Gb  long_util.o [4]
?load32_l2_0x           0x00c5df         Code  Gb  long_util.o [4]
?load32_l3_0x           0x00c5fb         Code  Gb  long_util.o [4]
?load32_l3_asp          0x00c5f0         Code  Gb  long_util.o [4]
?load32_l3_dbsp         0x00c5eb         Code  Gb  long_util.o [4]
?load32_l3_xsp          0x00c5f2         Code  Gb  long_util.o [4]
?load32_xsp_l0          0x00c60e         Code  Gb  long_util.o [4]
?load32_xsp_l2          0x00c63b         Code  Gb  long_util.o [4]
?mov_e0_e1              0x00c089         Code  Gb  vreg_util.o [4]
?mov_e0_e2              0x00c096         Code  Gb  vreg_util.o [4]
?mov_e0_e3              0x00c0a3         Code  Gb  vreg_util.o [4]
?mov_e1_e0              0x00c0b0         Code  Gb  vreg_util.o [4]
?mov_e1_e2              0x00c0bd         Code  Gb  vreg_util.o [4]
?mov_e1_e3              0x00c0ca         Code  Gb  vreg_util.o [4]
?mov_e2_e0              0x00c0d7         Code  Gb  vreg_util.o [4]
?mov_e2_e1              0x00c0e4         Code  Gb  vreg_util.o [4]
?mov_e2_e3              0x00c0f1         Code  Gb  vreg_util.o [4]
?mov_e3_e0              0x00c0fe         Code  Gb  vreg_util.o [4]
?mov_e3_e2              0x00c10b         Code  Gb  vreg_util.o [4]
?mov_l0_l1              0x00c086         Code  Gb  vreg_util.o [4]
?mov_l0_l2              0x00c093         Code  Gb  vreg_util.o [4]
?mov_l0_l3              0x00c0a0         Code  Gb  vreg_util.o [4]
?mov_l1_l0              0x00c0ad         Code  Gb  vreg_util.o [4]
?mov_l1_l2              0x00c0ba         Code  Gb  vreg_util.o [4]
?mov_l1_l3              0x00c0c7         Code  Gb  vreg_util.o [4]
?mov_l2_l0              0x00c0d4         Code  Gb  vreg_util.o [4]
?mov_l2_l1              0x00c0e1         Code  Gb  vreg_util.o [4]
?mov_l2_l3              0x00c0ee         Code  Gb  vreg_util.o [4]
?mov_l3_l0              0x00c0fb         Code  Gb  vreg_util.o [4]
?mov_l3_l2              0x00c108         Code  Gb  vreg_util.o [4]
?mov_w0_w2              0x00c00f         Code  Gb  vreg_util.o [4]
?mov_w0_w3              0x00c016         Code  Gb  vreg_util.o [4]
?mov_w0_w4              0x00c01d         Code  Gb  vreg_util.o [4]
?mov_w0_w5              0x00c024         Code  Gb  vreg_util.o [4]
?mov_w1_w0              0x00c02b         Code  Gb  vreg_util.o [4]
?mov_w1_w2              0x00c032         Code  Gb  vreg_util.o [4]
?mov_w1_w3              0x00c08c         Code  Gb  vreg_util.o [4]
?mov_w1_w4              0x00c039         Code  Gb  vreg_util.o [4]
?mov_w1_w5              0x00c099         Code  Gb  vreg_util.o [4]
?mov_w1_w7              0x00c0a6         Code  Gb  vreg_util.o [4]
?mov_w2_w0              0x00c040         Code  Gb  vreg_util.o [4]
?mov_w2_w1              0x00c047         Code  Gb  vreg_util.o [4]
?mov_w2_w5              0x00c04e         Code  Gb  vreg_util.o [4]
?mov_w3_w1              0x00c0b3         Code  Gb  vreg_util.o [4]
?mov_w3_w2              0x00c055         Code  Gb  vreg_util.o [4]
?mov_w3_w5              0x00c0c0         Code  Gb  vreg_util.o [4]
?mov_w3_w7              0x00c0cd         Code  Gb  vreg_util.o [4]
?mov_w4_w0              0x00c05c         Code  Gb  vreg_util.o [4]
?mov_w4_w1              0x00c063         Code  Gb  vreg_util.o [4]
?mov_w4_w7              0x00c06a         Code  Gb  vreg_util.o [4]
?mov_w5_w0              0x00c071         Code  Gb  vreg_util.o [4]
?mov_w5_w1              0x00c0da         Code  Gb  vreg_util.o [4]
?mov_w5_w3              0x00c0e7         Code  Gb  vreg_util.o [4]
?mov_w5_w6              0x00c078         Code  Gb  vreg_util.o [4]
?mov_w5_w7              0x00c0f4         Code  Gb  vreg_util.o [4]
?mov_w6_w1              0x00c07f         Code  Gb  vreg_util.o [4]
?mov_w7_w1              0x00c101         Code  Gb  vreg_util.o [4]
?mov_w7_w5              0x00c10e         Code  Gb  vreg_util.o [4]
?move1616_v_x_y_a       0x00d28a         Code  Gb  move.o [4]
?mul16_x_x_w0           0x00cb82         Code  Gb  short.o [4]
?mul32_l0_l0_0x         0x00bb45         Code  Gb  long.o [4]
?mul32_l0_l0_dl         0x00bb42         Code  Gb  long.o [4]
?mul32_l0_l0_l1         0x00bb4e         Code  Gb  long.o [4]
?neg32_l0_l0            0x00bab7         Code  Gb  long.o [4]
?or32_l0_l0_0x          0x00bcdf         Code  Gb  long.o [4]
?or32_l0_l0_l1          0x00bcdc         Code  Gb  long.o [4]
?pop_l0                 0x00bfc9         Code  Gb  vreg_util.o [4]
?pop_l1                 0x00bfd4         Code  Gb  vreg_util.o [4]
?pop_l2                 0x00bfdf         Code  Gb  vreg_util.o [4]
?pop_l3                 0x00bfea         Code  Gb  vreg_util.o [4]
?pop_w4                 0x00bf7b         Code  Gb  vreg_util.o [4]
?pop_w6                 0x00bf82         Code  Gb  vreg_util.o [4]
?pop_w7                 0x00bf89         Code  Gb  vreg_util.o [4]
?push_l0                0x00bf98         Code  Gb  vreg_util.o [4]
?push_l1                0x00bf9d         Code  Gb  vreg_util.o [4]
?push_l2                0x00bfa2         Code  Gb  vreg_util.o [4]
?push_l3                0x00bfa7         Code  Gb  vreg_util.o [4]
?push_w0                0x00bf45         Code  Gb  vreg_util.o [4]
?push_w1                0x00bf4a         Code  Gb  vreg_util.o [4]
?push_w2                0x00bf4f         Code  Gb  vreg_util.o [4]
?push_w4                0x00bf54         Code  Gb  vreg_util.o [4]
?push_w5                0x00bf59         Code  Gb  vreg_util.o [4]
?push_w6                0x00bf5e         Code  Gb  vreg_util.o [4]
?push_w7                0x00bf63         Code  Gb  vreg_util.o [4]
?scmp32_c_l0_l1         0x00bcaa         Code  Gb  long.o [4]
?sdiv16_x_x_y           0x00cba0         Code  Gb  short.o [4]
?sdiv32_l0_l0_dl        0x00bc46         Code  Gb  long.o [4]
?sdiv32_l0_l0_l1        0x00bc49         Code  Gb  long.o [4]
?sext32_l0_a            0x00bd41         Code  Gb  long.o [4]
?sext32_l0_x            0x00bd36         Code  Gb  long.o [4]
?sll16_x_x_a            0x00cbb9         Code  Gb  short.o [4]
?sll32_0x_0x_a          0x00bcfe         Code  Gb  long.o [4]
?sll32_l0_l0_a          0x00bcfb         Code  Gb  long.o [4]
?sll32_l0_l0_db         0x00bcf7         Code  Gb  long.o [4]
?smod32_l1_l0_l1        0x00bc49         Code  Gb  long.o [4]
?sra32_0x_0x_a          0x00bd28         Code  Gb  long.o [4]
?sra32_l0_l0_a          0x00bd25         Code  Gb  long.o [4]
?sra32_l0_l0_db         0x00bd21         Code  Gb  long.o [4]
?srl16_x_x_4            0x00cbc1         Code  Gb  short.o [4]
?srl32_0x_0x_a          0x00bd13         Code  Gb  long.o [4]
?srl32_l0_l0_a          0x00bd10         Code  Gb  long.o [4]
?srl32_l0_l0_db         0x00bd0c         Code  Gb  long.o [4]
?sub32_l0_l0_0x         0x00bb2a         Code  Gb  long.o [4]
?sub32_l0_l0_l1         0x00bb27         Code  Gb  long.o [4]
?switch8vlt_0x_a_0x     0x00d2d3         Code  Gb  switch.o [4]
?ucmp32_c_l0_0x         0x00bc8f         Code  Gb  long.o [4]
?ucmp32_c_l0_l1         0x00bc9f         Code  Gb  long.o [4]
?udiv32_l0_dl_l1        0x00bbd1         Code  Gb  long.o [4]
?udiv32_l0_l0_dl        0x00bbd6         Code  Gb  long.o [4]
?udiv32_l0_l0_l1        0x00bbd9         Code  Gb  long.o [4]
?umod32_l1_l0_dl        0x00bbcc         Code  Gb  long.o [4]
?umod32_l1_l0_l1        0x00bbd9         Code  Gb  long.o [4]
?w0                     0x000000         Data  Gb  vregs.o [4]
?w1                     0x000002         Data  Gb  vregs.o [4]
?w2                     0x000004         Data  Gb  vregs.o [4]
?w3                     0x000006         Data  Gb  vregs.o [4]
?w4                     0x000008         Data  Gb  vregs.o [4]
?w5                     0x00000a         Data  Gb  vregs.o [4]
?w6                     0x00000c         Data  Gb  vregs.o [4]
?w7                     0x00000e         Data  Gb  vregs.o [4]
CLK_GetClockFreq        0x00cd72   0x36  Code  Gb  atomkernel.o [1]
CLK_HSIPrescalerConfig  0x00d2bb    0xc  Code  Gb  atomkernel.o [1]
CMDList                 0x00cef9   0x28  Data  Gb  atomkernel.o [1]
CSTACK$$Base            0x001700          --   Gb  - Linker created -
CSTACK$$Limit           0x001800          --   Gb  - Linker created -
HSIDivFactor            0x00d477    0x4  Data  Gb  atomkernel.o [1]
INTVEC$$Base            0x008000          --   Gb  - Linker created -
INTVEC$$Limit           0x008080          --   Gb  - Linker created -
LoadInt                 0x00cc09   0x3f  Code  Lc  xprintffull_nomb.o [4]
Region$$Table$$Base     0x00cfd6          --   Gb  - Linker created -
Region$$Table$$Limit    0x00cfe8          --   Gb  - Linker created -
TIM1_DeInit             0x00c868   0x8f  Code  Gb  atomkernel.o [1]
TIM1_SystemTickISR      0x009f96   0x22  Code  Gb  atomkernel.o [1]
UART3_DeInit            0x00cf91   0x23  Code  Gb  atomkernel.o [1]
UART3_GetITStatus       0x00cacb   0x5f  Code  Gb  atomkernel.o [1]
UART3_Init              0x00c661   0xb7  Code  Gb  atomkernel.o [1]
UART3_RX_IRQHandler     0x00c8f7   0x81  Code  Gb  atomkernel.o [1]
_GenldFullNoMb          0x00b732  0x385  Code  Lc  xprintffull_nomb.o [4]
_LdtobFullNoMb          0x00aef3  0x42f  Code  Lc  xprintffull_nomb.o [4]
_LitobFullNoMb          0x00c115  0x171  Code  Lc  xprintffull_nomb.o [4]
_PrintfFullNoMb         0x00b322  0x410  Code  Gb  xprintffull_nomb.o [4]
_Prout                  0x00d092   0x19  Code  Gb  xprout.o [4]
_PutcharFullNoMb        0x00ce73   0x2f  Code  Lc  xprintffull_nomb.o [4]
_PutcharsFullNoMb       0x00ce10   0x33  Code  Lc  xprintffull_nomb.o [4]
_SProut                 0x00d27c    0xe  Code  Gb  xsprout.o [4]
__DebugBreak            0x00d4a9    0x1  Code  Gb  __dbg_break.o [3]
__exit                  0x00d1ad   0x14  Code  Gb  __dbg_xxexit.o [3]
__iar_Dnorm             0x00c286         Code  Gb  float_libsup.o [4]
__iar_Dscale            0x00c314         Code  Gb  float_libsup.o [4]
__iar_Dunscale          0x00c2c2         Code  Gb  float_libsup.o [4]
__iar_Memchr            0x00d133   0x15  Code  Gb  memchr.o [4]
__iar_Strchr            0x00d148   0x15  Code  Gb  strchr.o [4]
__iar_copy_init2        0x00cf21         Code  Gb  init_small.o [4]
__iar_data_init2        0x00d0f2   0x17  Code  Gb  init.o [4]
__iar_program_start     0x00d1e7         Code  Gb  cstartup.o [4]
__iar_unhandled_exception
                        0x00d4a3         Code  Gb  unhandled_exception.o [4]
__iar_zero_init2        0x00d026         Code  Gb  init_small.o [4]
__intvec                0x008000         Data  Gb  interrupt.o [4]
__low_level_init        0x00d49d    0x3  Code  Gb  low_level_init.o [4]
__write                 0x00ccfe   0x3b  Code  Gb  atomkernel.o [1]
_exit                   0x00d472         Code  Gb  cexit.o [4]
_interrupt_1            0x00d49a         Code  Wk  interrupt.o [4]
_interrupt_10           0x00d49a         Code  Wk  interrupt.o [4]
_interrupt_11           0x00d49a         Code  Wk  interrupt.o [4]
_interrupt_12           0x00d49a         Code  Wk  interrupt.o [4]
_interrupt_13           0x009f96         Code  Gb  atomkernel.o [1]
_interrupt_14           0x00d49a         Code  Wk  interrupt.o [4]
_interrupt_15           0x00d49a         Code  Wk  interrupt.o [4]
_interrupt_16           0x00d49a         Code  Wk  interrupt.o [4]
_interrupt_17           0x00d49a         Code  Wk  interrupt.o [4]
_interrupt_18           0x00d49a         Code  Wk  interrupt.o [4]
_interrupt_19           0x00d49a         Code  Wk  interrupt.o [4]
_interrupt_2            0x00d49a         Code  Wk  interrupt.o [4]
_interrupt_20           0x00d49a         Code  Wk  interrupt.o [4]
_interrupt_21           0x00d49a         Code  Wk  interrupt.o [4]
_interrupt_22           0x00d49a         Code  Wk  interrupt.o [4]
_interrupt_23           0x00c8f7         Code  Gb  atomkernel.o [1]
_interrupt_24           0x00d49a         Code  Wk  interrupt.o [4]
_interrupt_25           0x00d49a         Code  Wk  interrupt.o [4]
_interrupt_26           0x00d49a         Code  Wk  interrupt.o [4]
_interrupt_27           0x00d49a         Code  Wk  interrupt.o [4]
_interrupt_28           0x00d49a         Code  Wk  interrupt.o [4]
_interrupt_29           0x00d49a         Code  Wk  interrupt.o [4]
_interrupt_3            0x00d49a         Code  Wk  interrupt.o [4]
_interrupt_30           0x00d49a         Code  Wk  interrupt.o [4]
_interrupt_31           0x00d49a         Code  Wk  interrupt.o [4]
_interrupt_4            0x00d49a         Code  Wk  interrupt.o [4]
_interrupt_5            0x00d49a         Code  Wk  interrupt.o [4]
_interrupt_6            0x00d49a         Code  Wk  interrupt.o [4]
_interrupt_7            0x00d49a         Code  Wk  interrupt.o [4]
_interrupt_8            0x00d49a         Code  Wk  interrupt.o [4]
_interrupt_9            0x00d49a         Code  Wk  interrupt.o [4]
archContextSwitch       0x00cb2a         Code  Gb  atomport-asm-iar.o [1]
archFirstThreadRestore  0x00cb67         Code  Gb  atomport-asm-iar.o [1]
archInitSystemTickTimer
                        0x009fb8   0x28  Code  Gb  atomkernel.o [1]
archThreadContextInit   0x009fe0   0x1f  Code  Gb  atomkernel.o [1]
atomIntExit             0x00a3d7    0xa  Code  Gb  atomkernel.o [1]
atomMutexCreate         0x00a20a   0x1c  Code  Gb  atomkernel.o [1]
atomMutexGet            0x00a133   0xce  Code  Gb  atomkernel.o [1]
atomMutexPut            0x00a079   0x96  Code  Gb  atomkernel.o [1]
atomOSInit              0x00a3af   0x28  Code  Gb  atomkernel.o [1]
atomOSStart             0x00a399   0x16  Code  Gb  atomkernel.o [1]
atomOSStarted           0x000e6f    0x1  Data  Gb  atomkernel.o [1]
atomSched               0x00a59e   0x7d  Code  Gb  atomkernel.o [1]
atomSemCreate           0x00d240   0x10  Code  Gb  atomkernel.o [1]
atomSemGet              0x00c7c9   0x9f  Code  Gb  atomkernel.o [1]
atomSemPut              0x00aa2a   0x69  Code  Gb  atomkernel.o [1]
atomThreadCreate        0x00a44c  0x125  Code  Gb  atomkernel.o [1]
atomThreadStackCheck    0x00a3e9   0x63  Code  Gb  atomkernel.o [1]
atomTimerCancel         0x00a980   0x55  Code  Gb  atomkernel.o [1]
atomTimerDelay          0x00a8f4   0x77  Code  Gb  atomkernel.o [1]
atomTimerRegister       0x00a9d5   0x38  Code  Gb  atomkernel.o [1]
atomTimerTick           0x00a96b   0x15  Code  Gb  atomkernel.o [1]
cmdData                 0x000c66   0x5f  Data  Gb  atomkernel.o [1]
cmdParser               0x00a6c9  0x15d  Code  Gb  atomkernel.o [1]
cmdShellsem             0x000e5a    0x3  Data  Gb  atomkernel.o [1]
cmdshell_tcb            0x000df0   0x19  Data  Gb  atomkernel.o [1]
cmdshell_thread_func    0x00c4e7   0xc0  Code  Gb  atomkernel.o [1]
div                     0x00ce43   0x30  Code  Gb  div.o [4]
exit                    0x00d4a0    0x3  Code  Gb  exit.o [4]
f_close                 0x0081ae   0x21  Code  Gb  atomkernel.o [1]
f_closedir              0x0080f2   0x17  Code  Gb  atomkernel.o [1]
f_mount                 0x0089bb   0x58  Code  Gb  atomkernel.o [1]
f_open                  0x0086f5  0x289  Code  Gb  atomkernel.o [1]
f_opendir               0x00810e   0x72  Code  Gb  atomkernel.o [1]
f_read                  0x0084cd  0x1b7  Code  Gb  atomkernel.o [1]
f_readdir               0x0080b4   0x3e  Code  Gb  atomkernel.o [1]
f_sync                  0x0081cf   0x85  Code  Gb  atomkernel.o [1]
f_write                 0x00826c  0x24c  Code  Gb  atomkernel.o [1]
fileCommandData         0x000d11   0x49  Data  Gb  atomkernel.o [1]
fileCommondsem          0x000e5d    0x3  Data  Gb  atomkernel.o [1]
file_tcb                0x000e09   0x19  Data  Gb  atomkernel.o [1]
file_thread_func        0x00ca62   0x69  Code  Gb  atomkernel.o [1]
filelistHandle          0x00a61b   0x10  Code  Gb  atomkernel.o [1]
flashEraseSector        0x00be32   0x2d  Code  Gb  atomkernel.o [1]
flashReadStateCom       0x00bda9    0xc  Code  Gb  atomkernel.o [1]
flashWriteEnable        0x00bd9d    0xc  Code  Gb  atomkernel.o [1]
flashWritePage          0x00bdc9   0x4f  Code  Gb  atomkernel.o [1]
handleArg               0x00a67d   0x37  Code  Gb  atomkernel.o [1]
main                    0x00c718   0xb1  Code  Gb  atomkernel.o [1]
memcpy                  0x00cf49   0x25  Code  Gb  memcpy.o [4]
pad                     0x00cd39   0x39  Code  Lc  xprintffull_nomb.o [4]
printf                  0x00cfe8   0x20  Code  Gb  printf.o [4]
printfHello             0x00a6c3    0x6  Code  Gb  atomkernel.o [1]
putchar                 0x00cece   0x2b  Code  Gb  putchar.o [4]
rxDataBuff              0x000d5a   0x33  Data  Gb  atomkernel.o [1]
scale                   0x00cbc6   0x43  Code  Lc  xprintffull_nomb.o [4]
scan_files              0x00c9ee   0x74  Code  Gb  atomkernel.o [1]
showTaskHandle          0x00a62b   0x52  Code  Gb  atomkernel.o [1]
spiFlashBufferRead      0x00bd4e   0x4b  Code  Gb  atomkernel.o [1]
spiFlashInit            0x00beae   0x7f  Code  Gb  atomkernel.o [1]
spiFlashWriteSector     0x00be68   0x32  Code  Gb  atomkernel.o [1]
spiSendByte             0x00bf2d   0x18  Code  Gb  atomkernel.o [1]
sprintf                 0x00cc48   0x3e  Code  Gb  sprintf.o [4]
strcmp                  0x00cfb4   0x22  Code  Gb  strcmp.o [4]
strlen                  0x00d21e   0x12  Code  Gb  strlen.o [4]
taskState               0x000cc5   0x4c  Data  Gb  atomkernel.o [1]
tcbDequeueEntry         0x00a258   0x94  Code  Gb  atomkernel.o [1]
tcbDequeueHead          0x00a2ec   0x29  Code  Gb  atomkernel.o [1]
tcbDequeuePriority      0x00a226   0x32  Code  Gb  atomkernel.o [1]
tcbEnqueuePriority      0x00a31f   0x78  Code  Gb  atomkernel.o [1]
tcbReadyQ               0x000e63    0x2  Data  Gb  atomkernel.o [1]
uartProcess_tcb         0x000e22   0x19  Data  Gb  atomkernel.o [1]
uartProcess_thread_func
                        0x00c978   0x76  Code  Gb  atomkernel.o [1]
uartRxsem               0x000e60    0x3  Data  Gb  atomkernel.o [1]
uart_init               0x00cda8   0x34  Code  Gb  atomkernel.o [1]
uart_putchar            0x00cddc   0x34  Code  Gb  atomkernel.o [1]


[1] = E:\projects\atomthread\kelvinlawson-atomthreads-f29a33f\ports\stm8\Debug\Obj
[2] = command line
[3] = dbgstm8smd.a
[4] = dlstm8smn.a

  20 840 bytes of readonly  code memory
     836 bytes of readonly  data memory
   3 953 bytes of readwrite data memory

Errors: none
Warnings: none
