###############################################################################
#                                                                             #
# IAR ELF Linker V1.40.1.50106 for STM8                 21/Jul/2016  18:12:09 #
# Copyright 2010-2013 IAR Systems AB.                                         #
#                                                                             #
#    Output file  =  E:\projects\atomthread\kelvinlawson-atomthreads-f29a33f\ #
#                    ports\stm8\Debug\Exe\templproj.out                       #
#    Map file     =  E:\projects\atomthread\kelvinlawson-atomthreads-f29a33f\ #
#                    ports\stm8\Debug\List\templproj.map                      #
#    Command line =  E:\projects\atomthread\kelvinlawson-atomthreads-f29a33f\ #
#                    ports\stm8\Debug\Obj\atomkernel.o                        #
#                    E:\projects\atomthread\kelvinlawson-atomthreads-f29a33f\ #
#                    ports\stm8\Debug\Obj\atommutex.o                         #
#                    E:\projects\atomthread\kelvinlawson-atomthreads-f29a33f\ #
#                    ports\stm8\Debug\Obj\atomport-asm-iar.o                  #
#                    E:\projects\atomthread\kelvinlawson-atomthreads-f29a33f\ #
#                    ports\stm8\Debug\Obj\atomport.o                          #
#                    E:\projects\atomthread\kelvinlawson-atomthreads-f29a33f\ #
#                    ports\stm8\Debug\Obj\atomqueue.o                         #
#                    E:\projects\atomthread\kelvinlawson-atomthreads-f29a33f\ #
#                    ports\stm8\Debug\Obj\atomsem.o                           #
#                    E:\projects\atomthread\kelvinlawson-atomthreads-f29a33f\ #
#                    ports\stm8\Debug\Obj\atomtimer.o                         #
#                    E:\projects\atomthread\kelvinlawson-atomthreads-f29a33f\ #
#                    ports\stm8\Debug\Obj\sem1.o                              #
#                    E:\projects\atomthread\kelvinlawson-atomthreads-f29a33f\ #
#                    ports\stm8\Debug\Obj\spidriver.o                         #
#                    E:\projects\atomthread\kelvinlawson-atomthreads-f29a33f\ #
#                    ports\stm8\Debug\Obj\spiflash.o                          #
#                    E:\projects\atomthread\kelvinlawson-atomthreads-f29a33f\ #
#                    ports\stm8\Debug\Obj\stm8s_clk.o                         #
#                    E:\projects\atomthread\kelvinlawson-atomthreads-f29a33f\ #
#                    ports\stm8\Debug\Obj\stm8s_gpio.o                        #
#                    E:\projects\atomthread\kelvinlawson-atomthreads-f29a33f\ #
#                    ports\stm8\Debug\Obj\stm8s_itc.o                         #
#                    E:\projects\atomthread\kelvinlawson-atomthreads-f29a33f\ #
#                    ports\stm8\Debug\Obj\stm8s_spi.o                         #
#                    E:\projects\atomthread\kelvinlawson-atomthreads-f29a33f\ #
#                    ports\stm8\Debug\Obj\stm8s_tim1.o                        #
#                    E:\projects\atomthread\kelvinlawson-atomthreads-f29a33f\ #
#                    ports\stm8\Debug\Obj\stm8s_uart2.o                       #
#                    E:\projects\atomthread\kelvinlawson-atomthreads-f29a33f\ #
#                    ports\stm8\Debug\Obj\u8g_bitmap.o                        #
#                    E:\projects\atomthread\kelvinlawson-atomthreads-f29a33f\ #
#                    ports\stm8\Debug\Obj\u8g_circle.o                        #
#                    E:\projects\atomthread\kelvinlawson-atomthreads-f29a33f\ #
#                    ports\stm8\Debug\Obj\u8g_clip.o                          #
#                    E:\projects\atomthread\kelvinlawson-atomthreads-f29a33f\ #
#                    ports\stm8\Debug\Obj\u8g_com_api.o                       #
#                    E:\projects\atomthread\kelvinlawson-atomthreads-f29a33f\ #
#                    ports\stm8\Debug\Obj\u8g_com_api_16gr.o                  #
#                    E:\projects\atomthread\kelvinlawson-atomthreads-f29a33f\ #
#                    ports\stm8\Debug\Obj\u8g_com_i2c.o                       #
#                    E:\projects\atomthread\kelvinlawson-atomthreads-f29a33f\ #
#                    ports\stm8\Debug\Obj\u8g_com_io.o                        #
#                    E:\projects\atomthread\kelvinlawson-atomthreads-f29a33f\ #
#                    ports\stm8\Debug\Obj\u8g_com_null.o                      #
#                    E:\projects\atomthread\kelvinlawson-atomthreads-f29a33f\ #
#                    ports\stm8\Debug\Obj\u8g_cursor.o                        #
#                    E:\projects\atomthread\kelvinlawson-atomthreads-f29a33f\ #
#                    ports\stm8\Debug\Obj\u8g_delay.o                         #
#                    E:\projects\atomthread\kelvinlawson-atomthreads-f29a33f\ #
#                    ports\stm8\Debug\Obj\u8g_dev_a2_micro_printer.o          #
#                    E:\projects\atomthread\kelvinlawson-atomthreads-f29a33f\ #
#                    ports\stm8\Debug\Obj\u8g_dev_flipdisc_2x7.o              #
#                    E:\projects\atomthread\kelvinlawson-atomthreads-f29a33f\ #
#                    ports\stm8\Debug\Obj\u8g_dev_gprof.o                     #
#                    E:\projects\atomthread\kelvinlawson-atomthreads-f29a33f\ #
#                    ports\stm8\Debug\Obj\u8g_dev_null.o                      #
#                    E:\projects\atomthread\kelvinlawson-atomthreads-f29a33f\ #
#                    ports\stm8\Debug\Obj\u8g_dev_uc1701_mini12864.o          #
#                    E:\projects\atomthread\kelvinlawson-atomthreads-f29a33f\ #
#                    ports\stm8\Debug\Obj\u8g_ellipse.o                       #
#                    E:\projects\atomthread\kelvinlawson-atomthreads-f29a33f\ #
#                    ports\stm8\Debug\Obj\u8g_font.o                          #
#                    E:\projects\atomthread\kelvinlawson-atomthreads-f29a33f\ #
#                    ports\stm8\Debug\Obj\u8g_font_data.o                     #
#                    E:\projects\atomthread\kelvinlawson-atomthreads-f29a33f\ #
#                    ports\stm8\Debug\Obj\u8g_line.o                          #
#                    E:\projects\atomthread\kelvinlawson-atomthreads-f29a33f\ #
#                    ports\stm8\Debug\Obj\u8g_ll_api.o                        #
#                    E:\projects\atomthread\kelvinlawson-atomthreads-f29a33f\ #
#                    ports\stm8\Debug\Obj\u8g_page.o                          #
#                    E:\projects\atomthread\kelvinlawson-atomthreads-f29a33f\ #
#                    ports\stm8\Debug\Obj\u8g_pb.o                            #
#                    E:\projects\atomthread\kelvinlawson-atomthreads-f29a33f\ #
#                    ports\stm8\Debug\Obj\u8g_pb14v1.o                        #
#                    E:\projects\atomthread\kelvinlawson-atomthreads-f29a33f\ #
#                    ports\stm8\Debug\Obj\u8g_pb16h1.o                        #
#                    E:\projects\atomthread\kelvinlawson-atomthreads-f29a33f\ #
#                    ports\stm8\Debug\Obj\u8g_pb16h2.o                        #
#                    E:\projects\atomthread\kelvinlawson-atomthreads-f29a33f\ #
#                    ports\stm8\Debug\Obj\u8g_pb16v1.o                        #
#                    E:\projects\atomthread\kelvinlawson-atomthreads-f29a33f\ #
#                    ports\stm8\Debug\Obj\u8g_pb16v2.o                        #
#                    E:\projects\atomthread\kelvinlawson-atomthreads-f29a33f\ #
#                    ports\stm8\Debug\Obj\u8g_pb32h1.o                        #
#                    E:\projects\atomthread\kelvinlawson-atomthreads-f29a33f\ #
#                    ports\stm8\Debug\Obj\u8g_pb8h1.o                         #
#                    E:\projects\atomthread\kelvinlawson-atomthreads-f29a33f\ #
#                    ports\stm8\Debug\Obj\u8g_pb8h1f.o                        #
#                    E:\projects\atomthread\kelvinlawson-atomthreads-f29a33f\ #
#                    ports\stm8\Debug\Obj\u8g_pb8h2.o                         #
#                    E:\projects\atomthread\kelvinlawson-atomthreads-f29a33f\ #
#                    ports\stm8\Debug\Obj\u8g_pb8h8.o                         #
#                    E:\projects\atomthread\kelvinlawson-atomthreads-f29a33f\ #
#                    ports\stm8\Debug\Obj\u8g_pb8v1.o                         #
#                    E:\projects\atomthread\kelvinlawson-atomthreads-f29a33f\ #
#                    ports\stm8\Debug\Obj\u8g_pb8v2.o                         #
#                    E:\projects\atomthread\kelvinlawson-atomthreads-f29a33f\ #
#                    ports\stm8\Debug\Obj\u8g_pbxh16.o                        #
#                    E:\projects\atomthread\kelvinlawson-atomthreads-f29a33f\ #
#                    ports\stm8\Debug\Obj\u8g_pbxh24.o                        #
#                    E:\projects\atomthread\kelvinlawson-atomthreads-f29a33f\ #
#                    ports\stm8\Debug\Obj\u8g_rect.o                          #
#                    E:\projects\atomthread\kelvinlawson-atomthreads-f29a33f\ #
#                    ports\stm8\Debug\Obj\u8g_rot.o                           #
#                    E:\projects\atomthread\kelvinlawson-atomthreads-f29a33f\ #
#                    ports\stm8\Debug\Obj\u8g_scale.o                         #
#                    E:\projects\atomthread\kelvinlawson-atomthreads-f29a33f\ #
#                    ports\stm8\Debug\Obj\u8g_state.o                         #
#                    E:\projects\atomthread\kelvinlawson-atomthreads-f29a33f\ #
#                    ports\stm8\Debug\Obj\u8g_stm8s.o                         #
#                    E:\projects\atomthread\kelvinlawson-atomthreads-f29a33f\ #
#                    ports\stm8\Debug\Obj\u8g_u16toa.o                        #
#                    E:\projects\atomthread\kelvinlawson-atomthreads-f29a33f\ #
#                    ports\stm8\Debug\Obj\u8g_u8toa.o                         #
#                    E:\projects\atomthread\kelvinlawson-atomthreads-f29a33f\ #
#                    ports\stm8\Debug\Obj\u8g_virtual_screen.o                #
#                    E:\projects\atomthread\kelvinlawson-atomthreads-f29a33f\ #
#                    ports\stm8\Debug\Obj\u8glib-main.o                       #
#                    E:\projects\atomthread\kelvinlawson-atomthreads-f29a33f\ #
#                    ports\stm8\Debug\Obj\uart.o --redirect                   #
#                    _Printf=_PrintfFullNoMb --redirect                       #
#                    _Scanf=_ScanfFullNoMb -o E:\projects\atomthread\kelvinla #
#                    wson-atomthreads-f29a33f\ports\stm8\Debug\Exe\templproj. #
#                    out --map E:\projects\atomthread\kelvinlawson-atomthread #
#                    s-f29a33f\ports\stm8\Debug\List\templproj.map --config   #
#                    "E:\Program Files (x86)\IAR Systems\Embedded Workbench   #
#                    6.5\stm8\config\lnkstm8s007c8.icf" --config_def          #
#                    _CSTACK_SIZE=0x100 --config_def _HEAP_SIZE=0x100         #
#                    --entry __iar_program_start --debug_lib                  #
#                                                                             #
#                                                                             #
###############################################################################

*******************************************************************************
*** RUNTIME MODEL ATTRIBUTES
***

__SystemLibrary            = DLib
__code_model               = small
__core                     = stm8
__data_model               = medium
__dlib_file_descriptor     = 0
__dlib_full_locale_support = 0
__rt_version               = 4


*******************************************************************************
*** PLACEMENT SUMMARY
***

"A1":  place at start of [0x000000-0x0000ff] { rw section .vregs };
"A2":  place at end of [0x000000-0x0017ff] { block CSTACK };
"P2":  place in [from 0x000000 to 0x0017ff] {
          block HEAP, rw section .far.bss, rw section .far.data,
          rw section .far.noinit, rw section .far_func.textrw,
          rw section .huge.bss, rw section .huge.data, rw section .huge.noinit,
          rw section .huge_func.textrw, rw section .iar.dynexit,
          rw section .near.bss, rw section .near.data, rw section .near.noinit,
          rw section .near_func.textrw };
"A3":  place at start of [0x008000-0x00ffff] { block INTVEC };
"P3":  place in [from 0x008000 to 0x00ffff] {
          ro section .far.data_init, ro section .far_func.textrw_init,
          ro section .huge.data_init, ro section .huge_func.textrw_init,
          ro section .iar.init_table, ro section .init_array,
          ro section .near.data_init, ro section .near.rodata,
          ro section .near_func.text, ro section .near_func.textrw_init,
          ro section .tiny.data_init, ro section .tiny.rodata_init };

  Section            Kind      Address    Size  Object
  -------            ----      -------    ----  ------
"A1":                                     0x10
  .vregs             uninit   0x000000    0x10  vregs.o [4]
                            - 0x000010    0x10

"P2", part 1 of 2:                         0xe
  P2 s0                       0x000010     0xe  <Init block>
    .near.data       inited   0x000010     0x8  atomkernel.o [1]
    .near.data       inited   0x000018     0x6  atomkernel.o [1]
                            - 0x00001e     0xe

"P2", part 2 of 2:                       0x74e
  .near.bss          zero     0x00001e   0x400  atomkernel.o [1]
  .near.bss          zero     0x00041e   0x1f4  atomkernel.o [1]
  .near.bss          zero     0x000612    0x80  atomkernel.o [1]
  .near.bss          zero     0x000692    0x80  atomkernel.o [1]
  .near.bss          zero     0x000712    0x18  atomkernel.o [1]
  .near.bss          zero     0x00072a    0x18  atomkernel.o [1]
  .near.bss          zero     0x000742    0x18  atomkernel.o [1]
  .near.bss          zero     0x00075a     0x5  atomkernel.o [1]
  .near.bss          zero     0x00075f     0x4  atomkernel.o [1]
  .near.bss          zero     0x000763     0x2  atomkernel.o [1]
  .near.bss          zero     0x000765     0x2  atomkernel.o [1]
  .near.bss          zero     0x000767     0x2  atomkernel.o [1]
  .near.bss          zero     0x000769     0x2  atomkernel.o [1]
  .near.bss          zero     0x00076b     0x1  atomkernel.o [1]
                            - 0x00076c   0x74e

"A2":                                    0x100
  CSTACK                      0x001700   0x100  <Block>
    CSTACK           uninit   0x001700   0x100  <Block tail>
                            - 0x001800   0x100

"A3":                                     0x80
  INTVEC                      0x008000    0x80  <Block>
    .intvec          const    0x008000    0x80  interrupt.o [4]
                            - 0x008080    0x80

"P3":                                   0x541c
  .near.rodata       const    0x008080  0x1dd5  atomkernel.o [1]
  .near_func.text    ro code  0x009e55   0xd69  atomkernel.o [1]
  .near_func.text    ro code  0x00abbe   0x637  atomkernel.o [1]
  .near_func.text    ro code  0x00b1f5   0x460  float.o [4]
  .near_func.text    ro code  0x00b655   0x42f  xprintffull_nomb.o [4]
  .near_func.text    ro code  0x00ba84   0x410  xprintffull_nomb.o [4]
  .near_func.text    ro code  0x00be94   0x385  xprintffull_nomb.o [4]
  .near_func.text    ro code  0x00c219   0x21d  long.o [4]
  .near_func.text    ro code  0x00c436   0x171  xprintffull_nomb.o [4]
  .near_func.text    ro code  0x00c5a7   0x16e  vreg_util.o [4]
  .near_func.text    ro code  0x00c715   0x161  float_libsup.o [4]
  .near_func.text    ro code  0x00c876   0x13b  atomkernel.o [1]
  .near_func.text    ro code  0x00c9b1    0xe1  atomkernel.o [1]
  .near_func.text    ro code  0x00ca92    0x8f  atomkernel.o [1]
  .near_func.text    ro code  0x00cb21    0x89  atomkernel.o [1]
  .near_func.text    ro code  0x00cbaa    0x80  long_util.o [4]
  .near_func.text    ro code  0x00cc2a    0x79  atomkernel.o [1]
  .near_func.text    ro code  0x00cca3    0x58  atomport-asm-iar.o [1]
  .near_func.text    ro code  0x00ccfb    0x55  atomkernel.o [1]
  .near_func.text    ro code  0x00cd50    0x45  short.o [4]
  .near_func.text    ro code  0x00cd95    0x43  xprintffull_nomb.o [4]
  .near_func.text    ro code  0x00cdd8    0x3f  xprintffull_nomb.o [4]
  .near_func.text    ro code  0x00ce17    0x3e  atomkernel.o [1]
  .near_func.text    const    0x00ce55    0x3c  xprintffull_nomb.o [4]
  .near_func.text    ro code  0x00ce91    0x3b  atomkernel.o [1]
  .near_func.text    ro code  0x00cecc    0x3b  atomkernel.o [1]
  .near_func.text    ro code  0x00cf07    0x3a  atomkernel.o [1]
  .near_func.text    ro code  0x00cf41    0x39  xprintffull_nomb.o [4]
  .near_func.text    ro code  0x00cf7a    0x34  atomkernel.o [1]
  .near_func.text    ro code  0x00cfae    0x33  atomkernel.o [1]
  .near_func.text    ro code  0x00cfe1    0x33  xprintffull_nomb.o [4]
  .near_func.text    ro code  0x00d014    0x30  div.o [4]
  .near_func.text    ro code  0x00d044    0x2f  xprintffull_nomb.o [4]
  .near_func.text    ro code  0x00d073    0x2c  dc_util.o [4]
  .near_func.text    ro code  0x00d09f    0x2b  putchar.o [4]
  .near_func.text    ro code  0x00d0ca    0x28  init_small.o [4]
  .near_func.text    ro code  0x00d0f2    0x27  atomkernel.o [1]
  .near_func.text    ro code  0x00d119    0x25  memcpy.o [4]
  .near.rodata       const    0x00d13e    0x23  atomkernel.o [1]
  .iar.init_table    const    0x00d161    0x12  - Linker created -
  .near_func.text    ro code  0x00d173    0x20  printf.o [4]
  .near_func.text    ro code  0x00d193    0x1e  init_small.o [4]
  .near_func.text    ro code  0x00d1b1    0x1d  atomkernel.o [1]
  .near_func.text    ro code  0x00d1ce    0x19  xprout.o [4]
  .near_func.text    ro code  0x00d1e7    0x18  atomkernel.o [1]
  .near_func.text    ro code  0x00d1ff    0x18  xprintffull_nomb.o [4]
  .near_func.text    ro code  0x00d217    0x17  init.o [4]
  .near_func.text    ro code  0x00d22e    0x15  atomkernel.o [1]
  .near_func.text    ro code  0x00d243    0x15  memchr.o [4]
  .near_func.text    ro code  0x00d258    0x15  strchr.o [4]
  .near_func.text    ro code  0x00d26d    0x14  __dbg_xxexit.o [3]
  .near_func.text    ro code  0x00d281    0x13  cstartup.o [4]
  .near_func.text    ro code  0x00d294    0x12  strlen.o [4]
  .near_func.text    ro code  0x00d2a6     0xd  move.o [4]
  .near.rodata       const    0x00d2b3     0xc  atomkernel.o [1]
  .near_func.text    ro code  0x00d2bf     0xc  atomkernel.o [1]
  .near_func.text    ro code  0x00d2cb     0xc  xprintffull_nomb.o [4]
  .near_func.text    ro code  0x00d2d7     0xc  switch.o [4]
  .near_func.text    ro code  0x00d2e3     0xb  xprintffull_nomb.o [4]
  .near_func.text    ro code  0x00d2ee     0xa  atomkernel.o [1]
  .near_func.text    ro code  0x00d2f8     0xa  char.o [4]
  .near_func.text    ro code  0x00d302     0xa  xprintffull_nomb.o [4]
  .near_func.text    ro code  0x00d30c     0xa  xprintffull_nomb.o [4]
  .near_func.text    ro code  0x00d316     0xa  xprintffull_nomb.o [4]
  .near_func.text    ro code  0x00d320     0xa  xprintffull_nomb.o [4]
  .near_func.text    ro code  0x00d32a     0x9  atomkernel.o [1]
  .near_func.text    ro code  0x00d333     0x9  atomkernel.o [1]
  .near_func.text    ro code  0x00d33c     0x9  atomkernel.o [1]
  .near_func.text    ro code  0x00d345     0x9  atomkernel.o [1]
  .near_func.text    ro code  0x00d34e     0x9  xprintffull_nomb.o [4]
  .near_func.text    ro code  0x00d357     0x9  xprintffull_nomb.o [4]
  .near_func.text    ro code  0x00d360     0x9  xprintffull_nomb.o [4]
  .near_func.text    ro code  0x00d369     0x9  xprintffull_nomb.o [4]
  .near_func.text    ro code  0x00d372     0x9  xprintffull_nomb.o [4]
  .near_func.text    ro code  0x00d37b     0x9  xprintffull_nomb.o [4]
  .near.rodata       const    0x00d384     0x8  atomkernel.o [1]
  .near_func.text    ro code  0x00d38c     0x8  atomkernel.o [1]
  .near_func.text    ro code  0x00d394     0x8  atomkernel.o [1]
  .near_func.text    ro code  0x00d39c     0x8  xprintffull_nomb.o [4]
  .near_func.text    ro code  0x00d3a4     0x8  xprintffull_nomb.o [4]
  .near_func.text    ro code  0x00d3ac     0x8  xprintffull_nomb.o [4]
  .near_func.text    ro code  0x00d3b4     0x8  xprintffull_nomb.o [4]
  .near.rodata       const    0x00d3bc     0x7  xprintffull_nomb.o [4]
  .near_func.text    ro code  0x00d3c3     0x7  atomkernel.o [1]
  .near_func.text    ro code  0x00d3ca     0x7  atomkernel.o [1]
  .near_func.text    ro code  0x00d3d1     0x7  atomkernel.o [1]
  .near_func.text    ro code  0x00d3d8     0x7  atomkernel.o [1]
  .near_func.text    ro code  0x00d3df     0x7  atomkernel.o [1]
  .near_func.text    ro code  0x00d3e6     0x7  atomkernel.o [1]
  .near_func.text    ro code  0x00d3ed     0x7  xprintffull_nomb.o [4]
  .near_func.text    ro code  0x00d3f4     0x7  xprintffull_nomb.o [4]
  .near_func.text    ro code  0x00d3fb     0x7  xprintffull_nomb.o [4]
  .near_func.text    ro code  0x00d402     0x7  xprintffull_nomb.o [4]
  .near.rodata       const    0x00d409     0x6  atomkernel.o [1]
  .near_func.text    ro code  0x00d40f     0x6  atomkernel.o [1]
  .near_func.text    ro code  0x00d415     0x6  atomkernel.o [1]
  .near_func.text    ro code  0x00d41b     0x6  atomkernel.o [1]
  .near_func.text    ro code  0x00d421     0x6  atomkernel.o [1]
  .near_func.text    ro code  0x00d427     0x6  atomkernel.o [1]
  .near_func.text    ro code  0x00d42d     0x6  atomkernel.o [1]
  .near_func.text    ro code  0x00d433     0x6  atomkernel.o [1]
  .near_func.text    ro code  0x00d439     0x6  xprintffull_nomb.o [4]
  .near_func.text    ro code  0x00d43f     0x6  xprintffull_nomb.o [4]
  .near_func.text    ro code  0x00d445     0x6  xprintffull_nomb.o [4]
  .near_func.text    ro code  0x00d44b     0x5  atomkernel.o [1]
  .near_func.text    ro code  0x00d450     0x5  atomkernel.o [1]
  .near_func.text    ro code  0x00d455     0x5  xprintffull_nomb.o [4]
  .near_func.text    ro code  0x00d45a     0x5  cexit.o [4]
  .near.rodata       const    0x00d45f     0x4  atomkernel.o [1]
  .near.rodata       const    0x00d463     0x4  xprintffull_nomb.o [4]
  .near.rodata       const    0x00d467     0x4  xprintffull_nomb.o [4]
  .near.rodata       const    0x00d46b     0x4  xprintffull_nomb.o [4]
  .near.rodata       const    0x00d46f     0x4  xprintffull_nomb.o [4]
  .near_func.text    ro code  0x00d473     0x4  atomkernel.o [1]
  .near_func.text    ro code  0x00d477     0x4  atomkernel.o [1]
  .near_func.text    ro code  0x00d47b     0x4  atomkernel.o [1]
  .near_func.text    ro code  0x00d47f     0x3  interrupt.o [4]
  .near_func.text    ro code  0x00d482     0x3  low_level_init.o [4]
  .near_func.text    ro code  0x00d485     0x3  exit.o [4]
  .near_func.text    ro code  0x00d488     0x3  unhandled_exception.o [4]
  .near.rodata       const    0x00d48b     0x2  xprintffull_nomb.o [4]
  .near_func.text    ro code  0x00d48d     0x1  __dbg_break.o [3]
  Initializer bytes  ro data  0x00d48e     0xe  <for P2 s0>
                            - 0x00d49c  0x541c


*******************************************************************************
*** INIT TABLE
***

          Address   Size
          -------   ----
Zero (__iar_zero_init2)
    1 destination range, total size 0x74e:
          0x00001e  0x74e

Copy (__iar_copy_init2)
    1 source range, total size 0xe:
          0x00d48e    0xe
    1 destination range, total size 0xe:
          0x000010    0xe



*******************************************************************************
*** MODULE SUMMARY
***

    Module                 ro code  ro data  rw data
    ------                 -------  -------  -------
E:\projects\atomthread\kelvinlawson-atomthreads-f29a33f\ports\stm8\Debug\Obj: [1]
    atomkernel.o             6 684    7 716    1 884
    atomport-asm-iar.o          88
    ------------------------------------------------
    Total:                   6 772    7 716    1 884

command line: [2]
    ------------------------------------------------
    Total:

dbgstm8smd.a: [3]
    __dbg_break.o                1
    __dbg_xxexit.o              20
    ------------------------------------------------
    Total:                      21

dlstm8smn.a: [4]
    cexit.o                      5
    char.o                      10
    cstartup.o                  19
    dc_util.o                   44
    div.o                       48
    exit.o                       3
    float.o                  1 120
    float_libsup.o             353
    init.o                      23
    init_small.o                70
    interrupt.o                  3      128
    long.o                     541
    long_util.o                128
    low_level_init.o             3
    memchr.o                    21
    memcpy.o                    37
    move.o                      13
    printf.o                    32
    putchar.o                   43
    short.o                     69
    strchr.o                    21
    strlen.o                    18
    switch.o                    12
    unhandled_exception.o        3
    vreg_util.o                366
    vregs.o                                       16
    xprintffull_nomb.o       3 890       85
    xprout.o                    25
    ------------------------------------------------
    Total:                   6 920      213       16

    Linker created                       18      256
----------------------------------------------------
    Grand Total:            13 713    7 947    2 156


*******************************************************************************
*** ENTRY LIST
***

Entry                    Address    Size  Type      Object
-----                    -------    ----  ----      ------
?and32_l0_l0_0x         0x00c3dc          Code  Gb  long.o [4]
?and32_l0_l0_l1         0x00c3d9          Code  Gb  long.o [4]
?b0                     0x000000          Data  Gb  vregs.o [4]
?b1                     0x000001          Data  Gb  vregs.o [4]
?b10                    0x00000a          Data  Gb  vregs.o [4]
?b11                    0x00000b          Data  Gb  vregs.o [4]
?b12                    0x00000c          Data  Gb  vregs.o [4]
?b13                    0x00000d          Data  Gb  vregs.o [4]
?b14                    0x00000e          Data  Gb  vregs.o [4]
?b15                    0x00000f          Data  Gb  vregs.o [4]
?b2                     0x000002          Data  Gb  vregs.o [4]
?b3                     0x000003          Data  Gb  vregs.o [4]
?b4                     0x000004          Data  Gb  vregs.o [4]
?b5                     0x000005          Data  Gb  vregs.o [4]
?b6                     0x000006          Data  Gb  vregs.o [4]
?b7                     0x000007          Data  Gb  vregs.o [4]
?b8                     0x000008          Data  Gb  vregs.o [4]
?b9                     0x000009          Data  Gb  vregs.o [4]
?dc32_l0                0x00d07a          Code  Gb  dc_util.o [4]
?dc32_l1                0x00d087          Code  Gb  dc_util.o [4]
?dc32_px                0x00d094          Code  Gb  dc_util.o [4]
?dc8_px                 0x00d073          Code  Gb  dc_util.o [4]
?dec32_0x_0x            0x00c246          Code  Gb  long.o [4]
?dec32_l0_l0            0x00c23c          Code  Gb  long.o [4]
?dec32_l1_l1            0x00c241          Code  Gb  long.o [4]
?e0                     0x000001          Data  Gb  vregs.o [4]
?e1                     0x000005          Data  Gb  vregs.o [4]
?e2                     0x000009          Data  Gb  vregs.o [4]
?e3                     0x00000d          Data  Gb  vregs.o [4]
?epilogue_l2            0x00c65d          Code  Gb  vreg_util.o [4]
?epilogue_l2_l3         0x00c65a          Code  Gb  vreg_util.o [4]
?epilogue_l2_w6         0x00c661          Code  Gb  vreg_util.o [4]
?epilogue_w4            0x00c668          Code  Gb  vreg_util.o [4]
?fadd32_l0_l0_l1        0x00b218          Code  Gb  float.o [4]
?fcastf32s32_l0_l0      0x00b510          Code  Gb  float.o [4]
?fcastf32u32_l0_l0      0x00b51b          Code  Gb  float.o [4]
?fcasts32f32_l0_l0      0x00b4af          Code  Gb  float.o [4]
?fcastu32f32_l0_l0      0x00b498          Code  Gb  float.o [4]
?fcmpge32_c_l0_0x       0x00b439          Code  Gb  float.o [4]
?fcmpge32_c_l0_dc32     0x00b434          Code  Gb  float.o [4]
?fcmplt32_c_l0_0x       0x00b442          Code  Gb  float.o [4]
?fcmplt32_c_l0_dc32     0x00b43d          Code  Gb  float.o [4]
?fdiv32_l0_l0_l1        0x00b386          Code  Gb  float.o [4]
?fmul32_l0_l0_dc32      0x00b2e6          Code  Gb  float.o [4]
?fmul32_l0_l0_l1        0x00b2eb          Code  Gb  float.o [4]
?fsub32_l0_l0_l1        0x00b212          Code  Gb  float.o [4]
?inc32_0x_0x            0x00c22e          Code  Gb  long.o [4]
?inc32_l0_l0            0x00c229          Code  Gb  long.o [4]
?l0                     0x000000          Data  Gb  vregs.o [4]
?l1                     0x000004          Data  Gb  vregs.o [4]
?l2                     0x000008          Data  Gb  vregs.o [4]
?l3                     0x00000c          Data  Gb  vregs.o [4]
?load32_0x_l0           0x00cbef          Code  Gb  long_util.o [4]
?load32_0x_l1           0x00cbfd          Code  Gb  long_util.o [4]
?load32_0x_l2           0x00cc1c          Code  Gb  long_util.o [4]
?load32_asp_l0          0x00cbe3          Code  Gb  long_util.o [4]
?load32_asp_l2          0x00cc10          Code  Gb  long_util.o [4]
?load32_dbsp_l0         0x00cbde          Code  Gb  long_util.o [4]
?load32_dbsp_l2         0x00cc0b          Code  Gb  long_util.o [4]
?load32_l0_0x           0x00cbba          Code  Gb  long_util.o [4]
?load32_l0_asp          0x00cbaf          Code  Gb  long_util.o [4]
?load32_l0_dbsp         0x00cbaa          Code  Gb  long_util.o [4]
?load32_l0_xsp          0x00cbb1          Code  Gb  long_util.o [4]
?load32_l1_0x           0x00cbc6          Code  Gb  long_util.o [4]
?load32_l2_0x           0x00cbd2          Code  Gb  long_util.o [4]
?load32_xsp_l0          0x00cbe5          Code  Gb  long_util.o [4]
?load32_xsp_l2          0x00cc12          Code  Gb  long_util.o [4]
?mov_e0_e1              0x00c6ca          Code  Gb  vreg_util.o [4]
?mov_e0_e2              0x00c6d7          Code  Gb  vreg_util.o [4]
?mov_e1_e0              0x00c6e4          Code  Gb  vreg_util.o [4]
?mov_e1_e2              0x00c6f1          Code  Gb  vreg_util.o [4]
?mov_e2_e0              0x00c6fe          Code  Gb  vreg_util.o [4]
?mov_e3_e0              0x00c70b          Code  Gb  vreg_util.o [4]
?mov_l0_l1              0x00c6c7          Code  Gb  vreg_util.o [4]
?mov_l0_l2              0x00c6d4          Code  Gb  vreg_util.o [4]
?mov_l1_l0              0x00c6e1          Code  Gb  vreg_util.o [4]
?mov_l1_l2              0x00c6ee          Code  Gb  vreg_util.o [4]
?mov_l2_l0              0x00c6fb          Code  Gb  vreg_util.o [4]
?mov_l3_l0              0x00c708          Code  Gb  vreg_util.o [4]
?mov_w0_w2              0x00c66c          Code  Gb  vreg_util.o [4]
?mov_w0_w4              0x00c673          Code  Gb  vreg_util.o [4]
?mov_w0_w7              0x00c67a          Code  Gb  vreg_util.o [4]
?mov_w1_w2              0x00c681          Code  Gb  vreg_util.o [4]
?mov_w1_w3              0x00c6cd          Code  Gb  vreg_util.o [4]
?mov_w1_w5              0x00c6da          Code  Gb  vreg_util.o [4]
?mov_w2_w0              0x00c688          Code  Gb  vreg_util.o [4]
?mov_w2_w1              0x00c68f          Code  Gb  vreg_util.o [4]
?mov_w2_w5              0x00c696          Code  Gb  vreg_util.o [4]
?mov_w3_w1              0x00c6e7          Code  Gb  vreg_util.o [4]
?mov_w3_w2              0x00c69d          Code  Gb  vreg_util.o [4]
?mov_w3_w5              0x00c6f4          Code  Gb  vreg_util.o [4]
?mov_w4_w0              0x00c6a4          Code  Gb  vreg_util.o [4]
?mov_w4_w1              0x00c6ab          Code  Gb  vreg_util.o [4]
?mov_w5_w0              0x00c6b2          Code  Gb  vreg_util.o [4]
?mov_w5_w1              0x00c701          Code  Gb  vreg_util.o [4]
?mov_w6_w0              0x00c6b9          Code  Gb  vreg_util.o [4]
?mov_w6_w1              0x00c6c0          Code  Gb  vreg_util.o [4]
?mov_w7_w1              0x00c70e          Code  Gb  vreg_util.o [4]
?move1616_v_x_y_a       0x00d2a6          Code  Gb  move.o [4]
?mul16_x_x_w0           0x00cd50          Code  Gb  short.o [4]
?mul32_l0_l0_0x         0x00c278          Code  Gb  long.o [4]
?mul32_l0_l0_dl         0x00c275          Code  Gb  long.o [4]
?mul32_l0_l0_l1         0x00c281          Code  Gb  long.o [4]
?neg32_l0_l0            0x00c219          Code  Gb  long.o [4]
?pop_l0                 0x00c626          Code  Gb  vreg_util.o [4]
?pop_l1                 0x00c631          Code  Gb  vreg_util.o [4]
?pop_l2                 0x00c63c          Code  Gb  vreg_util.o [4]
?pop_l3                 0x00c647          Code  Gb  vreg_util.o [4]
?pop_w4                 0x00c5d8          Code  Gb  vreg_util.o [4]
?pop_w6                 0x00c5df          Code  Gb  vreg_util.o [4]
?pop_w7                 0x00c5e6          Code  Gb  vreg_util.o [4]
?push_l0                0x00c5f5          Code  Gb  vreg_util.o [4]
?push_l1                0x00c5fa          Code  Gb  vreg_util.o [4]
?push_l2                0x00c5ff          Code  Gb  vreg_util.o [4]
?push_l3                0x00c604          Code  Gb  vreg_util.o [4]
?push_w0                0x00c5a7          Code  Gb  vreg_util.o [4]
?push_w1                0x00c5ac          Code  Gb  vreg_util.o [4]
?push_w2                0x00c5b1          Code  Gb  vreg_util.o [4]
?push_w4                0x00c5b6          Code  Gb  vreg_util.o [4]
?push_w6                0x00c5bb          Code  Gb  vreg_util.o [4]
?push_w7                0x00c5c0          Code  Gb  vreg_util.o [4]
?scmp32_c_l0_l1         0x00c3c2          Code  Gb  long.o [4]
?sdiv16_x_x_y           0x00cd6e          Code  Gb  short.o [4]
?sdiv32_l0_l0_dl        0x00c379          Code  Gb  long.o [4]
?sdiv32_l0_l0_l1        0x00c37c          Code  Gb  long.o [4]
?sext16_x_a             0x00cd8e          Code  Gb  short.o [4]
?sext32_l0_a            0x00c429          Code  Gb  long.o [4]
?sext32_l0_x            0x00c41e          Code  Gb  long.o [4]
?sll32_0x_0x_a          0x00c3fb          Code  Gb  long.o [4]
?sll32_l0_l0_a          0x00c3f8          Code  Gb  long.o [4]
?sll32_l0_l0_db         0x00c3f4          Code  Gb  long.o [4]
?sll8_a_a_b0            0x00d2f8          Code  Gb  char.o [4]
?smod32_l1_l0_l1        0x00c37c          Code  Gb  long.o [4]
?sra32_0x_0x_a          0x00c410          Code  Gb  long.o [4]
?sra32_l0_l0_a          0x00c40d          Code  Gb  long.o [4]
?sra32_l0_l0_db         0x00c409          Code  Gb  long.o [4]
?srl16_x_x_4            0x00cd89          Code  Gb  short.o [4]
?srl16_x_x_5            0x00cd88          Code  Gb  short.o [4]
?srl16_x_x_6            0x00cd87          Code  Gb  short.o [4]
?sub32_l0_l0_0x         0x00c25d          Code  Gb  long.o [4]
?sub32_l0_l0_l1         0x00c25a          Code  Gb  long.o [4]
?switch8vlt_0x_a_0x     0x00d2d7          Code  Gb  switch.o [4]
?udiv32_l0_dl_l1        0x00c304          Code  Gb  long.o [4]
?udiv32_l0_l0_dl        0x00c309          Code  Gb  long.o [4]
?udiv32_l0_l0_l1        0x00c30c          Code  Gb  long.o [4]
?umod32_l1_l0_dl        0x00c2ff          Code  Gb  long.o [4]
?umod32_l1_l0_l1        0x00c30c          Code  Gb  long.o [4]
?w0                     0x000000          Data  Gb  vregs.o [4]
?w1                     0x000002          Data  Gb  vregs.o [4]
?w2                     0x000004          Data  Gb  vregs.o [4]
?w3                     0x000006          Data  Gb  vregs.o [4]
?w4                     0x000008          Data  Gb  vregs.o [4]
?w5                     0x00000a          Data  Gb  vregs.o [4]
?w6                     0x00000c          Data  Gb  vregs.o [4]
?w7                     0x00000e          Data  Gb  vregs.o [4]
CLK_GetClockFreq        0x00cecc    0x3b  Code  Gb  atomkernel.o [1]
CSTACK$$Base            0x001700           --   Gb  - Linker created -
CSTACK$$Limit           0x001800           --   Gb  - Linker created -
HSIDivFactor            0x00d45f     0x4  Data  Gb  atomkernel.o [1]
INTVEC$$Base            0x008000           --   Gb  - Linker created -
INTVEC$$Limit           0x008080           --   Gb  - Linker created -
LoadInt                 0x00cdd8    0x3f  Code  Lc  xprintffull_nomb.o [4]
Region$$Table$$Base     0x00d161           --   Gb  - Linker created -
Region$$Table$$Limit    0x00d173           --   Gb  - Linker created -
TIM1_DeInit             0x00ca92    0x8f  Code  Gb  atomkernel.o [1]
TIM1_SystemTickISR      0x00ac50    0x2d  Code  Gb  atomkernel.o [1]
UART2_DeInit            0x00d0f2    0x27  Code  Gb  atomkernel.o [1]
UART2_Init              0x00c9b1    0xe1  Code  Gb  atomkernel.o [1]
Uart2RxdISR             0x00d3e6     0x7  Code  Gb  atomkernel.o [1]
_GenldFullNoMb          0x00be94   0x385  Code  Lc  xprintffull_nomb.o [4]
_LdtobFullNoMb          0x00b655   0x42f  Code  Lc  xprintffull_nomb.o [4]
_LitobFullNoMb          0x00c436   0x171  Code  Lc  xprintffull_nomb.o [4]
_PrintfFullNoMb         0x00ba84   0x410  Code  Gb  xprintffull_nomb.o [4]
_Prout                  0x00d1ce    0x19  Code  Gb  xprout.o [4]
_PutcharFullNoMb        0x00d044    0x2f  Code  Lc  xprintffull_nomb.o [4]
_PutcharsFullNoMb       0x00cfe1    0x33  Code  Lc  xprintffull_nomb.o [4]
__DebugBreak            0x00d48d     0x1  Code  Gb  __dbg_break.o [3]
__exit                  0x00d26d    0x14  Code  Gb  __dbg_xxexit.o [3]
__iar_Dnorm             0x00c715          Code  Gb  float_libsup.o [4]
__iar_Dscale            0x00c7a3          Code  Gb  float_libsup.o [4]
__iar_Dunscale          0x00c751          Code  Gb  float_libsup.o [4]
__iar_Memchr            0x00d243    0x15  Code  Gb  memchr.o [4]
__iar_Strchr            0x00d258    0x15  Code  Gb  strchr.o [4]
__iar_copy_init2        0x00d0ca          Code  Gb  init_small.o [4]
__iar_data_init2        0x00d217    0x17  Code  Gb  init.o [4]
__iar_program_start     0x00d281          Code  Gb  cstartup.o [4]
__iar_unhandled_exception
                        0x00d488          Code  Gb  unhandled_exception.o [4]
__iar_zero_init2        0x00d193          Code  Gb  init_small.o [4]
__intvec                0x008000          Data  Gb  interrupt.o [4]
__low_level_init        0x00d482     0x3  Code  Gb  low_level_init.o [4]
__write                 0x00cf07    0x3a  Code  Gb  atomkernel.o [1]
_exit                   0x00d45a          Code  Gb  cexit.o [4]
_interrupt_1            0x00d47f          Code  Wk  interrupt.o [4]
_interrupt_10           0x00d47f          Code  Wk  interrupt.o [4]
_interrupt_11           0x00d47f          Code  Wk  interrupt.o [4]
_interrupt_12           0x00d47f          Code  Wk  interrupt.o [4]
_interrupt_13           0x00ac50          Code  Gb  atomkernel.o [1]
_interrupt_14           0x00d47f          Code  Wk  interrupt.o [4]
_interrupt_15           0x00d47f          Code  Wk  interrupt.o [4]
_interrupt_16           0x00d47f          Code  Wk  interrupt.o [4]
_interrupt_17           0x00d47f          Code  Wk  interrupt.o [4]
_interrupt_18           0x00d47f          Code  Wk  interrupt.o [4]
_interrupt_19           0x00d47f          Code  Wk  interrupt.o [4]
_interrupt_2            0x00d47f          Code  Wk  interrupt.o [4]
_interrupt_20           0x00d47f          Code  Wk  interrupt.o [4]
_interrupt_21           0x00d3e6          Code  Gb  atomkernel.o [1]
_interrupt_22           0x00d47f          Code  Wk  interrupt.o [4]
_interrupt_23           0x00d47f          Code  Wk  interrupt.o [4]
_interrupt_24           0x00d47f          Code  Wk  interrupt.o [4]
_interrupt_25           0x00d47f          Code  Wk  interrupt.o [4]
_interrupt_26           0x00d47f          Code  Wk  interrupt.o [4]
_interrupt_27           0x00d47f          Code  Wk  interrupt.o [4]
_interrupt_28           0x00d47f          Code  Wk  interrupt.o [4]
_interrupt_29           0x00d47f          Code  Wk  interrupt.o [4]
_interrupt_3            0x00d47f          Code  Wk  interrupt.o [4]
_interrupt_30           0x00d47f          Code  Wk  interrupt.o [4]
_interrupt_31           0x00d47f          Code  Wk  interrupt.o [4]
_interrupt_4            0x00d47f          Code  Wk  interrupt.o [4]
_interrupt_5            0x00d47f          Code  Wk  interrupt.o [4]
_interrupt_6            0x00d47f          Code  Wk  interrupt.o [4]
_interrupt_7            0x00d47f          Code  Wk  interrupt.o [4]
_interrupt_8            0x00d47f          Code  Wk  interrupt.o [4]
_interrupt_9            0x00d47f          Code  Wk  interrupt.o [4]
archContextSwitch       0x00cca3          Code  Gb  atomport-asm-iar.o [1]
archFirstThreadRestore  0x00cce0          Code  Gb  atomport-asm-iar.o [1]
archInitSystemTickTimer
                        0x00ac7d    0x28  Code  Gb  atomkernel.o [1]
archThreadContextInit   0x00aca5    0x21  Code  Gb  atomkernel.o [1]
atomMutexCreate         0x00aeb3    0x1c  Code  Gb  atomkernel.o [1]
atomMutexGet            0x00ade0    0xca  Code  Gb  atomkernel.o [1]
atomMutexPut            0x00ad3c    0x91  Code  Gb  atomkernel.o [1]
atomOSInit              0x00b057    0x25  Code  Gb  atomkernel.o [1]
atomOSStart             0x00b041    0x16  Code  Gb  atomkernel.o [1]
atomOSStarted           0x00076b     0x1  Data  Gb  atomkernel.o [1]
atomSched               0x00b179    0x7c  Code  Gb  atomkernel.o [1]
atomThreadCreate        0x00b07c    0xda  Code  Gb  atomkernel.o [1]
atomTimerCancel         0x00ccfb    0x55  Code  Gb  atomkernel.o [1]
atomTimerDelay          0x00c93d    0x74  Code  Gb  atomkernel.o [1]
atomTimerRegister       0x00ce91    0x3b  Code  Gb  atomkernel.o [1]
atomTimerTick           0x00d1e7    0x18  Code  Gb  atomkernel.o [1]
div                     0x00d014    0x30  Code  Gb  div.o [4]
exit                    0x00d485     0x3  Code  Gb  exit.o [4]
main                    0x00ce17    0x3e  Code  Gb  atomkernel.o [1]
memcpy                  0x00d119    0x25  Code  Gb  memcpy.o [4]
pad                     0x00cf41    0x39  Code  Lc  xprintffull_nomb.o [4]
printf                  0x00d173    0x20  Code  Gb  printf.o [4]
putchar                 0x00d09f    0x2b  Code  Gb  putchar.o [4]
scale                   0x00cd95    0x43  Code  Lc  xprintffull_nomb.o [4]
spiSendByte             0x00cb92    0x18  Code  Gb  atomkernel.o [1]
strlen                  0x00d294    0x12  Code  Gb  strlen.o [4]
tcbDequeueEntry         0x00af05    0x94  Code  Gb  atomkernel.o [1]
tcbDequeueHead          0x00af99    0x28  Code  Gb  atomkernel.o [1]
tcbDequeuePriority      0x00aecf    0x30  Code  Gb  atomkernel.o [1]
tcbEnqueuePriority      0x00afcb    0x6b  Code  Gb  atomkernel.o [1]
tcbReadyQ               0x000763     0x2  Data  Gb  atomkernel.o [1]
u8g_Begin               0x00a36a    0x1d  Code  Gb  atomkernel.o [1]
u8g_Draw8Pixel          0x00a32e     0x6  Code  Gb  atomkernel.o [1]
u8g_Draw8PixelLL        0x00a477     0xa  Code  Gb  atomkernel.o [1]
u8g_DrawStr             0x00a677    0x1e  Code  Gb  atomkernel.o [1]
u8g_FirstPageLL         0x00a4e7    0x1d  Code  Gb  atomkernel.o [1]
u8g_GetGlyph            0x00a79f   0x102  Code  Gb  atomkernel.o [1]
u8g_GetHeightLL         0x00a44e    0x12  Code  Gb  atomkernel.o [1]
u8g_GetWidthLL          0x00a460    0x12  Code  Gb  atomkernel.o [1]
u8g_InitCom             0x00ab4f     0xd  Code  Gb  atomkernel.o [1]
u8g_InitComFn           0x00a33e    0x1f  Code  Gb  atomkernel.o [1]
u8g_InitLL              0x00a51c    0x21  Code  Gb  atomkernel.o [1]
u8g_IsBBXIntersection   0x00ab5c    0x5d  Code  Gb  atomkernel.o [1]
u8g_NextPageLL          0x00a4a6    0x37  Code  Gb  atomkernel.o [1]
u8g_SetAddress          0x00ab1b     0xd  Code  Gb  atomkernel.o [1]
u8g_SetChipSelect       0x00ab3a     0xd  Code  Gb  atomkernel.o [1]
u8g_SetFont             0x00a567    0x22  Code  Gb  atomkernel.o [1]
u8g_UpdateDimension     0x00a40b    0x3e  Code  Gb  atomkernel.o [1]
u8g_UpdateRefHeight     0x00a5a8    0x7e  Code  Gb  atomkernel.o [1]
u8g_WriteByte           0x00ab0e     0xd  Code  Gb  atomkernel.o [1]
u8g_WriteEscSeqP        0x00aa4d    0x97  Code  Gb  atomkernel.o [1]
u8g_WriteSequence       0x00aaf8     0xd  Code  Gb  atomkernel.o [1]
u8g_call_dev_fn         0x00a551     0xd  Code  Gb  atomkernel.o [1]
u8g_com_hw_spi_fn       0x009e62    0xb9  Code  Gb  atomkernel.o [1]
u8g_com_null_fn         0x00aa43     0x3  Code  Gb  atomkernel.o [1]
u8g_dev_pb8v1_base_fn   0x00a039    0x5d  Code  Gb  atomkernel.o [1]
u8g_dev_uc1701_mini12864_fn
                        0x00a971    0x72  Code  Gb  atomkernel.o [1]
u8g_dev_uc1701_mini12864_hw_spi
                        0x000018     0x6  Data  Gb  atomkernel.o [1]
u8g_dev_uc1701_mini12864_hw_spi_buf
                        0x000612    0x80  Data  Gb  atomkernel.o [1]
u8g_dev_uc1701_mini12864_hw_spi_pb
                        0x000010     0x8  Data  Gb  atomkernel.o [1]
u8g_draw_glyph          0x00a6e2    0x60  Code  Gb  atomkernel.o [1]
u8g_draw_hline          0x009fc8    0x39  Code  Gb  atomkernel.o [1]
u8g_font_calc_vref_font
                        0x00a5a6     0x2  Code  Gb  atomkernel.o [1]
u8g_font_osb18          0x008080  0x1dd5  Data  Gb  atomkernel.o [1]
u8g_page_First          0x00a30e    0x13  Code  Gb  atomkernel.o [1]
u8g_page_Next           0x00a2dc    0x32  Code  Gb  atomkernel.o [1]
u8g_pb8v1_Set8PixelOpt2
                        0x00a096    0x41  Code  Gb  atomkernel.o [1]
u8g_pb8v1_SetPixel      0x00a0d7    0x16  Code  Gb  atomkernel.o [1]
u8g_pb8v1_set_pixel     0x00a0ed    0x30  Code  Gb  atomkernel.o [1]
u8g_pb_Clear            0x00a2be     0xf  Code  Gb  atomkernel.o [1]
u8g_pb_GetPageBox       0x00a262    0x1f  Code  Gb  atomkernel.o [1]
u8g_pb_Is8PixelVisible  0x00a236    0x2c  Code  Gb  atomkernel.o [1]
u8g_pb_IsYIntersection  0x00a281    0x3d  Code  Gb  atomkernel.o [1]
u8g_pb_WriteBuffer      0x00a21f    0x17  Code  Gb  atomkernel.o [1]
u8g_state_dummy_cb      0x009fa8     0x1  Code  Gb  atomkernel.o [1]
uart_init               0x00cfae    0x33  Code  Gb  atomkernel.o [1]
uart_putchar            0x00cf7a    0x34  Code  Gb  atomkernel.o [1]


[1] = E:\projects\atomthread\kelvinlawson-atomthreads-f29a33f\ports\stm8\Debug\Obj
[2] = command line
[3] = dbgstm8smd.a
[4] = dlstm8smn.a

  13 713 bytes of readonly  code memory
   7 947 bytes of readonly  data memory
   2 156 bytes of readwrite data memory

Errors: none
Warnings: none
