###############################################################################
#                                                                             #
# IAR ELF Linker V1.40.1.50106 for STM8                 22/Jul/2016  17:51:24 #
# Copyright 2010-2013 IAR Systems AB.                                         #
#                                                                             #
#    Output file  =  E:\projects\atomthread\kelvinlawson-atomthreads-f29a33f\ #
#                    ports\stm8\Debug\Exe\templproj.out                       #
#    Map file     =  E:\projects\atomthread\kelvinlawson-atomthreads-f29a33f\ #
#                    ports\stm8\Debug\List\templproj.map                      #
#    Command line =  E:\projects\atomthread\kelvinlawson-atomthreads-f29a33f\ #
#                    ports\stm8\Debug\Obj\atomkernel.o                        #
#                    E:\projects\atomthread\kelvinlawson-atomthreads-f29a33f\ #
#                    ports\stm8\Debug\Obj\atommutex.o                         #
#                    E:\projects\atomthread\kelvinlawson-atomthreads-f29a33f\ #
#                    ports\stm8\Debug\Obj\atomport-asm-iar.o                  #
#                    E:\projects\atomthread\kelvinlawson-atomthreads-f29a33f\ #
#                    ports\stm8\Debug\Obj\atomport.o                          #
#                    E:\projects\atomthread\kelvinlawson-atomthreads-f29a33f\ #
#                    ports\stm8\Debug\Obj\atomqueue.o                         #
#                    E:\projects\atomthread\kelvinlawson-atomthreads-f29a33f\ #
#                    ports\stm8\Debug\Obj\atomsem.o                           #
#                    E:\projects\atomthread\kelvinlawson-atomthreads-f29a33f\ #
#                    ports\stm8\Debug\Obj\atomtimer.o                         #
#                    E:\projects\atomthread\kelvinlawson-atomthreads-f29a33f\ #
#                    ports\stm8\Debug\Obj\displaythread.o                     #
#                    E:\projects\atomthread\kelvinlawson-atomthreads-f29a33f\ #
#                    ports\stm8\Debug\Obj\spidriver.o                         #
#                    E:\projects\atomthread\kelvinlawson-atomthreads-f29a33f\ #
#                    ports\stm8\Debug\Obj\spiflash.o                          #
#                    E:\projects\atomthread\kelvinlawson-atomthreads-f29a33f\ #
#                    ports\stm8\Debug\Obj\stm8s_clk.o                         #
#                    E:\projects\atomthread\kelvinlawson-atomthreads-f29a33f\ #
#                    ports\stm8\Debug\Obj\stm8s_gpio.o                        #
#                    E:\projects\atomthread\kelvinlawson-atomthreads-f29a33f\ #
#                    ports\stm8\Debug\Obj\stm8s_itc.o                         #
#                    E:\projects\atomthread\kelvinlawson-atomthreads-f29a33f\ #
#                    ports\stm8\Debug\Obj\stm8s_spi.o                         #
#                    E:\projects\atomthread\kelvinlawson-atomthreads-f29a33f\ #
#                    ports\stm8\Debug\Obj\stm8s_tim1.o                        #
#                    E:\projects\atomthread\kelvinlawson-atomthreads-f29a33f\ #
#                    ports\stm8\Debug\Obj\stm8s_uart3.o                       #
#                    E:\projects\atomthread\kelvinlawson-atomthreads-f29a33f\ #
#                    ports\stm8\Debug\Obj\u8g_bitmap.o                        #
#                    E:\projects\atomthread\kelvinlawson-atomthreads-f29a33f\ #
#                    ports\stm8\Debug\Obj\u8g_circle.o                        #
#                    E:\projects\atomthread\kelvinlawson-atomthreads-f29a33f\ #
#                    ports\stm8\Debug\Obj\u8g_clip.o                          #
#                    E:\projects\atomthread\kelvinlawson-atomthreads-f29a33f\ #
#                    ports\stm8\Debug\Obj\u8g_com_api.o                       #
#                    E:\projects\atomthread\kelvinlawson-atomthreads-f29a33f\ #
#                    ports\stm8\Debug\Obj\u8g_com_api_16gr.o                  #
#                    E:\projects\atomthread\kelvinlawson-atomthreads-f29a33f\ #
#                    ports\stm8\Debug\Obj\u8g_com_i2c.o                       #
#                    E:\projects\atomthread\kelvinlawson-atomthreads-f29a33f\ #
#                    ports\stm8\Debug\Obj\u8g_com_io.o                        #
#                    E:\projects\atomthread\kelvinlawson-atomthreads-f29a33f\ #
#                    ports\stm8\Debug\Obj\u8g_com_null.o                      #
#                    E:\projects\atomthread\kelvinlawson-atomthreads-f29a33f\ #
#                    ports\stm8\Debug\Obj\u8g_cursor.o                        #
#                    E:\projects\atomthread\kelvinlawson-atomthreads-f29a33f\ #
#                    ports\stm8\Debug\Obj\u8g_delay.o                         #
#                    E:\projects\atomthread\kelvinlawson-atomthreads-f29a33f\ #
#                    ports\stm8\Debug\Obj\u8g_dev_a2_micro_printer.o          #
#                    E:\projects\atomthread\kelvinlawson-atomthreads-f29a33f\ #
#                    ports\stm8\Debug\Obj\u8g_dev_flipdisc_2x7.o              #
#                    E:\projects\atomthread\kelvinlawson-atomthreads-f29a33f\ #
#                    ports\stm8\Debug\Obj\u8g_dev_gprof.o                     #
#                    E:\projects\atomthread\kelvinlawson-atomthreads-f29a33f\ #
#                    ports\stm8\Debug\Obj\u8g_dev_null.o                      #
#                    E:\projects\atomthread\kelvinlawson-atomthreads-f29a33f\ #
#                    ports\stm8\Debug\Obj\u8g_dev_uc1701_mini12864.o          #
#                    E:\projects\atomthread\kelvinlawson-atomthreads-f29a33f\ #
#                    ports\stm8\Debug\Obj\u8g_ellipse.o                       #
#                    E:\projects\atomthread\kelvinlawson-atomthreads-f29a33f\ #
#                    ports\stm8\Debug\Obj\u8g_font.o                          #
#                    E:\projects\atomthread\kelvinlawson-atomthreads-f29a33f\ #
#                    ports\stm8\Debug\Obj\u8g_font_data.o                     #
#                    E:\projects\atomthread\kelvinlawson-atomthreads-f29a33f\ #
#                    ports\stm8\Debug\Obj\u8g_line.o                          #
#                    E:\projects\atomthread\kelvinlawson-atomthreads-f29a33f\ #
#                    ports\stm8\Debug\Obj\u8g_ll_api.o                        #
#                    E:\projects\atomthread\kelvinlawson-atomthreads-f29a33f\ #
#                    ports\stm8\Debug\Obj\u8g_page.o                          #
#                    E:\projects\atomthread\kelvinlawson-atomthreads-f29a33f\ #
#                    ports\stm8\Debug\Obj\u8g_pb.o                            #
#                    E:\projects\atomthread\kelvinlawson-atomthreads-f29a33f\ #
#                    ports\stm8\Debug\Obj\u8g_pb14v1.o                        #
#                    E:\projects\atomthread\kelvinlawson-atomthreads-f29a33f\ #
#                    ports\stm8\Debug\Obj\u8g_pb16h1.o                        #
#                    E:\projects\atomthread\kelvinlawson-atomthreads-f29a33f\ #
#                    ports\stm8\Debug\Obj\u8g_pb16h2.o                        #
#                    E:\projects\atomthread\kelvinlawson-atomthreads-f29a33f\ #
#                    ports\stm8\Debug\Obj\u8g_pb16v1.o                        #
#                    E:\projects\atomthread\kelvinlawson-atomthreads-f29a33f\ #
#                    ports\stm8\Debug\Obj\u8g_pb16v2.o                        #
#                    E:\projects\atomthread\kelvinlawson-atomthreads-f29a33f\ #
#                    ports\stm8\Debug\Obj\u8g_pb32h1.o                        #
#                    E:\projects\atomthread\kelvinlawson-atomthreads-f29a33f\ #
#                    ports\stm8\Debug\Obj\u8g_pb8h1.o                         #
#                    E:\projects\atomthread\kelvinlawson-atomthreads-f29a33f\ #
#                    ports\stm8\Debug\Obj\u8g_pb8h1f.o                        #
#                    E:\projects\atomthread\kelvinlawson-atomthreads-f29a33f\ #
#                    ports\stm8\Debug\Obj\u8g_pb8h2.o                         #
#                    E:\projects\atomthread\kelvinlawson-atomthreads-f29a33f\ #
#                    ports\stm8\Debug\Obj\u8g_pb8h8.o                         #
#                    E:\projects\atomthread\kelvinlawson-atomthreads-f29a33f\ #
#                    ports\stm8\Debug\Obj\u8g_pb8v1.o                         #
#                    E:\projects\atomthread\kelvinlawson-atomthreads-f29a33f\ #
#                    ports\stm8\Debug\Obj\u8g_pb8v2.o                         #
#                    E:\projects\atomthread\kelvinlawson-atomthreads-f29a33f\ #
#                    ports\stm8\Debug\Obj\u8g_pbxh16.o                        #
#                    E:\projects\atomthread\kelvinlawson-atomthreads-f29a33f\ #
#                    ports\stm8\Debug\Obj\u8g_pbxh24.o                        #
#                    E:\projects\atomthread\kelvinlawson-atomthreads-f29a33f\ #
#                    ports\stm8\Debug\Obj\u8g_rect.o                          #
#                    E:\projects\atomthread\kelvinlawson-atomthreads-f29a33f\ #
#                    ports\stm8\Debug\Obj\u8g_rot.o                           #
#                    E:\projects\atomthread\kelvinlawson-atomthreads-f29a33f\ #
#                    ports\stm8\Debug\Obj\u8g_scale.o                         #
#                    E:\projects\atomthread\kelvinlawson-atomthreads-f29a33f\ #
#                    ports\stm8\Debug\Obj\u8g_state.o                         #
#                    E:\projects\atomthread\kelvinlawson-atomthreads-f29a33f\ #
#                    ports\stm8\Debug\Obj\u8g_stm8s.o                         #
#                    E:\projects\atomthread\kelvinlawson-atomthreads-f29a33f\ #
#                    ports\stm8\Debug\Obj\u8g_u16toa.o                        #
#                    E:\projects\atomthread\kelvinlawson-atomthreads-f29a33f\ #
#                    ports\stm8\Debug\Obj\u8g_u8toa.o                         #
#                    E:\projects\atomthread\kelvinlawson-atomthreads-f29a33f\ #
#                    ports\stm8\Debug\Obj\u8g_virtual_screen.o                #
#                    E:\projects\atomthread\kelvinlawson-atomthreads-f29a33f\ #
#                    ports\stm8\Debug\Obj\u8glib-main.o                       #
#                    E:\projects\atomthread\kelvinlawson-atomthreads-f29a33f\ #
#                    ports\stm8\Debug\Obj\uart.o                              #
#                    E:\projects\atomthread\kelvinlawson-atomthreads-f29a33f\ #
#                    ports\stm8\Debug\Obj\uartrxthread.o --redirect           #
#                    _Printf=_PrintfFullNoMb --redirect                       #
#                    _Scanf=_ScanfFullNoMb -o E:\projects\atomthread\kelvinla #
#                    wson-atomthreads-f29a33f\ports\stm8\Debug\Exe\templproj. #
#                    out --map E:\projects\atomthread\kelvinlawson-atomthread #
#                    s-f29a33f\ports\stm8\Debug\List\templproj.map --config   #
#                    "E:\Program Files (x86)\IAR Systems\Embedded Workbench   #
#                    6.5\stm8\config\lnkstm8s007c8.icf" --config_def          #
#                    _CSTACK_SIZE=0x100 --config_def _HEAP_SIZE=0x100         #
#                    --entry __iar_program_start --debug_lib                  #
#                                                                             #
#                                                                             #
###############################################################################

*******************************************************************************
*** RUNTIME MODEL ATTRIBUTES
***

__SystemLibrary            = DLib
__code_model               = small
__core                     = stm8
__data_model               = medium
__dlib_file_descriptor     = 0
__dlib_full_locale_support = 0
__rt_version               = 4


*******************************************************************************
*** PLACEMENT SUMMARY
***

"A1":  place at start of [0x000000-0x0000ff] { rw section .vregs };
"A2":  place at end of [0x000000-0x0017ff] { block CSTACK };
"P2":  place in [from 0x000000 to 0x0017ff] {
          block HEAP, rw section .far.bss, rw section .far.data,
          rw section .far.noinit, rw section .far_func.textrw,
          rw section .huge.bss, rw section .huge.data, rw section .huge.noinit,
          rw section .huge_func.textrw, rw section .iar.dynexit,
          rw section .near.bss, rw section .near.data, rw section .near.noinit,
          rw section .near_func.textrw };
"A3":  place at start of [0x008000-0x00ffff] { block INTVEC };
"P3":  place in [from 0x008000 to 0x00ffff] {
          ro section .far.data_init, ro section .far_func.textrw_init,
          ro section .huge.data_init, ro section .huge_func.textrw_init,
          ro section .iar.init_table, ro section .init_array,
          ro section .near.data_init, ro section .near.rodata,
          ro section .near_func.text, ro section .near_func.textrw_init,
          ro section .tiny.data_init, ro section .tiny.rodata_init };

  Section            Kind      Address    Size  Object
  -------            ----      -------    ----  ------
"A1":                                     0x10
  .vregs             uninit   0x000000    0x10  vregs.o [4]
                            - 0x000010    0x10

"P2", part 1 of 2:                        0x10
  P2 s0                       0x000010    0x10  <Init block>
    .near.data       inited   0x000010     0x8  atomkernel.o [1]
    .near.data       inited   0x000018     0x6  atomkernel.o [1]
    .near.data       inited   0x00001e     0x2  atomkernel.o [1]
                            - 0x000020    0x10

"P2", part 2 of 2:                       0x9b7
  .near.bss          zero     0x000020   0x5dc  atomkernel.o [1]
  .near.bss          zero     0x0005fc   0x190  atomkernel.o [1]
  .near.bss          zero     0x00078c   0x100  atomkernel.o [1]
  .near.bss          zero     0x00088c    0x80  atomkernel.o [1]
  .near.bss          zero     0x00090c    0x34  atomkernel.o [1]
  .near.bss          zero     0x000940    0x32  atomkernel.o [1]
  .near.bss          zero     0x000972    0x18  atomkernel.o [1]
  .near.bss          zero     0x00098a    0x18  atomkernel.o [1]
  .near.bss          zero     0x0009a2    0x18  atomkernel.o [1]
  .near.bss          zero     0x0009ba     0x5  atomkernel.o [1]
  .near.bss          zero     0x0009bf     0x5  atomkernel.o [1]
  .near.bss          zero     0x0009c4     0x4  atomkernel.o [1]
  .near.bss          zero     0x0009c8     0x3  atomkernel.o [1]
  .near.bss          zero     0x0009cb     0x3  atomkernel.o [1]
  .near.bss          zero     0x0009ce     0x2  atomkernel.o [1]
  .near.bss          zero     0x0009d0     0x2  atomkernel.o [1]
  .near.bss          zero     0x0009d2     0x2  atomkernel.o [1]
  .near.bss          zero     0x0009d4     0x2  atomkernel.o [1]
  .near.bss          zero     0x0009d6     0x1  atomkernel.o [1]
                            - 0x0009d7   0x9b7

"A2":                                    0x100
  CSTACK                      0x001700   0x100  <Block>
    CSTACK           uninit   0x001700   0x100  <Block tail>
                            - 0x001800   0x100

"A3":                                     0x80
  INTVEC                      0x008000    0x80  <Block>
    .intvec          const    0x008000    0x80  interrupt.o [4]
                            - 0x008080    0x80

"P3":                                   0x3ee3
  .near_func.text    ro code  0x008080   0xcc4  atomkernel.o [1]
  .near_func.text    ro code  0x008d44   0x6de  atomkernel.o [1]
  .near_func.text    ro code  0x009422   0x460  float.o [4]
  .near_func.text    ro code  0x009882   0x42f  xprintffull_nomb.o [4]
  .near_func.text    ro code  0x009cb1   0x410  xprintffull_nomb.o [4]
  .near.rodata       const    0x00a0c1   0x390  atomkernel.o [1]
  .near_func.text    ro code  0x00a451   0x385  xprintffull_nomb.o [4]
  .near_func.text    ro code  0x00a7d6   0x228  long.o [4]
  .near.rodata       const    0x00a9fe   0x190  atomkernel.o [1]
  .near_func.text    ro code  0x00ab8e   0x175  vreg_util.o [4]
  .near_func.text    ro code  0x00ad03   0x171  xprintffull_nomb.o [4]
  .near_func.text    ro code  0x00ae74   0x161  float_libsup.o [4]
  .near_func.text    ro code  0x00afd5   0x14e  atomkernel.o [1]
  .near_func.text    ro code  0x00b123    0xb7  atomkernel.o [1]
  .near_func.text    ro code  0x00b1da    0xa8  atomkernel.o [1]
  .near_func.text    ro code  0x00b282    0xa3  atomkernel.o [1]
  .near_func.text    ro code  0x00b325    0x8f  atomkernel.o [1]
  .near_func.text    ro code  0x00b3b4    0x85  atomkernel.o [1]
  .near_func.text    ro code  0x00b439    0x84  atomkernel.o [1]
  .near_func.text    ro code  0x00b4bd    0x80  long_util.o [4]
  .near_func.text    ro code  0x00b53d    0x75  atomkernel.o [1]
  .near_func.text    ro code  0x00b5b2    0x73  atomkernel.o [1]
  .near_func.text    ro code  0x00b625    0x6d  atomkernel.o [1]
  .near_func.text    ro code  0x00b692    0x5a  atomkernel.o [1]
  .near_func.text    ro code  0x00b6ec    0x58  atomport-asm-iar.o [1]
  .near_func.text    ro code  0x00b744    0x55  atomkernel.o [1]
  .near_func.text    ro code  0x00b799    0x4d  short.o [4]
  .near_func.text    ro code  0x00b7e6    0x43  xprintffull_nomb.o [4]
  .near_func.text    ro code  0x00b829    0x3f  xprintffull_nomb.o [4]
  .near_func.text    ro code  0x00b868    0x3d  atomkernel.o [1]
  .near_func.text    const    0x00b8a5    0x3c  xprintffull_nomb.o [4]
  .near_func.text    ro code  0x00b8e1    0x3b  atomkernel.o [1]
  .near_func.text    ro code  0x00b91c    0x3a  atomkernel.o [1]
  .near_func.text    ro code  0x00b956    0x39  xprintffull_nomb.o [4]
  .near_func.text    ro code  0x00b98f    0x34  atomkernel.o [1]
  .near_func.text    ro code  0x00b9c3    0x34  atomkernel.o [1]
  .near_func.text    ro code  0x00b9f7    0x33  xprintffull_nomb.o [4]
  .near_func.text    ro code  0x00ba2a    0x30  atomkernel.o [1]
  .near_func.text    ro code  0x00ba5a    0x30  div.o [4]
  .near_func.text    ro code  0x00ba8a    0x2f  xprintffull_nomb.o [4]
  .near_func.text    ro code  0x00bab9    0x2c  dc_util.o [4]
  .near_func.text    ro code  0x00bae5    0x2b  putchar.o [4]
  .near_func.text    ro code  0x00bb10    0x28  init_small.o [4]
  .near_func.text    ro code  0x00bb38    0x25  memcpy.o [4]
  .near.rodata       const    0x00bb5d    0x23  atomkernel.o [1]
  .near_func.text    ro code  0x00bb80    0x23  atomkernel.o [1]
  .near.rodata       const    0x00bba3    0x22  atomkernel.o [1]
  .iar.init_table    const    0x00bbc5    0x12  - Linker created -
  .near_func.text    ro code  0x00bbd7    0x20  printf.o [4]
  .near_func.text    ro code  0x00bbf7    0x1f  move.o [4]
  .near_func.text    ro code  0x00bc16    0x1e  init_small.o [4]
  .near_func.text    ro code  0x00bc34    0x19  xprout.o [4]
  .near_func.text    ro code  0x00bc4d    0x18  atomkernel.o [1]
  .near_func.text    ro code  0x00bc65    0x18  xprintffull_nomb.o [4]
  .near_func.text    ro code  0x00bc7d    0x17  init.o [4]
  .near.rodata       const    0x00bc94    0x16  atomkernel.o [1]
  .near.rodata       const    0x00bcaa    0x16  atomkernel.o [1]
  .near_func.text    ro code  0x00bcc0    0x15  atomkernel.o [1]
  .near_func.text    ro code  0x00bcd5    0x15  memchr.o [4]
  .near_func.text    ro code  0x00bcea    0x15  strchr.o [4]
  .near_func.text    ro code  0x00bcff    0x14  __dbg_xxexit.o [3]
  .near_func.text    ro code  0x00bd13    0x13  atomkernel.o [1]
  .near_func.text    ro code  0x00bd26    0x13  cstartup.o [4]
  .near.rodata       const    0x00bd39    0x12  atomkernel.o [1]
  .near_func.text    ro code  0x00bd4b    0x12  strlen.o [4]
  .near_func.text    ro code  0x00bd5d     0xf  atomkernel.o [1]
  .near.rodata       const    0x00bd6c     0xc  atomkernel.o [1]
  .near_func.text    ro code  0x00bd78     0xc  atomkernel.o [1]
  .near_func.text    ro code  0x00bd84     0xc  atomkernel.o [1]
  .near_func.text    ro code  0x00bd90     0xc  xprintffull_nomb.o [4]
  .near_func.text    ro code  0x00bd9c     0xc  switch.o [4]
  .near_func.text    ro code  0x00bda8     0xb  atomkernel.o [1]
  .near_func.text    ro code  0x00bdb3     0xb  atomkernel.o [1]
  .near_func.text    ro code  0x00bdbe     0xb  xprintffull_nomb.o [4]
  .near_func.text    ro code  0x00bdc9     0xa  char.o [4]
  .near_func.text    ro code  0x00bdd3     0xa  xprintffull_nomb.o [4]
  .near_func.text    ro code  0x00bddd     0xa  xprintffull_nomb.o [4]
  .near_func.text    ro code  0x00bde7     0xa  xprintffull_nomb.o [4]
  .near_func.text    ro code  0x00bdf1     0xa  xprintffull_nomb.o [4]
  .near_func.text    ro code  0x00bdfb     0x9  atomkernel.o [1]
  .near_func.text    ro code  0x00be04     0x9  atomkernel.o [1]
  .near_func.text    ro code  0x00be0d     0x9  atomkernel.o [1]
  .near_func.text    ro code  0x00be16     0x9  atomkernel.o [1]
  .near_func.text    ro code  0x00be1f     0x9  xprintffull_nomb.o [4]
  .near_func.text    ro code  0x00be28     0x9  xprintffull_nomb.o [4]
  .near_func.text    ro code  0x00be31     0x9  xprintffull_nomb.o [4]
  .near_func.text    ro code  0x00be3a     0x9  xprintffull_nomb.o [4]
  .near_func.text    ro code  0x00be43     0x9  xprintffull_nomb.o [4]
  .near_func.text    ro code  0x00be4c     0x9  xprintffull_nomb.o [4]
  .near.rodata       const    0x00be55     0x8  atomkernel.o [1]
  .near_func.text    ro code  0x00be5d     0x8  atomkernel.o [1]
  .near_func.text    ro code  0x00be65     0x8  xprintffull_nomb.o [4]
  .near_func.text    ro code  0x00be6d     0x8  xprintffull_nomb.o [4]
  .near_func.text    ro code  0x00be75     0x8  xprintffull_nomb.o [4]
  .near_func.text    ro code  0x00be7d     0x8  xprintffull_nomb.o [4]
  .near.rodata       const    0x00be85     0x7  xprintffull_nomb.o [4]
  .near_func.text    ro code  0x00be8c     0x7  atomkernel.o [1]
  .near_func.text    ro code  0x00be93     0x7  atomkernel.o [1]
  .near_func.text    ro code  0x00be9a     0x7  atomkernel.o [1]
  .near_func.text    ro code  0x00bea1     0x7  atomkernel.o [1]
  .near_func.text    ro code  0x00bea8     0x7  atomkernel.o [1]
  .near_func.text    ro code  0x00beaf     0x7  atomkernel.o [1]
  .near_func.text    ro code  0x00beb6     0x7  xprintffull_nomb.o [4]
  .near_func.text    ro code  0x00bebd     0x7  xprintffull_nomb.o [4]
  .near_func.text    ro code  0x00bec4     0x7  xprintffull_nomb.o [4]
  .near_func.text    ro code  0x00becb     0x7  xprintffull_nomb.o [4]
  .near_func.text    ro code  0x00bed2     0x6  atomkernel.o [1]
  .near_func.text    ro code  0x00bed8     0x6  atomkernel.o [1]
  .near_func.text    ro code  0x00bede     0x6  atomkernel.o [1]
  .near_func.text    ro code  0x00bee4     0x6  atomkernel.o [1]
  .near_func.text    ro code  0x00beea     0x6  atomkernel.o [1]
  .near_func.text    ro code  0x00bef0     0x6  atomkernel.o [1]
  .near_func.text    ro code  0x00bef6     0x6  atomkernel.o [1]
  .near_func.text    ro code  0x00befc     0x6  xprintffull_nomb.o [4]
  .near_func.text    ro code  0x00bf02     0x6  xprintffull_nomb.o [4]
  .near_func.text    ro code  0x00bf08     0x6  xprintffull_nomb.o [4]
  .near.rodata       const    0x00bf0e     0x5  atomkernel.o [1]
  .near_func.text    ro code  0x00bf13     0x5  atomkernel.o [1]
  .near_func.text    ro code  0x00bf18     0x5  atomkernel.o [1]
  .near_func.text    ro code  0x00bf1d     0x5  atomkernel.o [1]
  .near_func.text    ro code  0x00bf22     0x5  xprintffull_nomb.o [4]
  .near_func.text    ro code  0x00bf27     0x5  cexit.o [4]
  .near.rodata       const    0x00bf2c     0x4  atomkernel.o [1]
  .near.rodata       const    0x00bf30     0x4  xprintffull_nomb.o [4]
  .near.rodata       const    0x00bf34     0x4  xprintffull_nomb.o [4]
  .near.rodata       const    0x00bf38     0x4  xprintffull_nomb.o [4]
  .near.rodata       const    0x00bf3c     0x4  xprintffull_nomb.o [4]
  .near_func.text    ro code  0x00bf40     0x4  atomkernel.o [1]
  .near_func.text    ro code  0x00bf44     0x3  interrupt.o [4]
  .near_func.text    ro code  0x00bf47     0x3  low_level_init.o [4]
  .near_func.text    ro code  0x00bf4a     0x3  exit.o [4]
  .near_func.text    ro code  0x00bf4d     0x3  unhandled_exception.o [4]
  .near.rodata       const    0x00bf50     0x2  xprintffull_nomb.o [4]
  .near_func.text    ro code  0x00bf52     0x1  __dbg_break.o [3]
  Initializer bytes  ro data  0x00bf53    0x10  <for P2 s0>
                            - 0x00bf63  0x3ee3


*******************************************************************************
*** INIT TABLE
***

          Address   Size
          -------   ----
Zero (__iar_zero_init2)
    1 destination range, total size 0x9b7:
          0x000020  0x9b7

Copy (__iar_copy_init2)
    1 source range, total size 0x10:
          0x00bf53   0x10
    1 destination range, total size 0x10:
          0x000010   0x10



*******************************************************************************
*** MODULE SUMMARY
***

    Module                 ro code  ro data  rw data
    ------                 -------  -------  -------
E:\projects\atomthread\kelvinlawson-atomthreads-f29a33f\ports\stm8\Debug\Obj: [1]
    atomkernel.o             7 435    1 488    2 503
    atomport-asm-iar.o          88
    ------------------------------------------------
    Total:                   7 523    1 488    2 503

command line: [2]
    ------------------------------------------------
    Total:

dbgstm8smd.a: [3]
    __dbg_break.o                1
    __dbg_xxexit.o              20
    ------------------------------------------------
    Total:                      21

dlstm8smn.a: [4]
    cexit.o                      5
    char.o                      10
    cstartup.o                  19
    dc_util.o                   44
    div.o                       48
    exit.o                       3
    float.o                  1 120
    float_libsup.o             353
    init.o                      23
    init_small.o                70
    interrupt.o                  3      128
    long.o                     552
    long_util.o                128
    low_level_init.o             3
    memchr.o                    21
    memcpy.o                    37
    move.o                      31
    printf.o                    32
    putchar.o                   43
    short.o                     77
    strchr.o                    21
    strlen.o                    18
    switch.o                    12
    unhandled_exception.o        3
    vreg_util.o                373
    vregs.o                                       16
    xprintffull_nomb.o       3 890       85
    xprout.o                    25
    ------------------------------------------------
    Total:                   6 964      213       16

    Linker created                       18      256
----------------------------------------------------
    Grand Total:            14 508    1 719    2 775


*******************************************************************************
*** ENTRY LIST
***

Entry                    Address   Size  Type      Object
-----                    -------   ----  ----      ------
?and32_l0_l0_0x         0x00a9a4         Code  Gb  long.o [4]
?and32_l0_l0_l1         0x00a9a1         Code  Gb  long.o [4]
?b0                     0x000000         Data  Gb  vregs.o [4]
?b1                     0x000001         Data  Gb  vregs.o [4]
?b10                    0x00000a         Data  Gb  vregs.o [4]
?b11                    0x00000b         Data  Gb  vregs.o [4]
?b12                    0x00000c         Data  Gb  vregs.o [4]
?b13                    0x00000d         Data  Gb  vregs.o [4]
?b14                    0x00000e         Data  Gb  vregs.o [4]
?b15                    0x00000f         Data  Gb  vregs.o [4]
?b2                     0x000002         Data  Gb  vregs.o [4]
?b3                     0x000003         Data  Gb  vregs.o [4]
?b4                     0x000004         Data  Gb  vregs.o [4]
?b5                     0x000005         Data  Gb  vregs.o [4]
?b6                     0x000006         Data  Gb  vregs.o [4]
?b7                     0x000007         Data  Gb  vregs.o [4]
?b8                     0x000008         Data  Gb  vregs.o [4]
?b9                     0x000009         Data  Gb  vregs.o [4]
?dc32_l0                0x00bac0         Code  Gb  dc_util.o [4]
?dc32_l1                0x00bacd         Code  Gb  dc_util.o [4]
?dc32_px                0x00bada         Code  Gb  dc_util.o [4]
?dc8_px                 0x00bab9         Code  Gb  dc_util.o [4]
?dec32_0x_0x            0x00a803         Code  Gb  long.o [4]
?dec32_l0_l0            0x00a7f9         Code  Gb  long.o [4]
?dec32_l1_l1            0x00a7fe         Code  Gb  long.o [4]
?e0                     0x000001         Data  Gb  vregs.o [4]
?e1                     0x000005         Data  Gb  vregs.o [4]
?e2                     0x000009         Data  Gb  vregs.o [4]
?e3                     0x00000d         Data  Gb  vregs.o [4]
?epilogue_l2            0x00ac44         Code  Gb  vreg_util.o [4]
?epilogue_l2_l3         0x00ac41         Code  Gb  vreg_util.o [4]
?epilogue_l2_w6         0x00ac48         Code  Gb  vreg_util.o [4]
?epilogue_w4            0x00ac4f         Code  Gb  vreg_util.o [4]
?fadd32_l0_l0_l1        0x009445         Code  Gb  float.o [4]
?fcastf32s32_l0_l0      0x00973d         Code  Gb  float.o [4]
?fcastf32u32_l0_l0      0x009748         Code  Gb  float.o [4]
?fcasts32f32_l0_l0      0x0096dc         Code  Gb  float.o [4]
?fcastu32f32_l0_l0      0x0096c5         Code  Gb  float.o [4]
?fcmpge32_c_l0_0x       0x009666         Code  Gb  float.o [4]
?fcmpge32_c_l0_dc32     0x009661         Code  Gb  float.o [4]
?fcmplt32_c_l0_0x       0x00966f         Code  Gb  float.o [4]
?fcmplt32_c_l0_dc32     0x00966a         Code  Gb  float.o [4]
?fdiv32_l0_l0_l1        0x0095b3         Code  Gb  float.o [4]
?fmul32_l0_l0_dc32      0x009513         Code  Gb  float.o [4]
?fmul32_l0_l0_l1        0x009518         Code  Gb  float.o [4]
?fsub32_l0_l0_l1        0x00943f         Code  Gb  float.o [4]
?inc32_0x_0x            0x00a7eb         Code  Gb  long.o [4]
?inc32_l0_l0            0x00a7e6         Code  Gb  long.o [4]
?l0                     0x000000         Data  Gb  vregs.o [4]
?l1                     0x000004         Data  Gb  vregs.o [4]
?l2                     0x000008         Data  Gb  vregs.o [4]
?l3                     0x00000c         Data  Gb  vregs.o [4]
?load32_0x_l0           0x00b502         Code  Gb  long_util.o [4]
?load32_0x_l1           0x00b510         Code  Gb  long_util.o [4]
?load32_0x_l2           0x00b52f         Code  Gb  long_util.o [4]
?load32_asp_l0          0x00b4f6         Code  Gb  long_util.o [4]
?load32_asp_l2          0x00b523         Code  Gb  long_util.o [4]
?load32_dbsp_l0         0x00b4f1         Code  Gb  long_util.o [4]
?load32_dbsp_l2         0x00b51e         Code  Gb  long_util.o [4]
?load32_l0_0x           0x00b4cd         Code  Gb  long_util.o [4]
?load32_l0_asp          0x00b4c2         Code  Gb  long_util.o [4]
?load32_l0_dbsp         0x00b4bd         Code  Gb  long_util.o [4]
?load32_l0_xsp          0x00b4c4         Code  Gb  long_util.o [4]
?load32_l1_0x           0x00b4d9         Code  Gb  long_util.o [4]
?load32_l2_0x           0x00b4e5         Code  Gb  long_util.o [4]
?load32_xsp_l0          0x00b4f8         Code  Gb  long_util.o [4]
?load32_xsp_l2          0x00b525         Code  Gb  long_util.o [4]
?mov_e0_e1              0x00acb8         Code  Gb  vreg_util.o [4]
?mov_e0_e2              0x00acc5         Code  Gb  vreg_util.o [4]
?mov_e1_e0              0x00acd2         Code  Gb  vreg_util.o [4]
?mov_e1_e2              0x00acdf         Code  Gb  vreg_util.o [4]
?mov_e2_e0              0x00acec         Code  Gb  vreg_util.o [4]
?mov_e3_e0              0x00acf9         Code  Gb  vreg_util.o [4]
?mov_l0_l1              0x00acb5         Code  Gb  vreg_util.o [4]
?mov_l0_l2              0x00acc2         Code  Gb  vreg_util.o [4]
?mov_l1_l0              0x00accf         Code  Gb  vreg_util.o [4]
?mov_l1_l2              0x00acdc         Code  Gb  vreg_util.o [4]
?mov_l2_l0              0x00ace9         Code  Gb  vreg_util.o [4]
?mov_l3_l0              0x00acf6         Code  Gb  vreg_util.o [4]
?mov_w0_w2              0x00ac53         Code  Gb  vreg_util.o [4]
?mov_w0_w4              0x00ac5a         Code  Gb  vreg_util.o [4]
?mov_w0_w7              0x00ac61         Code  Gb  vreg_util.o [4]
?mov_w1_w2              0x00ac68         Code  Gb  vreg_util.o [4]
?mov_w1_w3              0x00acbb         Code  Gb  vreg_util.o [4]
?mov_w1_w5              0x00acc8         Code  Gb  vreg_util.o [4]
?mov_w2_w0              0x00ac6f         Code  Gb  vreg_util.o [4]
?mov_w2_w1              0x00ac76         Code  Gb  vreg_util.o [4]
?mov_w2_w5              0x00ac7d         Code  Gb  vreg_util.o [4]
?mov_w3_w1              0x00acd5         Code  Gb  vreg_util.o [4]
?mov_w3_w2              0x00ac84         Code  Gb  vreg_util.o [4]
?mov_w3_w5              0x00ace2         Code  Gb  vreg_util.o [4]
?mov_w4_w0              0x00ac8b         Code  Gb  vreg_util.o [4]
?mov_w4_w1              0x00ac92         Code  Gb  vreg_util.o [4]
?mov_w4_w5              0x00ac99         Code  Gb  vreg_util.o [4]
?mov_w5_w0              0x00aca0         Code  Gb  vreg_util.o [4]
?mov_w5_w1              0x00acef         Code  Gb  vreg_util.o [4]
?mov_w6_w0              0x00aca7         Code  Gb  vreg_util.o [4]
?mov_w6_w1              0x00acae         Code  Gb  vreg_util.o [4]
?mov_w7_w1              0x00acfc         Code  Gb  vreg_util.o [4]
?move1616_v_x_y_a       0x00bc09         Code  Gb  move.o [4]
?move1616_v_x_y_tos16   0x00bbf7         Code  Gb  move.o [4]
?mul16_x_x_w0           0x00b799         Code  Gb  short.o [4]
?mul32_l0_l0_0x         0x00a835         Code  Gb  long.o [4]
?mul32_l0_l0_dl         0x00a832         Code  Gb  long.o [4]
?mul32_l0_l0_l1         0x00a83e         Code  Gb  long.o [4]
?neg32_l0_l0            0x00a7d6         Code  Gb  long.o [4]
?pop_l0                 0x00ac0d         Code  Gb  vreg_util.o [4]
?pop_l1                 0x00ac18         Code  Gb  vreg_util.o [4]
?pop_l2                 0x00ac23         Code  Gb  vreg_util.o [4]
?pop_l3                 0x00ac2e         Code  Gb  vreg_util.o [4]
?pop_w4                 0x00abbf         Code  Gb  vreg_util.o [4]
?pop_w6                 0x00abc6         Code  Gb  vreg_util.o [4]
?pop_w7                 0x00abcd         Code  Gb  vreg_util.o [4]
?push_l0                0x00abdc         Code  Gb  vreg_util.o [4]
?push_l1                0x00abe1         Code  Gb  vreg_util.o [4]
?push_l2                0x00abe6         Code  Gb  vreg_util.o [4]
?push_l3                0x00abeb         Code  Gb  vreg_util.o [4]
?push_w0                0x00ab8e         Code  Gb  vreg_util.o [4]
?push_w1                0x00ab93         Code  Gb  vreg_util.o [4]
?push_w2                0x00ab98         Code  Gb  vreg_util.o [4]
?push_w4                0x00ab9d         Code  Gb  vreg_util.o [4]
?push_w6                0x00aba2         Code  Gb  vreg_util.o [4]
?push_w7                0x00aba7         Code  Gb  vreg_util.o [4]
?scmp32_c_l0_l1         0x00a98a         Code  Gb  long.o [4]
?sdiv16_x_x_y           0x00b7b7         Code  Gb  short.o [4]
?sdiv32_l0_l0_dl        0x00a936         Code  Gb  long.o [4]
?sdiv32_l0_l0_l1        0x00a939         Code  Gb  long.o [4]
?sext16_x_a             0x00b7df         Code  Gb  short.o [4]
?sext32_l0_a            0x00a9f1         Code  Gb  long.o [4]
?sext32_l0_x            0x00a9e6         Code  Gb  long.o [4]
?sll16_x_x_a            0x00b7d0         Code  Gb  short.o [4]
?sll32_0x_0x_a          0x00a9c3         Code  Gb  long.o [4]
?sll32_l0_l0_a          0x00a9c0         Code  Gb  long.o [4]
?sll32_l0_l0_db         0x00a9bc         Code  Gb  long.o [4]
?sll8_a_a_b0            0x00bdc9         Code  Gb  char.o [4]
?smod32_l1_l0_l1        0x00a939         Code  Gb  long.o [4]
?sra32_0x_0x_a          0x00a9d8         Code  Gb  long.o [4]
?sra32_l0_l0_a          0x00a9d5         Code  Gb  long.o [4]
?sra32_l0_l0_db         0x00a9d1         Code  Gb  long.o [4]
?srl16_x_x_4            0x00b7da         Code  Gb  short.o [4]
?srl16_x_x_5            0x00b7d9         Code  Gb  short.o [4]
?srl16_x_x_6            0x00b7d8         Code  Gb  short.o [4]
?sub32_l0_l0_0x         0x00a81a         Code  Gb  long.o [4]
?sub32_l0_l0_l1         0x00a817         Code  Gb  long.o [4]
?switch8vlt_0x_a_0x     0x00bd9c         Code  Gb  switch.o [4]
?ucmp32_c_l0_l1         0x00a97f         Code  Gb  long.o [4]
?udiv32_l0_dl_l1        0x00a8c1         Code  Gb  long.o [4]
?udiv32_l0_l0_dl        0x00a8c6         Code  Gb  long.o [4]
?udiv32_l0_l0_l1        0x00a8c9         Code  Gb  long.o [4]
?umod32_l1_l0_dl        0x00a8bc         Code  Gb  long.o [4]
?umod32_l1_l0_l1        0x00a8c9         Code  Gb  long.o [4]
?w0                     0x000000         Data  Gb  vregs.o [4]
?w1                     0x000002         Data  Gb  vregs.o [4]
?w2                     0x000004         Data  Gb  vregs.o [4]
?w3                     0x000006         Data  Gb  vregs.o [4]
?w4                     0x000008         Data  Gb  vregs.o [4]
?w5                     0x00000a         Data  Gb  vregs.o [4]
?w6                     0x00000c         Data  Gb  vregs.o [4]
?w7                     0x00000e         Data  Gb  vregs.o [4]
CLK_GetClockFreq        0x00b8e1   0x3b  Code  Gb  atomkernel.o [1]
CLK_HSIPrescalerConfig  0x00bd84    0xc  Code  Gb  atomkernel.o [1]
CSTACK$$Base            0x001700          --   Gb  - Linker created -
CSTACK$$Limit           0x001800          --   Gb  - Linker created -
HSIDivFactor            0x00bf2c    0x4  Data  Gb  atomkernel.o [1]
INTVEC$$Base            0x008000          --   Gb  - Linker created -
INTVEC$$Limit           0x008080          --   Gb  - Linker created -
LoadInt                 0x00b829   0x3f  Code  Lc  xprintffull_nomb.o [4]
Region$$Table$$Base     0x00bbc5          --   Gb  - Linker created -
Region$$Table$$Limit    0x00bbd7          --   Gb  - Linker created -
SPI_DeInit              0x00bf40    0x4  Code  Gb  atomkernel.o [1]
SPI_Init                0x00ba2a   0x30  Code  Gb  atomkernel.o [1]
TIM1_DeInit             0x00b325   0x8f  Code  Gb  atomkernel.o [1]
TIM1_SystemTickISR      0x008df0   0x26  Code  Gb  atomkernel.o [1]
UART3_DeInit            0x00bb80   0x23  Code  Gb  atomkernel.o [1]
UART3_GetITStatus       0x00b692   0x5a  Code  Gb  atomkernel.o [1]
UART3_Init              0x00b123   0xb7  Code  Gb  atomkernel.o [1]
UART3_RX_IRQHandler     0x00b5b2   0x73  Code  Gb  atomkernel.o [1]
_GenldFullNoMb          0x00a451  0x385  Code  Lc  xprintffull_nomb.o [4]
_LdtobFullNoMb          0x009882  0x42f  Code  Lc  xprintffull_nomb.o [4]
_LitobFullNoMb          0x00ad03  0x171  Code  Lc  xprintffull_nomb.o [4]
_PrintfFullNoMb         0x009cb1  0x410  Code  Gb  xprintffull_nomb.o [4]
_Prout                  0x00bc34   0x19  Code  Gb  xprout.o [4]
_PutcharFullNoMb        0x00ba8a   0x2f  Code  Lc  xprintffull_nomb.o [4]
_PutcharsFullNoMb       0x00b9f7   0x33  Code  Lc  xprintffull_nomb.o [4]
__DebugBreak            0x00bf52    0x1  Code  Gb  __dbg_break.o [3]
__exit                  0x00bcff   0x14  Code  Gb  __dbg_xxexit.o [3]
__iar_Dnorm             0x00ae74         Code  Gb  float_libsup.o [4]
__iar_Dscale            0x00af02         Code  Gb  float_libsup.o [4]
__iar_Dunscale          0x00aeb0         Code  Gb  float_libsup.o [4]
__iar_Memchr            0x00bcd5   0x15  Code  Gb  memchr.o [4]
__iar_Strchr            0x00bcea   0x15  Code  Gb  strchr.o [4]
__iar_copy_init2        0x00bb10         Code  Gb  init_small.o [4]
__iar_data_init2        0x00bc7d   0x17  Code  Gb  init.o [4]
__iar_program_start     0x00bd26         Code  Gb  cstartup.o [4]
__iar_unhandled_exception
                        0x00bf4d         Code  Gb  unhandled_exception.o [4]
__iar_zero_init2        0x00bc16         Code  Gb  init_small.o [4]
__intvec                0x008000         Data  Gb  interrupt.o [4]
__low_level_init        0x00bf47    0x3  Code  Gb  low_level_init.o [4]
__write                 0x00b91c   0x3a  Code  Gb  atomkernel.o [1]
_exit                   0x00bf27         Code  Gb  cexit.o [4]
_interrupt_1            0x00bf44         Code  Wk  interrupt.o [4]
_interrupt_10           0x00bf44         Code  Wk  interrupt.o [4]
_interrupt_11           0x00bf44         Code  Wk  interrupt.o [4]
_interrupt_12           0x00bf44         Code  Wk  interrupt.o [4]
_interrupt_13           0x008df0         Code  Gb  atomkernel.o [1]
_interrupt_14           0x00bf44         Code  Wk  interrupt.o [4]
_interrupt_15           0x00bf44         Code  Wk  interrupt.o [4]
_interrupt_16           0x00bf44         Code  Wk  interrupt.o [4]
_interrupt_17           0x00bf44         Code  Wk  interrupt.o [4]
_interrupt_18           0x00bf44         Code  Wk  interrupt.o [4]
_interrupt_19           0x00bf44         Code  Wk  interrupt.o [4]
_interrupt_2            0x00bf44         Code  Wk  interrupt.o [4]
_interrupt_20           0x00bf44         Code  Wk  interrupt.o [4]
_interrupt_21           0x00bf44         Code  Wk  interrupt.o [4]
_interrupt_22           0x00bf44         Code  Wk  interrupt.o [4]
_interrupt_23           0x00b5b2         Code  Gb  atomkernel.o [1]
_interrupt_24           0x00bf44         Code  Wk  interrupt.o [4]
_interrupt_25           0x00bf44         Code  Wk  interrupt.o [4]
_interrupt_26           0x00bf44         Code  Wk  interrupt.o [4]
_interrupt_27           0x00bf44         Code  Wk  interrupt.o [4]
_interrupt_28           0x00bf44         Code  Wk  interrupt.o [4]
_interrupt_29           0x00bf44         Code  Wk  interrupt.o [4]
_interrupt_3            0x00bf44         Code  Wk  interrupt.o [4]
_interrupt_30           0x00bf44         Code  Wk  interrupt.o [4]
_interrupt_31           0x00bf44         Code  Wk  interrupt.o [4]
_interrupt_4            0x00bf44         Code  Wk  interrupt.o [4]
_interrupt_5            0x00bf44         Code  Wk  interrupt.o [4]
_interrupt_6            0x00bf44         Code  Wk  interrupt.o [4]
_interrupt_7            0x00bf44         Code  Wk  interrupt.o [4]
_interrupt_8            0x00bf44         Code  Wk  interrupt.o [4]
_interrupt_9            0x00bf44         Code  Wk  interrupt.o [4]
archContextSwitch       0x00b6ec         Code  Gb  atomport-asm-iar.o [1]
archFirstThreadRestore  0x00b729         Code  Gb  atomport-asm-iar.o [1]
archInitSystemTickTimer
                        0x008e16   0x28  Code  Gb  atomkernel.o [1]
archThreadContextInit   0x008e3e   0x21  Code  Gb  atomkernel.o [1]
atomIntExit             0x00922c    0xa  Code  Gb  atomkernel.o [1]
atomMutexCreate         0x009063   0x1c  Code  Gb  atomkernel.o [1]
atomMutexGet            0x008f83   0xd7  Code  Gb  atomkernel.o [1]
atomMutexPut            0x008ecd   0x93  Code  Gb  atomkernel.o [1]
atomOSInit              0x009207   0x25  Code  Gb  atomkernel.o [1]
atomOSStart             0x0091f1   0x16  Code  Gb  atomkernel.o [1]
atomOSStarted           0x0009d6    0x1  Data  Gb  atomkernel.o [1]
atomSched               0x0093a3   0x7f  Code  Gb  atomkernel.o [1]
atomSemGet              0x00b1da   0xa8  Code  Gb  atomkernel.o [1]
atomSemPut              0x00b625   0x6d  Code  Gb  atomkernel.o [1]
atomThreadCreate        0x00929e   0xe2  Code  Gb  atomkernel.o [1]
atomThreadStackCheck    0x009236   0x68  Code  Gb  atomkernel.o [1]
atomTimerCancel         0x00b744   0x55  Code  Gb  atomkernel.o [1]
atomTimerRegister       0x00b868   0x3d  Code  Gb  atomkernel.o [1]
atomTimerTick           0x00bc4d   0x18  Code  Gb  atomkernel.o [1]
disCommandData          0x00090c   0x34  Data  Gb  atomkernel.o [1]
disCommondmutex         0x0009ba    0x5  Data  Gb  atomkernel.o [1]
disCommondsem           0x0009cb    0x3  Data  Gb  atomkernel.o [1]
display_tcb             0x00098a   0x18  Data  Gb  atomkernel.o [1]
display_thread_func     0x00afd5  0x14e  Code  Gb  atomkernel.o [1]
div                     0x00ba5a   0x30  Code  Gb  div.o [4]
exit                    0x00bf4a    0x3  Code  Gb  exit.o [4]
main                    0x00b439   0x84  Code  Gb  atomkernel.o [1]
memcpy                  0x00bb38   0x25  Code  Gb  memcpy.o [4]
pad                     0x00b956   0x39  Code  Lc  xprintffull_nomb.o [4]
printf                  0x00bbd7   0x20  Code  Gb  printf.o [4]
putchar                 0x00bae5   0x2b  Code  Gb  putchar.o [4]
rxDataBuff              0x000940   0x32  Data  Gb  atomkernel.o [1]
scale                   0x00b7e6   0x43  Code  Lc  xprintffull_nomb.o [4]
spiSendByte             0x00b59a   0x18  Code  Gb  atomkernel.o [1]
strlen                  0x00bd4b   0x12  Code  Gb  strlen.o [4]
tcbDequeueEntry         0x0090b5   0x94  Code  Gb  atomkernel.o [1]
tcbDequeueHead          0x009149   0x28  Code  Gb  atomkernel.o [1]
tcbDequeuePriority      0x00907f   0x30  Code  Gb  atomkernel.o [1]
tcbEnqueuePriority      0x00917b   0x6b  Code  Gb  atomkernel.o [1]
tcbReadyQ               0x0009ce    0x2  Data  Gb  atomkernel.o [1]
u8g_Begin               0x008564   0x1d  Code  Gb  atomkernel.o [1]
u8g_Draw8PixelLL        0x00865f    0xa  Code  Gb  atomkernel.o [1]
u8g_FirstPageLL         0x0086cf   0x1d  Code  Gb  atomkernel.o [1]
u8g_GetGlyph            0x00891c  0x102  Code  Gb  atomkernel.o [1]
u8g_GetHeightLL         0x008636   0x12  Code  Gb  atomkernel.o [1]
u8g_GetWidthLL          0x008648   0x12  Code  Gb  atomkernel.o [1]
u8g_InitCom             0x008cd5    0xd  Code  Gb  atomkernel.o [1]
u8g_InitComFn           0x008538   0x1f  Code  Gb  atomkernel.o [1]
u8g_InitLL              0x008704   0x21  Code  Gb  atomkernel.o [1]
u8g_IsBBXIntersection   0x008ce2   0x5d  Code  Gb  atomkernel.o [1]
u8g_NextPageLL          0x00868e   0x37  Code  Gb  atomkernel.o [1]
u8g_SetAddress          0x008c9e    0xd  Code  Gb  atomkernel.o [1]
u8g_SetChipSelect       0x008cc0    0xd  Code  Gb  atomkernel.o [1]
u8g_SetFont             0x008746   0x22  Code  Gb  atomkernel.o [1]
u8g_UpdateDimension     0x0085f3   0x3e  Code  Gb  atomkernel.o [1]
u8g_UpdateRefHeight     0x008781   0x7e  Code  Gb  atomkernel.o [1]
u8g_WriteByte           0x008c91    0xd  Code  Gb  atomkernel.o [1]
u8g_WriteEscSeqP        0x008bcc   0x95  Code  Gb  atomkernel.o [1]
u8g_WriteSequence       0x008c7b    0xd  Code  Gb  atomkernel.o [1]
u8g_call_dev_fn         0x008739    0xd  Code  Gb  atomkernel.o [1]
u8g_com_hw_spi_fn       0x008085   0xb0  Code  Gb  atomkernel.o [1]
u8g_com_null_fn         0x008bbc    0x3  Code  Gb  atomkernel.o [1]
u8g_dev_pb8v1_base_fn   0x00820d   0x5d  Code  Gb  atomkernel.o [1]
u8g_dev_uc1701_mini12864_fn
                        0x008aea   0x72  Code  Gb  atomkernel.o [1]
u8g_dev_uc1701_mini12864_hw_spi
                        0x000018    0x6  Data  Gb  atomkernel.o [1]
u8g_dev_uc1701_mini12864_hw_spi_buf
                        0x00088c   0x80  Data  Gb  atomkernel.o [1]
u8g_dev_uc1701_mini12864_hw_spi_pb
                        0x000010    0x8  Data  Gb  atomkernel.o [1]
u8g_draw_glyph          0x00886d   0x60  Code  Gb  atomkernel.o [1]
u8g_font_04b_24         0x00a0c1  0x390  Data  Gb  atomkernel.o [1]
u8g_font_calc_vref_font
                        0x00877f    0x2  Code  Gb  atomkernel.o [1]
u8g_page_First          0x008507   0x13  Code  Gb  atomkernel.o [1]
u8g_page_Next           0x0084d5   0x32  Code  Gb  atomkernel.o [1]
u8g_pb8v1_Set8PixelOpt2
                        0x00826a   0x41  Code  Gb  atomkernel.o [1]
u8g_pb8v1_SetPixel      0x0082ab   0x16  Code  Gb  atomkernel.o [1]
u8g_pb8v1_set_pixel     0x0082c1   0x2b  Code  Gb  atomkernel.o [1]
u8g_pb_Clear            0x0084b7    0xf  Code  Gb  atomkernel.o [1]
u8g_pb_GetPageBox       0x00845b   0x1f  Code  Gb  atomkernel.o [1]
u8g_pb_Is8PixelVisible  0x00842f   0x2c  Code  Gb  atomkernel.o [1]
u8g_pb_IsYIntersection  0x00847a   0x3d  Code  Gb  atomkernel.o [1]
u8g_pb_WriteBuffer      0x008418   0x17  Code  Gb  atomkernel.o [1]
u8g_state_dummy_cb      0x0081f8    0x1  Code  Gb  atomkernel.o [1]
uartProcess_tcb         0x0009a2   0x18  Data  Gb  atomkernel.o [1]
uartProcess_thread_func
                        0x00b3b4   0x85  Code  Gb  atomkernel.o [1]
uartRxsem               0x0009c8    0x3  Data  Gb  atomkernel.o [1]
uart_init               0x00b98f   0x34  Code  Gb  atomkernel.o [1]
uart_putchar            0x00b9c3   0x34  Code  Gb  atomkernel.o [1]


[1] = E:\projects\atomthread\kelvinlawson-atomthreads-f29a33f\ports\stm8\Debug\Obj
[2] = command line
[3] = dbgstm8smd.a
[4] = dlstm8smn.a

  14 508 bytes of readonly  code memory
   1 719 bytes of readonly  data memory
   2 775 bytes of readwrite data memory

Errors: none
Warnings: none
