###############################################################################
#                                                                             #
# IAR ELF Linker V1.40.1.50106 for STM8                 10/Aug/2016  18:05:42 #
# Copyright 2010-2013 IAR Systems AB.                                         #
#                                                                             #
#    Output file  =  D:\projects\atomthread\kelvinlawson-atomthreads-f29a33f\ #
#                    ports\stm8\Debug\Exe\templproj.out                       #
#    Map file     =  D:\projects\atomthread\kelvinlawson-atomthreads-f29a33f\ #
#                    ports\stm8\Debug\List\templproj.map                      #
#    Command line =  D:\projects\atomthread\kelvinlawson-atomthreads-f29a33f\ #
#                    ports\stm8\Debug\Obj\atomkernel.o                        #
#                    D:\projects\atomthread\kelvinlawson-atomthreads-f29a33f\ #
#                    ports\stm8\Debug\Obj\atommutex.o                         #
#                    D:\projects\atomthread\kelvinlawson-atomthreads-f29a33f\ #
#                    ports\stm8\Debug\Obj\atomport-asm-iar.o                  #
#                    D:\projects\atomthread\kelvinlawson-atomthreads-f29a33f\ #
#                    ports\stm8\Debug\Obj\atomport.o                          #
#                    D:\projects\atomthread\kelvinlawson-atomthreads-f29a33f\ #
#                    ports\stm8\Debug\Obj\atomqueue.o                         #
#                    D:\projects\atomthread\kelvinlawson-atomthreads-f29a33f\ #
#                    ports\stm8\Debug\Obj\atomsem.o                           #
#                    D:\projects\atomthread\kelvinlawson-atomthreads-f29a33f\ #
#                    ports\stm8\Debug\Obj\atomtimer.o                         #
#                    D:\projects\atomthread\kelvinlawson-atomthreads-f29a33f\ #
#                    ports\stm8\Debug\Obj\gpsprocessthread.o                  #
#                    D:\projects\atomthread\kelvinlawson-atomthreads-f29a33f\ #
#                    ports\stm8\Debug\Obj\mainthread.o                        #
#                    D:\projects\atomthread\kelvinlawson-atomthreads-f29a33f\ #
#                    ports\stm8\Debug\Obj\stm8s_clk.o                         #
#                    D:\projects\atomthread\kelvinlawson-atomthreads-f29a33f\ #
#                    ports\stm8\Debug\Obj\stm8s_gpio.o                        #
#                    D:\projects\atomthread\kelvinlawson-atomthreads-f29a33f\ #
#                    ports\stm8\Debug\Obj\stm8s_itc.o                         #
#                    D:\projects\atomthread\kelvinlawson-atomthreads-f29a33f\ #
#                    ports\stm8\Debug\Obj\stm8s_spi.o                         #
#                    D:\projects\atomthread\kelvinlawson-atomthreads-f29a33f\ #
#                    ports\stm8\Debug\Obj\stm8s_tim1.o                        #
#                    D:\projects\atomthread\kelvinlawson-atomthreads-f29a33f\ #
#                    ports\stm8\Debug\Obj\stm8s_uart3.o                       #
#                    D:\projects\atomthread\kelvinlawson-atomthreads-f29a33f\ #
#                    ports\stm8\Debug\Obj\uart.o                              #
#                    D:\projects\atomthread\kelvinlawson-atomthreads-f29a33f\ #
#                    ports\stm8\Debug\Obj\uartrxthread.o --redirect           #
#                    _Printf=_PrintfFullNoMb --redirect                       #
#                    _Scanf=_ScanfFullNoMb -o D:\projects\atomthread\kelvinla #
#                    wson-atomthreads-f29a33f\ports\stm8\Debug\Exe\templproj. #
#                    out --map D:\projects\atomthread\kelvinlawson-atomthread #
#                    s-f29a33f\ports\stm8\Debug\List\templproj.map --config   #
#                    "D:\Program Files (x86)\IAR Systems\Embedded Workbench   #
#                    6.5\stm8\config\lnkstm8s207r8.icf" --config_def          #
#                    _CSTACK_SIZE=0x100 --config_def _HEAP_SIZE=0x100         #
#                    --entry __iar_program_start --debug_lib                  #
#                                                                             #
#                                                                             #
###############################################################################

*******************************************************************************
*** RUNTIME MODEL ATTRIBUTES
***

__SystemLibrary            = DLib
__code_model               = small
__core                     = stm8
__data_model               = medium
__dlib_file_descriptor     = 0
__dlib_full_locale_support = 0
__rt_version               = 4


*******************************************************************************
*** PLACEMENT SUMMARY
***

"A1":  place at start of [0x000000-0x0000ff] { rw section .vregs };
"A2":  place at end of [0x000000-0x0017ff] { block CSTACK };
"P2":  place in [from 0x000000 to 0x0017ff] {
          block HEAP, rw section .far.bss, rw section .far.data,
          rw section .far.noinit, rw section .far_func.textrw,
          rw section .huge.bss, rw section .huge.data, rw section .huge.noinit,
          rw section .huge_func.textrw, rw section .iar.dynexit,
          rw section .near.bss, rw section .near.data, rw section .near.noinit,
          rw section .near_func.textrw };
"A3":  place at start of [0x008000-0x00ffff] { block INTVEC };
"P3":  place in [from 0x008000 to 0x00ffff] {
          ro section .far.data_init, ro section .far_func.textrw_init,
          ro section .huge.data_init, ro section .huge_func.textrw_init,
          ro section .iar.init_table, ro section .init_array,
          ro section .near.data_init, ro section .near.rodata,
          ro section .near_func.text, ro section .near_func.textrw_init,
          ro section .tiny.data_init, ro section .tiny.rodata_init };

  Section            Kind      Address    Size  Object
  -------            ----      -------    ----  ------
"A1":                                     0x10
  .vregs             uninit   0x000000    0x10  vregs.o [4]
                            - 0x000010    0x10

"P2", part 1 of 2:                         0x2
  P2 s0                       0x000010     0x2  <Init block>
    .near.data       inited   0x000010     0x2  atomkernel.o [1]
                            - 0x000012     0x2

"P2", part 2 of 2:                       0x8c3
  .near.bss          zero     0x000012   0x3e8  atomkernel.o [1]
  .near.bss          zero     0x0003fa   0x190  atomkernel.o [1]
  .near.bss          zero     0x00058a   0x11f  atomkernel.o [1]
  .near.bss          zero     0x0006a9   0x100  atomkernel.o [1]
  .near.bss          zero     0x0007a9    0x65  atomkernel.o [1]
  .near.bss          zero     0x00080e    0x4c  atomkernel.o [1]
  .near.bss          zero     0x00085a    0x19  atomkernel.o [1]
  .near.bss          zero     0x000873    0x19  atomkernel.o [1]
  .near.bss          zero     0x00088c    0x19  atomkernel.o [1]
  .near.bss          zero     0x0008a5     0x5  atomkernel.o [1]
  .near.bss          zero     0x0008aa     0x5  atomkernel.o [1]
  .near.bss          zero     0x0008af     0x4  atomkernel.o [1]
  .near.bss          zero     0x0008b3     0x4  atomkernel.o [1]
  .near.bss          zero     0x0008b7     0x4  atomkernel.o [1]
  .near.bss          zero     0x0008bb     0x4  atomkernel.o [1]
  .near.bss          zero     0x0008bf     0x3  atomkernel.o [1]
  .near.bss          zero     0x0008c2     0x3  atomkernel.o [1]
  .near.bss          zero     0x0008c5     0x2  atomkernel.o [1]
  .near.bss          zero     0x0008c7     0x2  atomkernel.o [1]
  .near.bss          zero     0x0008c9     0x2  atomkernel.o [1]
  .near.bss          zero     0x0008cb     0x2  atomkernel.o [1]
  .near.bss          zero     0x0008cd     0x2  strtok.o [4]
  .near.bss          zero     0x0008cf     0x2  strtok.o [4]
  .near.bss          zero     0x0008d1     0x2  errno.o [4]
  .near.bss          zero     0x0008d3     0x1  atomkernel.o [1]
  .near.bss          zero     0x0008d4     0x1  atomkernel.o [1]
                            - 0x0008d5   0x8c3

"A2":                                    0x100
  CSTACK                      0x001700   0x100  <Block>
    CSTACK           uninit   0x001700   0x100  <Block tail>
                            - 0x001800   0x100

"A3":                                     0x80
  INTVEC                      0x008000    0x80  <Block>
    .intvec          const    0x008000    0x80  interrupt.o [4]
                            - 0x008080    0x80

"P3":                                   0x3df6
  .near_func.text    ro code  0x008080   0x952  atomkernel.o [1]
  .near_func.text    ro code  0x0089d2   0x48f  float.o [4]
  .near_func.text    ro code  0x008e61   0x42f  xprintffull_nomb.o [4]
  .near_func.text    ro code  0x009290   0x410  xprintffull_nomb.o [4]
  .near_func.text    ro code  0x0096a0   0x385  xprintffull_nomb.o [4]
  .near_func.text    ro code  0x009a25   0x272  xstoflt.o [4]
  .near_func.text    ro code  0x009c97   0x262  long.o [4]
  .near_func.text    ro code  0x009ef9   0x19e  vreg_util.o [4]
  .near_func.text    ro code  0x00a097   0x181  float_libsup.o [4]
  .near_func.text    ro code  0x00a218   0x17a  atomkernel.o [1]
  .near_func.text    ro code  0x00a392   0x171  xprintffull_nomb.o [4]
  .near_func.text    ro code  0x00a503   0x168  xdtento.o [4]
  .near_func.text    ro code  0x00a66b   0x14c  atomkernel.o [1]
  .near_func.text    ro code  0x00a7b7   0x111  fmod.o [4]
  .near_func.text    ro code  0x00a8c8   0x100  xstopfx.o [4]
  .near_func.text    ro code  0x00a9c8    0xe5  xsin.o [4]
  .near_func.text    ro code  0x00aaad    0xe3  sqrt.o [4]
  .near_func.text    ro code  0x00ab90    0xe1  xstod.o [4]
  .near_func.text    ro code  0x00ac71    0xd8  xatan.o [4]
  .near_func.text    ro code  0x00ad49    0xca  long_util.o [4]
  .near_func.text    ro code  0x00ae13    0xb7  atomkernel.o [1]
  .near_func.text    ro code  0x00aeca    0x9d  atomkernel.o [1]
  .near_func.text    ro code  0x00af67    0x98  atomkernel.o [1]
  .near_func.text    ro code  0x00afff    0x97  xquad.o [4]
  .near_func.text    ro code  0x00b096    0x96  atomkernel.o [1]
  .near_func.text    ro code  0x00b12c    0x95  atomkernel.o [1]
  .near_func.text    ro code  0x00b1c1    0x8f  atomkernel.o [1]
  .near_func.text    ro code  0x00b250    0x8a  atomkernel.o [1]
  .near_func.text    ro code  0x00b2da    0x88  atomkernel.o [1]
  .near_func.text    ro code  0x00b362    0x75  acos.o [4]
  .near_func.text    ro code  0x00b3d7    0x5f  atomkernel.o [1]
  .near_func.text    ro code  0x00b436    0x59  atomkernel.o [1]
  .near_func.text    ro code  0x00b48f    0x58  atomport-asm-iar.o [1]
  .near_func.text    ro code  0x00b4e7    0x54  short.o [4]
  .near_func.text    ro code  0x00b53b    0x51  strtok.o [4]
  .near_func.text    ro code  0x00b58c    0x43  xprintffull_nomb.o [4]
  .near_func.text    ro code  0x00b5cf    0x3f  xprintffull_nomb.o [4]
  .near_func.text    ro code  0x00b60e    0x3d  atomkernel.o [1]
  .near_func.text    ro code  0x00b64b    0x3d  fabs.o [4]
  .near_func.text    const    0x00b688    0x3c  xprintffull_nomb.o [4]
  .near_func.text    ro code  0x00b6c4    0x3b  atomkernel.o [1]
  .near_func.text    ro code  0x00b6ff    0x39  xprintffull_nomb.o [4]
  .near_func.text    ro code  0x00b738    0x34  atomkernel.o [1]
  .near_func.text    ro code  0x00b76c    0x34  atomkernel.o [1]
  .near_func.text    ro code  0x00b7a0    0x33  xprintffull_nomb.o [4]
  .near_func.text    ro code  0x00b7d3    0x30  div.o [4]
  .near_func.text    ro code  0x00b803    0x2f  xprintffull_nomb.o [4]
  .near_func.text    ro code  0x00b832    0x2e  strncpy.o [4]
  .near_func.text    ro code  0x00b860    0x2c  dc_util.o [4]
  .near_func.text    ro code  0x00b88c    0x2c  xdtento.o [4]
  .near_func.text    ro code  0x00b8b8    0x2b  putchar.o [4]
  .near_func.text    ro code  0x00b8e3    0x2a  atomkernel.o [1]
  .near_func.text    ro code  0x00b90d    0x2a  atomkernel.o [1]
  .near_func.text    ro code  0x00b937    0x29  atomkernel.o [1]
  .near_func.text    ro code  0x00b960    0x28  xstopfx.o [4]
  .near_func.text    ro code  0x00b988    0x28  init_small.o [4]
  .near_func.text    ro code  0x00b9b0    0x26  strspn.o [4]
  .near_func.text    ro code  0x00b9d6    0x25  memcpy.o [4]
  .near_func.text    ro code  0x00b9fb    0x23  atomkernel.o [1]
  .near_func.text    ro code  0x00ba1e    0x22  strcmp.o [4]
  .near_func.text    ro code  0x00ba40    0x21  strcspn.o [4]
  .iar.init_table    const    0x00ba61    0x12  - Linker created -
  .near.rodata       const    0x00ba73    0x20  xatan.o [4]
  .near_func.text    ro code  0x00ba93    0x20  printf.o [4]
  .near_func.text    ro code  0x00bab3    0x1e  init_small.o [4]
  .near_func.text    ro code  0x00bad1    0x1d  acos.o [4]
  .near_func.text    ro code  0x00baee    0x1c  atomkernel.o [1]
  .near_func.text    ro code  0x00bb0a    0x19  xprout.o [4]
  .near.rodata       const    0x00bb23    0x18  xdtento.o [4]
  .near_func.text    ro code  0x00bb3b    0x18  xprintffull_nomb.o [4]
  .near_func.text    ro code  0x00bb53    0x17  init.o [4]
  .near_func.text    ro code  0x00bb6a    0x15  memchr.o [4]
  .near_func.text    ro code  0x00bb7f    0x15  strchr.o [4]
  .near_func.text    ro code  0x00bb94    0x14  __dbg_xxexit.o [3]
  .near_func.text    ro code  0x00bba8    0x13  cstartup.o [4]
  .near.rodata       const    0x00bbbb    0x12  atomkernel.o [1]
  .near_func.text    ro code  0x00bbcd    0x12  strlen.o [4]
  .near_func.text    ro code  0x00bbdf    0x10  xstoflt.o [4]
  .near_func.text    ro code  0x00bbef     0xf  atomkernel.o [1]
  .near_func.text    ro code  0x00bbfe     0xe  atomkernel.o [1]
  .near_func.text    ro code  0x00bc0c     0xe  atomkernel.o [1]
  .near_func.text    ro code  0x00bc1a     0xe  xstoflt.o [4]
  .near_func.text    ro code  0x00bc28     0xd  move.o [4]
  .near_func.text    ro code  0x00bc35     0xc  atomkernel.o [1]
  .near_func.text    ro code  0x00bc41     0xc  atomkernel.o [1]
  .near_func.text    ro code  0x00bc4d     0xc  xdtento.o [4]
  .near_func.text    ro code  0x00bc59     0xc  xprintffull_nomb.o [4]
  .near_func.text    ro code  0x00bc65     0xc  switch.o [4]
  .near_func.text    ro code  0x00bc71     0xb  atomkernel.o [1]
  .near_func.text    ro code  0x00bc7c     0xb  xprintffull_nomb.o [4]
  .near_func.text    ro code  0x00bc87     0xa  strncpy.o [4]
  .near_func.text    ro code  0x00bc91     0xa  xprintffull_nomb.o [4]
  .near_func.text    ro code  0x00bc9b     0xa  xprintffull_nomb.o [4]
  .near_func.text    ro code  0x00bca5     0xa  xprintffull_nomb.o [4]
  .near_func.text    ro code  0x00bcaf     0xa  xprintffull_nomb.o [4]
  .near.rodata       const    0x00bcb9     0x9  atomkernel.o [1]
  .near_func.text    ro code  0x00bcc2     0x9  atomkernel.o [1]
  .near_func.text    ro code  0x00bccb     0x9  atomkernel.o [1]
  .near_func.text    ro code  0x00bcd4     0x9  atomkernel.o [1]
  .near_func.text    ro code  0x00bcdd     0x9  atomkernel.o [1]
  .near_func.text    ro code  0x00bce6     0x9  xstoflt.o [4]
  .near_func.text    ro code  0x00bcef     0x9  xdtento.o [4]
  .near_func.text    ro code  0x00bcf8     0x9  xprintffull_nomb.o [4]
  .near_func.text    ro code  0x00bd01     0x9  xprintffull_nomb.o [4]
  .near_func.text    ro code  0x00bd0a     0x9  xprintffull_nomb.o [4]
  .near_func.text    ro code  0x00bd13     0x9  xprintffull_nomb.o [4]
  .near_func.text    ro code  0x00bd1c     0x9  xprintffull_nomb.o [4]
  .near_func.text    ro code  0x00bd25     0x9  xprintffull_nomb.o [4]
  .near.rodata       const    0x00bd2e     0x8  atomkernel.o [1]
  .near_func.text    ro code  0x00bd36     0x8  atomkernel.o [1]
  .near_func.text    ro code  0x00bd3e     0x8  atomkernel.o [1]
  .near_func.text    ro code  0x00bd46     0x8  atomkernel.o [1]
  .near_func.text    ro code  0x00bd4e     0x8  atomkernel.o [1]
  .near_func.text    ro code  0x00bd56     0x8  atomkernel.o [1]
  .near_func.text    ro code  0x00bd5e     0x8  atomkernel.o [1]
  .near_func.text    ro code  0x00bd66     0x8  atomkernel.o [1]
  .near_func.text    ro code  0x00bd6e     0x8  atomkernel.o [1]
  .near_func.text    ro code  0x00bd76     0x8  xstoflt.o [4]
  .near_func.text    ro code  0x00bd7e     0x8  xstopfx.o [4]
  .near_func.text    ro code  0x00bd86     0x8  xprintffull_nomb.o [4]
  .near_func.text    ro code  0x00bd8e     0x8  xprintffull_nomb.o [4]
  .near_func.text    ro code  0x00bd96     0x8  xprintffull_nomb.o [4]
  .near_func.text    ro code  0x00bd9e     0x8  xprintffull_nomb.o [4]
  .near_func.text    ro code  0x00bda6     0x8  fmod.o [4]
  .near.rodata       const    0x00bdae     0x7  atomkernel.o [1]
  .near.rodata       const    0x00bdb5     0x7  xprintffull_nomb.o [4]
  .near_func.text    ro code  0x00bdbc     0x7  atomkernel.o [1]
  .near_func.text    ro code  0x00bdc3     0x7  atomkernel.o [1]
  .near_func.text    ro code  0x00bdca     0x7  atomkernel.o [1]
  .near_func.text    ro code  0x00bdd1     0x7  atomkernel.o [1]
  .near_func.text    ro code  0x00bdd8     0x7  atomkernel.o [1]
  .near_func.text    ro code  0x00bddf     0x7  xdtento.o [4]
  .near_func.text    ro code  0x00bde6     0x7  xprintffull_nomb.o [4]
  .near_func.text    ro code  0x00bded     0x7  xprintffull_nomb.o [4]
  .near_func.text    ro code  0x00bdf4     0x7  xprintffull_nomb.o [4]
  .near_func.text    ro code  0x00bdfb     0x7  xprintffull_nomb.o [4]
  .near_func.text    ro code  0x00be02     0x6  atomkernel.o [1]
  .near_func.text    ro code  0x00be08     0x6  atomkernel.o [1]
  .near_func.text    ro code  0x00be0e     0x6  atomkernel.o [1]
  .near_func.text    ro code  0x00be14     0x6  atomkernel.o [1]
  .near_func.text    ro code  0x00be1a     0x6  xstoflt.o [4]
  .near_func.text    ro code  0x00be20     0x6  xprintffull_nomb.o [4]
  .near_func.text    ro code  0x00be26     0x6  xprintffull_nomb.o [4]
  .near_func.text    ro code  0x00be2c     0x6  xprintffull_nomb.o [4]
  .near.rodata       const    0x00be32     0x5  atomkernel.o [1]
  .near_func.text    ro code  0x00be37     0x5  xprintffull_nomb.o [4]
  .near_func.text    ro code  0x00be3c     0x5  cexit.o [4]
  .near.rodata       const    0x00be41     0x4  atomkernel.o [1]
  .near.rodata       const    0x00be45     0x4  xprintffull_nomb.o [4]
  .near.rodata       const    0x00be49     0x4  xprintffull_nomb.o [4]
  .near.rodata       const    0x00be4d     0x4  xprintffull_nomb.o [4]
  .near.rodata       const    0x00be51     0x4  xprintffull_nomb.o [4]
  .near_func.text    ro code  0x00be55     0x4  atomkernel.o [1]
  .near_func.text    ro code  0x00be59     0x4  atomkernel.o [1]
  .near.rodata       const    0x00be5d     0x3  atomkernel.o [1]
  .near.rodata       const    0x00be60     0x3  atomkernel.o [1]
  .near_func.text    ro code  0x00be63     0x3  interrupt.o [4]
  .near_func.text    ro code  0x00be66     0x3  low_level_init.o [4]
  .near_func.text    ro code  0x00be69     0x3  exit.o [4]
  .near_func.text    ro code  0x00be6c     0x3  unhandled_exception.o [4]
  .near.rodata       const    0x00be6f     0x2  atomkernel.o [1]
  .near.rodata       const    0x00be71     0x2  xprintffull_nomb.o [4]
  .near_func.text    ro code  0x00be73     0x1  __dbg_break.o [3]
  Initializer bytes  ro data  0x00be74     0x2  <for P2 s0>
                            - 0x00be76  0x3df6


*******************************************************************************
*** INIT TABLE
***

          Address   Size
          -------   ----
Zero (__iar_zero_init2)
    1 destination range, total size 0x8c3:
          0x000012  0x8c3

Copy (__iar_copy_init2)
    1 source range, total size 0x2:
          0x00be74    0x2
    1 destination range, total size 0x2:
          0x000010    0x2



*******************************************************************************
*** MODULE SUMMARY
***

    Module                 ro code  ro data  rw data
    ------                 -------  -------  -------
D:\projects\atomthread\kelvinlawson-atomthreads-f29a33f\ports\stm8\Debug\Obj: [1]
    atomkernel.o             5 145       61    2 239
    atomport-asm-iar.o          88
    ------------------------------------------------
    Total:                   5 233       61    2 239

command line: [2]
    ------------------------------------------------
    Total:

dbgstm8smd.a: [3]
    __dbg_break.o                1
    __dbg_xxexit.o              20
    ------------------------------------------------
    Total:                      21

dlstm8smn.a: [4]
    acos.o                     146
    cexit.o                      5
    cstartup.o                  19
    dc_util.o                   44
    div.o                       48
    errno.o                                        2
    exit.o                       3
    fabs.o                      61
    float.o                  1 167
    float_libsup.o             385
    fmod.o                     281
    init.o                      23
    init_small.o                70
    interrupt.o                  3      128
    long.o                     610
    long_util.o                202
    low_level_init.o             3
    memchr.o                    21
    memcpy.o                    37
    move.o                      13
    printf.o                    32
    putchar.o                   43
    short.o                     84
    sqrt.o                     227
    strchr.o                    21
    strcmp.o                    34
    strcspn.o                   33
    strlen.o                    18
    strncpy.o                   56
    strspn.o                    38
    strtok.o                    81                 4
    switch.o                    12
    unhandled_exception.o        3
    vreg_util.o                414
    vregs.o                                       16
    xatan.o                    216       32
    xdtento.o                  432       24
    xprintffull_nomb.o       3 890       85
    xprout.o                    25
    xquad.o                    151
    xsin.o                     229
    xstod.o                    225
    xstoflt.o                  679
    xstopfx.o                  304
    ------------------------------------------------
    Total:                  10 388      269       22

    Linker created                       18      256
----------------------------------------------------
    Grand Total:            15 642      348    2 517


*******************************************************************************
*** ENTRY LIST
***

Entry                    Address   Size  Type      Object
-----                    -------   ----  ----      ------
?add32_l0_l0_0x         0x009ce5         Code  Gb  long.o [4]
?add32_l0_l0_dl         0x009cdd         Code  Gb  long.o [4]
?add32_l0_l0_l1         0x009ce2         Code  Gb  long.o [4]
?and32_l0_l0_0x         0x009e8a         Code  Gb  long.o [4]
?and32_l0_l0_l1         0x009e87         Code  Gb  long.o [4]
?b0                     0x000000         Data  Gb  vregs.o [4]
?b1                     0x000001         Data  Gb  vregs.o [4]
?b10                    0x00000a         Data  Gb  vregs.o [4]
?b11                    0x00000b         Data  Gb  vregs.o [4]
?b12                    0x00000c         Data  Gb  vregs.o [4]
?b13                    0x00000d         Data  Gb  vregs.o [4]
?b14                    0x00000e         Data  Gb  vregs.o [4]
?b15                    0x00000f         Data  Gb  vregs.o [4]
?b2                     0x000002         Data  Gb  vregs.o [4]
?b3                     0x000003         Data  Gb  vregs.o [4]
?b4                     0x000004         Data  Gb  vregs.o [4]
?b5                     0x000005         Data  Gb  vregs.o [4]
?b6                     0x000006         Data  Gb  vregs.o [4]
?b7                     0x000007         Data  Gb  vregs.o [4]
?b8                     0x000008         Data  Gb  vregs.o [4]
?b9                     0x000009         Data  Gb  vregs.o [4]
?dc32_l0                0x00b867         Code  Gb  dc_util.o [4]
?dc32_l1                0x00b874         Code  Gb  dc_util.o [4]
?dc32_px                0x00b881         Code  Gb  dc_util.o [4]
?dc8_px                 0x00b860         Code  Gb  dc_util.o [4]
?dec32_0x_0x            0x009cc9         Code  Gb  long.o [4]
?dec32_l0_l0            0x009cba         Code  Gb  long.o [4]
?dec32_l1_l1            0x009cbf         Code  Gb  long.o [4]
?dec32_l2_l2            0x009cc4         Code  Gb  long.o [4]
?e0                     0x000001         Data  Gb  vregs.o [4]
?e1                     0x000005         Data  Gb  vregs.o [4]
?e2                     0x000009         Data  Gb  vregs.o [4]
?e3                     0x00000d         Data  Gb  vregs.o [4]
?epilogue_l2            0x009fa3         Code  Gb  vreg_util.o [4]
?epilogue_l2_l3         0x009fa0         Code  Gb  vreg_util.o [4]
?epilogue_l2_w6         0x009fa7         Code  Gb  vreg_util.o [4]
?epilogue_w4            0x009fae         Code  Gb  vreg_util.o [4]
?fadd32_l0_l0_0x        0x0089ff         Code  Gb  float.o [4]
?fadd32_l0_l0_dc32      0x0089fa         Code  Gb  float.o [4]
?fadd32_l0_l0_l1        0x008a02         Code  Gb  float.o [4]
?fcastf32s32_l0_l0      0x008d10         Code  Gb  float.o [4]
?fcastf32u32_l0_l0      0x008d1b         Code  Gb  float.o [4]
?fcasts32f32_l0_l0      0x008caf         Code  Gb  float.o [4]
?fcastu32f32_l0_l0      0x008c98         Code  Gb  float.o [4]
?fcmpeq32_c_0x_fzero    0x008c29         Code  Gb  float.o [4]
?fcmpeq32_c_l0_fzero    0x008c26         Code  Gb  float.o [4]
?fcmpge32_c_l0_0x       0x008c39         Code  Gb  float.o [4]
?fcmpge32_c_l0_dc32     0x008c31         Code  Gb  float.o [4]
?fcmpge32_c_l0_l1       0x008c36         Code  Gb  float.o [4]
?fcmplt32_c_l0_0x       0x008c42         Code  Gb  float.o [4]
?fcmplt32_c_l0_dc32     0x008c3d         Code  Gb  float.o [4]
?fdiv32_l0_l0_dc32      0x008b73         Code  Gb  float.o [4]
?fdiv32_l0_l0_l1        0x008b78         Code  Gb  float.o [4]
?fmul32_l0_l0_0x        0x008ad5         Code  Gb  float.o [4]
?fmul32_l0_l0_dc32      0x008ad0         Code  Gb  float.o [4]
?fmul32_l0_l0_l1        0x008ad8         Code  Gb  float.o [4]
?fsub32_l0_dc32_l1      0x0089ef         Code  Gb  float.o [4]
?fsub32_l0_l0_l1        0x0089f4         Code  Gb  float.o [4]
?inc32_0x_0x            0x009cac         Code  Gb  long.o [4]
?inc32_l0_l0            0x009ca7         Code  Gb  long.o [4]
?l0                     0x000000         Data  Gb  vregs.o [4]
?l1                     0x000004         Data  Gb  vregs.o [4]
?l2                     0x000008         Data  Gb  vregs.o [4]
?l3                     0x00000c         Data  Gb  vregs.o [4]
?load32_0x_l0           0x00adca         Code  Gb  long_util.o [4]
?load32_0x_l1           0x00add8         Code  Gb  long_util.o [4]
?load32_0x_l2           0x00adf7         Code  Gb  long_util.o [4]
?load32_0x_l3           0x00ae05         Code  Gb  long_util.o [4]
?load32_asp_l0          0x00adbe         Code  Gb  long_util.o [4]
?load32_asp_l2          0x00adeb         Code  Gb  long_util.o [4]
?load32_dbsp_l0         0x00adb9         Code  Gb  long_util.o [4]
?load32_dbsp_l2         0x00ade6         Code  Gb  long_util.o [4]
?load32_l0_0x           0x00ad59         Code  Gb  long_util.o [4]
?load32_l0_asp          0x00ad4e         Code  Gb  long_util.o [4]
?load32_l0_dbsp         0x00ad49         Code  Gb  long_util.o [4]
?load32_l0_xsp          0x00ad50         Code  Gb  long_util.o [4]
?load32_l1_0x           0x00ad75         Code  Gb  long_util.o [4]
?load32_l1_asp          0x00ad6a         Code  Gb  long_util.o [4]
?load32_l1_dbsp         0x00ad65         Code  Gb  long_util.o [4]
?load32_l1_xsp          0x00ad6c         Code  Gb  long_util.o [4]
?load32_l2_0x           0x00ad91         Code  Gb  long_util.o [4]
?load32_l2_asp          0x00ad86         Code  Gb  long_util.o [4]
?load32_l2_dbsp         0x00ad81         Code  Gb  long_util.o [4]
?load32_l2_xsp          0x00ad88         Code  Gb  long_util.o [4]
?load32_l3_0x           0x00adad         Code  Gb  long_util.o [4]
?load32_l3_asp          0x00ada2         Code  Gb  long_util.o [4]
?load32_l3_dbsp         0x00ad9d         Code  Gb  long_util.o [4]
?load32_l3_xsp          0x00ada4         Code  Gb  long_util.o [4]
?load32_xsp_l0          0x00adc0         Code  Gb  long_util.o [4]
?load32_xsp_l2          0x00aded         Code  Gb  long_util.o [4]
?mov_e0_e1              0x00a025         Code  Gb  vreg_util.o [4]
?mov_e0_e2              0x00a032         Code  Gb  vreg_util.o [4]
?mov_e0_e3              0x00a03f         Code  Gb  vreg_util.o [4]
?mov_e1_e0              0x00a04c         Code  Gb  vreg_util.o [4]
?mov_e1_e2              0x00a059         Code  Gb  vreg_util.o [4]
?mov_e1_e3              0x00a066         Code  Gb  vreg_util.o [4]
?mov_e2_e0              0x00a073         Code  Gb  vreg_util.o [4]
?mov_e2_e1              0x00a080         Code  Gb  vreg_util.o [4]
?mov_e3_e0              0x00a08d         Code  Gb  vreg_util.o [4]
?mov_l0_l1              0x00a022         Code  Gb  vreg_util.o [4]
?mov_l0_l2              0x00a02f         Code  Gb  vreg_util.o [4]
?mov_l0_l3              0x00a03c         Code  Gb  vreg_util.o [4]
?mov_l1_l0              0x00a049         Code  Gb  vreg_util.o [4]
?mov_l1_l2              0x00a056         Code  Gb  vreg_util.o [4]
?mov_l1_l3              0x00a063         Code  Gb  vreg_util.o [4]
?mov_l2_l0              0x00a070         Code  Gb  vreg_util.o [4]
?mov_l2_l1              0x00a07d         Code  Gb  vreg_util.o [4]
?mov_l3_l0              0x00a08a         Code  Gb  vreg_util.o [4]
?mov_w0_w1              0x009fb2         Code  Gb  vreg_util.o [4]
?mov_w0_w2              0x009fb9         Code  Gb  vreg_util.o [4]
?mov_w0_w4              0x009fc0         Code  Gb  vreg_util.o [4]
?mov_w0_w5              0x009fc7         Code  Gb  vreg_util.o [4]
?mov_w1_w2              0x009fce         Code  Gb  vreg_util.o [4]
?mov_w1_w3              0x00a028         Code  Gb  vreg_util.o [4]
?mov_w1_w5              0x00a035         Code  Gb  vreg_util.o [4]
?mov_w1_w7              0x00a042         Code  Gb  vreg_util.o [4]
?mov_w2_w0              0x009fd5         Code  Gb  vreg_util.o [4]
?mov_w2_w1              0x009fdc         Code  Gb  vreg_util.o [4]
?mov_w2_w5              0x009fe3         Code  Gb  vreg_util.o [4]
?mov_w3_w1              0x00a04f         Code  Gb  vreg_util.o [4]
?mov_w3_w2              0x009fea         Code  Gb  vreg_util.o [4]
?mov_w3_w5              0x00a05c         Code  Gb  vreg_util.o [4]
?mov_w3_w7              0x00a069         Code  Gb  vreg_util.o [4]
?mov_w4_w0              0x009ff1         Code  Gb  vreg_util.o [4]
?mov_w4_w1              0x009ff8         Code  Gb  vreg_util.o [4]
?mov_w4_w2              0x009fff         Code  Gb  vreg_util.o [4]
?mov_w4_w5              0x00a006         Code  Gb  vreg_util.o [4]
?mov_w5_w0              0x00a00d         Code  Gb  vreg_util.o [4]
?mov_w5_w1              0x00a076         Code  Gb  vreg_util.o [4]
?mov_w5_w3              0x00a083         Code  Gb  vreg_util.o [4]
?mov_w5_w4              0x00a014         Code  Gb  vreg_util.o [4]
?mov_w6_w1              0x00a01b         Code  Gb  vreg_util.o [4]
?mov_w7_w1              0x00a090         Code  Gb  vreg_util.o [4]
?move1616_v_x_y_a       0x00bc28         Code  Gb  move.o [4]
?mul16_x_x_w0           0x00b4e7         Code  Gb  short.o [4]
?mul32_l0_l0_0x         0x009d1b         Code  Gb  long.o [4]
?mul32_l0_l0_dl         0x009d18         Code  Gb  long.o [4]
?mul32_l0_l0_l1         0x009d24         Code  Gb  long.o [4]
?neg32_l0_l0            0x009c97         Code  Gb  long.o [4]
?pop_l0                 0x009f6c         Code  Gb  vreg_util.o [4]
?pop_l1                 0x009f77         Code  Gb  vreg_util.o [4]
?pop_l2                 0x009f82         Code  Gb  vreg_util.o [4]
?pop_l3                 0x009f8d         Code  Gb  vreg_util.o [4]
?pop_w4                 0x009f25         Code  Gb  vreg_util.o [4]
?pop_w6                 0x009f2c         Code  Gb  vreg_util.o [4]
?push_l0                0x009f3b         Code  Gb  vreg_util.o [4]
?push_l1                0x009f40         Code  Gb  vreg_util.o [4]
?push_l2                0x009f45         Code  Gb  vreg_util.o [4]
?push_l3                0x009f4a         Code  Gb  vreg_util.o [4]
?push_w0                0x009ef9         Code  Gb  vreg_util.o [4]
?push_w1                0x009efe         Code  Gb  vreg_util.o [4]
?push_w2                0x009f03         Code  Gb  vreg_util.o [4]
?push_w4                0x009f08         Code  Gb  vreg_util.o [4]
?push_w6                0x009f0d         Code  Gb  vreg_util.o [4]
?scmp32_c_l0_l1         0x009e70         Code  Gb  long.o [4]
?sdiv16_x_x_y           0x00b505         Code  Gb  short.o [4]
?sdiv32_l0_l0_dl        0x009e1c         Code  Gb  long.o [4]
?sdiv32_l0_l0_l1        0x009e1f         Code  Gb  long.o [4]
?sext32_l0_a            0x009eec         Code  Gb  long.o [4]
?sext32_l0_x            0x009ee1         Code  Gb  long.o [4]
?sll16_x_x_a            0x00b52e         Code  Gb  short.o [4]
?sll32_0x_0x_a          0x009ea9         Code  Gb  long.o [4]
?sll32_l0_l0_a          0x009ea6         Code  Gb  long.o [4]
?sll32_l0_l0_db         0x009ea2         Code  Gb  long.o [4]
?smod16_y_x_y           0x00b51e         Code  Gb  short.o [4]
?smod32_l1_l0_l1        0x009e1f         Code  Gb  long.o [4]
?sra32_0x_0x_a          0x009ed3         Code  Gb  long.o [4]
?sra32_l0_l0_a          0x009ed0         Code  Gb  long.o [4]
?sra32_l0_l0_db         0x009ecc         Code  Gb  long.o [4]
?srl16_x_x_4            0x00b536         Code  Gb  short.o [4]
?srl32_0x_0x_a          0x009ebe         Code  Gb  long.o [4]
?srl32_l0_l0_a          0x009ebb         Code  Gb  long.o [4]
?srl32_l0_l0_db         0x009eb7         Code  Gb  long.o [4]
?sub32_l0_l0_0x         0x009d00         Code  Gb  long.o [4]
?sub32_l0_l0_l1         0x009cfd         Code  Gb  long.o [4]
?switch8vlt_0x_a_0x     0x00bc65         Code  Gb  switch.o [4]
?ucmp32_c_l0_l1         0x009e65         Code  Gb  long.o [4]
?udiv32_l0_dl_l1        0x009da7         Code  Gb  long.o [4]
?udiv32_l0_l0_dl        0x009dac         Code  Gb  long.o [4]
?udiv32_l0_l0_l1        0x009daf         Code  Gb  long.o [4]
?umod32_l1_l0_dl        0x009da2         Code  Gb  long.o [4]
?umod32_l1_l0_l1        0x009daf         Code  Gb  long.o [4]
?w0                     0x000000         Data  Gb  vregs.o [4]
?w1                     0x000002         Data  Gb  vregs.o [4]
?w2                     0x000004         Data  Gb  vregs.o [4]
?w3                     0x000006         Data  Gb  vregs.o [4]
?w4                     0x000008         Data  Gb  vregs.o [4]
?w5                     0x00000a         Data  Gb  vregs.o [4]
?w6                     0x00000c         Data  Gb  vregs.o [4]
?w7                     0x00000e         Data  Gb  vregs.o [4]
CLK_GetClockFreq        0x00b6c4   0x3b  Code  Gb  atomkernel.o [1]
CSTACK$$Base            0x001700          --   Gb  - Linker created -
CSTACK$$Limit           0x001800          --   Gb  - Linker created -
GPSCheckSum             0x00af67   0x98  Code  Gb  atomkernel.o [1]
GPSData                 0x00058a  0x11f  Data  Gb  atomkernel.o [1]
GPSDataCut              0x00b436   0x59  Code  Gb  atomkernel.o [1]
GPSDataProcess          0x00a66b  0x14c  Code  Gb  atomkernel.o [1]
GPSLatProcess           0x00b8e3   0x2a  Code  Gb  atomkernel.o [1]
GPSLonProcess           0x00b90d   0x2a  Code  Gb  atomkernel.o [1]
GPStoDistance           0x00a218  0x17a  Code  Gb  atomkernel.o [1]
HSIDivFactor            0x00be41    0x4  Data  Gb  atomkernel.o [1]
INTVEC$$Base            0x008000          --   Gb  - Linker created -
INTVEC$$Limit           0x008080          --   Gb  - Linker created -
LoadInt                 0x00b5cf   0x3f  Code  Lc  xprintffull_nomb.o [4]
Region$$Table$$Base     0x00ba61          --   Gb  - Linker created -
Region$$Table$$Limit    0x00ba73          --   Gb  - Linker created -
TIM1_DeInit             0x00b1c1   0x8f  Code  Gb  atomkernel.o [1]
TIM1_SystemTickISR      0x008349   0x22  Code  Gb  atomkernel.o [1]
UART3_DeInit            0x00b9fb   0x23  Code  Gb  atomkernel.o [1]
UART3_GetITStatus       0x00b3d7   0x5f  Code  Gb  atomkernel.o [1]
UART3_Init              0x00ae13   0xb7  Code  Gb  atomkernel.o [1]
UART3_RX_IRQHandler     0x00b2da   0x88  Code  Gb  atomkernel.o [1]
_GenldFullNoMb          0x0096a0  0x385  Code  Lc  xprintffull_nomb.o [4]
_LdtobFullNoMb          0x008e61  0x42f  Code  Lc  xprintffull_nomb.o [4]
_LitobFullNoMb          0x00a392  0x171  Code  Lc  xprintffull_nomb.o [4]
_PrintfFullNoMb         0x009290  0x410  Code  Gb  xprintffull_nomb.o [4]
_Prout                  0x00bb0a   0x19  Code  Gb  xprout.o [4]
_PutcharFullNoMb        0x00b803   0x2f  Code  Lc  xprintffull_nomb.o [4]
_PutcharsFullNoMb       0x00b7a0   0x33  Code  Lc  xprintffull_nomb.o [4]
_Stoflt                 0x009a25  0x272  Code  Gb  xstoflt.o [4]
_Stopfx                 0x00a8c8  0x100  Code  Gb  xstopfx.o [4]
_Strtok_ssave           0x0008cd    0x2  Data  Lc  strtok.o [4]
__DebugBreak            0x00be73    0x1  Code  Gb  __dbg_break.o [3]
__exit                  0x00bb94   0x14  Code  Gb  __dbg_xxexit.o [3]
__iar_Atan              0x00ac71   0xd8  Code  Gb  xatan.o [4]
__iar_Dnorm             0x00a0b7         Code  Gb  float_libsup.o [4]
__iar_Dscale            0x00a145         Code  Gb  float_libsup.o [4]
__iar_Dtentox           0x00a503  0x168  Code  Gb  xdtento.o [4]
__iar_Dtest             0x00a097         Code  Gb  float_libsup.o [4]
__iar_Dunscale          0x00a0f3         Code  Gb  float_libsup.o [4]
__iar_Errno             0x0008d1    0x2  Data  Gb  errno.o [4]
__iar_Memchr            0x00bb6a   0x15  Code  Gb  memchr.o [4]
__iar_Quad              0x00afff   0x97  Code  Gb  xquad.o [4]
__iar_Sin               0x00a9c8   0xe5  Code  Gb  xsin.o [4]
__iar_Stod              0x00ab90    0x4  Code  Gb  xstod.o [4]
__iar_Stodx             0x00ab94   0xdd  Code  Gb  xstod.o [4]
__iar_Strchr            0x00bb7f   0x15  Code  Gb  strchr.o [4]
__iar_Tls_setup__Strtok_ssave
                        0x0008cf    0x2  Data  Lc  strtok.o [4]
__iar_copy_init2        0x00b988         Code  Gb  init_small.o [4]
__iar_data_init2        0x00bb53   0x17  Code  Gb  init.o [4]
__iar_program_start     0x00bba8         Code  Gb  cstartup.o [4]
__iar_unhandled_exception
                        0x00be6c         Code  Gb  unhandled_exception.o [4]
__iar_zero_init2        0x00bab3         Code  Gb  init_small.o [4]
__intvec                0x008000         Data  Gb  interrupt.o [4]
__low_level_init        0x00be66    0x3  Code  Gb  low_level_init.o [4]
__write                 0x00b60e   0x3d  Code  Gb  atomkernel.o [1]
_exit                   0x00be3c         Code  Gb  cexit.o [4]
_interrupt_1            0x00be63         Code  Wk  interrupt.o [4]
_interrupt_10           0x00be63         Code  Wk  interrupt.o [4]
_interrupt_11           0x00be63         Code  Wk  interrupt.o [4]
_interrupt_12           0x00be63         Code  Wk  interrupt.o [4]
_interrupt_13           0x008349         Code  Gb  atomkernel.o [1]
_interrupt_14           0x00be63         Code  Wk  interrupt.o [4]
_interrupt_15           0x00be63         Code  Wk  interrupt.o [4]
_interrupt_16           0x00be63         Code  Wk  interrupt.o [4]
_interrupt_17           0x00be63         Code  Wk  interrupt.o [4]
_interrupt_18           0x00be63         Code  Wk  interrupt.o [4]
_interrupt_19           0x00be63         Code  Wk  interrupt.o [4]
_interrupt_2            0x00be63         Code  Wk  interrupt.o [4]
_interrupt_20           0x00be63         Code  Wk  interrupt.o [4]
_interrupt_21           0x00be63         Code  Wk  interrupt.o [4]
_interrupt_22           0x00be63         Code  Wk  interrupt.o [4]
_interrupt_23           0x00b2da         Code  Gb  atomkernel.o [1]
_interrupt_24           0x00be63         Code  Wk  interrupt.o [4]
_interrupt_25           0x00be63         Code  Wk  interrupt.o [4]
_interrupt_26           0x00be63         Code  Wk  interrupt.o [4]
_interrupt_27           0x00be63         Code  Wk  interrupt.o [4]
_interrupt_28           0x00be63         Code  Wk  interrupt.o [4]
_interrupt_29           0x00be63         Code  Wk  interrupt.o [4]
_interrupt_3            0x00be63         Code  Wk  interrupt.o [4]
_interrupt_30           0x00be63         Code  Wk  interrupt.o [4]
_interrupt_31           0x00be63         Code  Wk  interrupt.o [4]
_interrupt_4            0x00be63         Code  Wk  interrupt.o [4]
_interrupt_5            0x00be63         Code  Wk  interrupt.o [4]
_interrupt_6            0x00be63         Code  Wk  interrupt.o [4]
_interrupt_7            0x00be63         Code  Wk  interrupt.o [4]
_interrupt_8            0x00be63         Code  Wk  interrupt.o [4]
_interrupt_9            0x00be63         Code  Wk  interrupt.o [4]
a                       0x00ba73   0x20  Data  Lc  xatan.o [4]
acos                    0x00b362   0x75  Code  Gb  acos.o [4]
archContextSwitch       0x00b48f         Code  Gb  atomport-asm-iar.o [1]
archFirstThreadRestore  0x00b4cc         Code  Gb  atomport-asm-iar.o [1]
archInitSystemTickTimer
                        0x00836b   0x28  Code  Gb  atomkernel.o [1]
archThreadContextInit   0x008393   0x21  Code  Gb  atomkernel.o [1]
atomIntExit             0x00878e    0xa  Code  Gb  atomkernel.o [1]
atomMutexCreate         0x0085c0   0x1c  Code  Gb  atomkernel.o [1]
atomMutexGet            0x0084d7   0xcc  Code  Gb  atomkernel.o [1]
atomMutexPut            0x00841e   0x96  Code  Gb  atomkernel.o [1]
atomOSInit              0x008765   0x29  Code  Gb  atomkernel.o [1]
atomOSStart             0x00874f   0x16  Code  Gb  atomkernel.o [1]
atomOSStarted           0x0008d3    0x1  Data  Gb  atomkernel.o [1]
atomSched               0x008955   0x7d  Code  Gb  atomkernel.o [1]
atomSemPut              0x00821a   0x6c  Code  Gb  atomkernel.o [1]
atomThreadCreate        0x00880b  0x129  Code  Gb  atomkernel.o [1]
atomThreadStackCheck    0x0087a0   0x6b  Code  Gb  atomkernel.o [1]
atomTimerCancel         0x00817d   0x55  Code  Gb  atomkernel.o [1]
atomTimerRegister       0x0081d2   0x3a  Code  Gb  atomkernel.o [1]
atomTimerTick           0x008165   0x18  Code  Gb  atomkernel.o [1]
distance                0x0008b3    0x4  Data  Gb  atomkernel.o [1]
div                     0x00b7d3   0x30  Code  Gb  div.o [4]
dmul                    0x00b88c   0x2c  Code  Lc  xdtento.o [4]
exit                    0x00be69    0x3  Code  Gb  exit.o [4]
fabs                    0x00b64b   0x3d  Code  Gb  fabs.o [4]
fmod                    0x00a7b7  0x111  Code  Gb  fmod.o [4]
gpsDatamutex            0x0008a5    0x5  Data  Gb  atomkernel.o [1]
gpsDatasem              0x0008bf    0x3  Data  Gb  atomkernel.o [1]
gpsProcess_tcb          0x000873   0x19  Data  Gb  atomkernel.o [1]
gpsProcess_thread_func  0x00b250   0x8a  Code  Gb  atomkernel.o [1]
isalnum                 0x00b960   0x28  Code  Gb  xstopfx.o [4]
isdigit                 0x00bbdf   0x10  Code  Gb  xstoflt.o [4]
main                    0x00aeca   0x9d  Code  Gb  atomkernel.o [1]
memcpy                  0x00b9d6   0x25  Code  Gb  memcpy.o [4]
pad                     0x00b6ff   0x39  Code  Lc  xprintffull_nomb.o [4]
pows                    0x00bb23   0x18  Data  Lc  xdtento.o [4]
printf                  0x00ba93   0x20  Code  Gb  printf.o [4]
putchar                 0x00b8b8   0x2b  Code  Gb  putchar.o [4]
rxDataBuff              0x0007a9   0x65  Data  Gb  atomkernel.o [1]
scale                   0x00b58c   0x43  Code  Lc  xprintffull_nomb.o [4]
sqrt                    0x00aaad   0xe3  Code  Gb  sqrt.o [4]
strcmp                  0x00ba1e   0x22  Code  Gb  strcmp.o [4]
strcspn                 0x00ba40   0x21  Code  Gb  strcspn.o [4]
stringToInt             0x00b096   0x96  Code  Gb  atomkernel.o [1]
strlen                  0x00bbcd   0x12  Code  Gb  strlen.o [4]
strncpy                 0x00b832   0x2e  Code  Gb  strncpy.o [4]
strspn                  0x00b9b0   0x26  Code  Gb  strspn.o [4]
strtok                  0x00b53b   0x51  Code  Gb  strtok.o [4]
taskState               0x00080e   0x4c  Data  Gb  atomkernel.o [1]
tcbDequeueEntry         0x00860e   0x94  Code  Gb  atomkernel.o [1]
tcbDequeueHead          0x0086a2   0x29  Code  Gb  atomkernel.o [1]
tcbDequeuePriority      0x0085dc   0x32  Code  Gb  atomkernel.o [1]
tcbEnqueuePriority      0x0086d5   0x6f  Code  Gb  atomkernel.o [1]
tcbReadyQ               0x0008c5    0x2  Data  Gb  atomkernel.o [1]
temp                    0x0008b7    0x4  Data  Gb  atomkernel.o [1]
uart3Rxsem              0x0008c2    0x3  Data  Gb  atomkernel.o [1]
uartProcess_tcb         0x00088c   0x19  Data  Gb  atomkernel.o [1]
uartProcess_thread_func
                        0x00b12c   0x95  Code  Gb  atomkernel.o [1]
uart_init               0x00b738   0x34  Code  Gb  atomkernel.o [1]
uart_putchar            0x00b76c   0x34  Code  Gb  atomkernel.o [1]


[1] = D:\projects\atomthread\kelvinlawson-atomthreads-f29a33f\ports\stm8\Debug\Obj
[2] = command line
[3] = dbgstm8smd.a
[4] = dlstm8smn.a

  15 642 bytes of readonly  code memory
     348 bytes of readonly  data memory
   2 517 bytes of readwrite data memory

Errors: none
Warnings: none
