###############################################################################
#                                                                             #
# IAR ELF Linker V1.40.1.50106 for STM8                 27/Jul/2016  18:19:56 #
# Copyright 2010-2013 IAR Systems AB.                                         #
#                                                                             #
#    Output file  =  E:\projects\atomthread\kelvinlawson-atomthreads-f29a33f\ #
#                    ports\stm8\Debug\Exe\templproj.out                       #
#    Map file     =  E:\projects\atomthread\kelvinlawson-atomthreads-f29a33f\ #
#                    ports\stm8\Debug\List\templproj.map                      #
#    Command line =  E:\projects\atomthread\kelvinlawson-atomthreads-f29a33f\ #
#                    ports\stm8\Debug\Obj\atomkernel.o                        #
#                    E:\projects\atomthread\kelvinlawson-atomthreads-f29a33f\ #
#                    ports\stm8\Debug\Obj\atommutex.o                         #
#                    E:\projects\atomthread\kelvinlawson-atomthreads-f29a33f\ #
#                    ports\stm8\Debug\Obj\atomport-asm-iar.o                  #
#                    E:\projects\atomthread\kelvinlawson-atomthreads-f29a33f\ #
#                    ports\stm8\Debug\Obj\atomport.o                          #
#                    E:\projects\atomthread\kelvinlawson-atomthreads-f29a33f\ #
#                    ports\stm8\Debug\Obj\atomqueue.o                         #
#                    E:\projects\atomthread\kelvinlawson-atomthreads-f29a33f\ #
#                    ports\stm8\Debug\Obj\atomsem.o                           #
#                    E:\projects\atomthread\kelvinlawson-atomthreads-f29a33f\ #
#                    ports\stm8\Debug\Obj\atomtimer.o                         #
#                    E:\projects\atomthread\kelvinlawson-atomthreads-f29a33f\ #
#                    ports\stm8\Debug\Obj\diskio.o                            #
#                    E:\projects\atomthread\kelvinlawson-atomthreads-f29a33f\ #
#                    ports\stm8\Debug\Obj\ff.o E:\projects\atomthread\kelvinl #
#                    awson-atomthreads-f29a33f\ports\stm8\Debug\Obj\filecommo #
#                    n.o E:\projects\atomthread\kelvinlawson-atomthreads-f29a #
#                    33f\ports\stm8\Debug\Obj\filethread.o                    #
#                    E:\projects\atomthread\kelvinlawson-atomthreads-f29a33f\ #
#                    ports\stm8\Debug\Obj\mainthread.o                        #
#                    E:\projects\atomthread\kelvinlawson-atomthreads-f29a33f\ #
#                    ports\stm8\Debug\Obj\spidriver.o                         #
#                    E:\projects\atomthread\kelvinlawson-atomthreads-f29a33f\ #
#                    ports\stm8\Debug\Obj\spiflash.o                          #
#                    E:\projects\atomthread\kelvinlawson-atomthreads-f29a33f\ #
#                    ports\stm8\Debug\Obj\stm8s_clk.o                         #
#                    E:\projects\atomthread\kelvinlawson-atomthreads-f29a33f\ #
#                    ports\stm8\Debug\Obj\stm8s_gpio.o                        #
#                    E:\projects\atomthread\kelvinlawson-atomthreads-f29a33f\ #
#                    ports\stm8\Debug\Obj\stm8s_itc.o                         #
#                    E:\projects\atomthread\kelvinlawson-atomthreads-f29a33f\ #
#                    ports\stm8\Debug\Obj\stm8s_spi.o                         #
#                    E:\projects\atomthread\kelvinlawson-atomthreads-f29a33f\ #
#                    ports\stm8\Debug\Obj\stm8s_tim1.o                        #
#                    E:\projects\atomthread\kelvinlawson-atomthreads-f29a33f\ #
#                    ports\stm8\Debug\Obj\stm8s_uart3.o                       #
#                    E:\projects\atomthread\kelvinlawson-atomthreads-f29a33f\ #
#                    ports\stm8\Debug\Obj\uart.o                              #
#                    E:\projects\atomthread\kelvinlawson-atomthreads-f29a33f\ #
#                    ports\stm8\Debug\Obj\uartrxthread.o --redirect           #
#                    _Printf=_PrintfFullNoMb --redirect                       #
#                    _Scanf=_ScanfFullNoMb -o E:\projects\atomthread\kelvinla #
#                    wson-atomthreads-f29a33f\ports\stm8\Debug\Exe\templproj. #
#                    out --map E:\projects\atomthread\kelvinlawson-atomthread #
#                    s-f29a33f\ports\stm8\Debug\List\templproj.map --config   #
#                    "E:\Program Files (x86)\IAR Systems\Embedded Workbench   #
#                    6.5\stm8\config\lnkstm8s207r8.icf" --config_def          #
#                    _CSTACK_SIZE=0x100 --config_def _HEAP_SIZE=0x100         #
#                    --entry __iar_program_start --debug_lib                  #
#                                                                             #
#                                                                             #
###############################################################################

*******************************************************************************
*** RUNTIME MODEL ATTRIBUTES
***

__SystemLibrary            = DLib
__code_model               = small
__core                     = stm8
__data_model               = medium
__dlib_file_descriptor     = 0
__dlib_full_locale_support = 0
__rt_version               = 4


*******************************************************************************
*** PLACEMENT SUMMARY
***

"A1":  place at start of [0x000000-0x0000ff] { rw section .vregs };
"A2":  place at end of [0x000000-0x0017ff] { block CSTACK };
"P2":  place in [from 0x000000 to 0x0017ff] {
          block HEAP, rw section .far.bss, rw section .far.data,
          rw section .far.noinit, rw section .far_func.textrw,
          rw section .huge.bss, rw section .huge.data, rw section .huge.noinit,
          rw section .huge_func.textrw, rw section .iar.dynexit,
          rw section .near.bss, rw section .near.data, rw section .near.noinit,
          rw section .near_func.textrw };
"A3":  place at start of [0x008000-0x00ffff] { block INTVEC };
"P3":  place in [from 0x008000 to 0x00ffff] {
          ro section .far.data_init, ro section .far_func.textrw_init,
          ro section .huge.data_init, ro section .huge_func.textrw_init,
          ro section .iar.init_table, ro section .init_array,
          ro section .near.data_init, ro section .near.rodata,
          ro section .near_func.text, ro section .near_func.textrw_init,
          ro section .tiny.data_init, ro section .tiny.rodata_init };

  Section            Kind      Address    Size  Object
  -------            ----      -------    ----  ------
"A1":                                     0x10
  .vregs             uninit   0x000000    0x10  vregs.o [4]
                            - 0x000010    0x10

"P2", part 1 of 2:                         0x2
  P2 s0                       0x000010     0x2  <Init block>
    .near.data       inited   0x000010     0x2  atomkernel.o [1]
                            - 0x000012     0x2

"P2", part 2 of 2:                      0x136f
  .near.bss          zero     0x000012   0xfa0  atomkernel.o [1]
  .near.bss          zero     0x000fb2   0x190  atomkernel.o [1]
  .near.bss          zero     0x001142   0x100  atomkernel.o [1]
  .near.bss          zero     0x001242    0x49  atomkernel.o [1]
  .near.bss          zero     0x00128b    0x32  atomkernel.o [1]
  .near.bss          zero     0x0012bd    0x28  atomkernel.o [1]
  .near.bss          zero     0x0012e5    0x22  atomkernel.o [1]
  .near.bss          zero     0x001307    0x18  atomkernel.o [1]
  .near.bss          zero     0x00131f    0x18  atomkernel.o [1]
  .near.bss          zero     0x001337    0x18  atomkernel.o [1]
  .near.bss          zero     0x00134f    0x16  atomkernel.o [1]
  .near.bss          zero     0x001365     0x5  atomkernel.o [1]
  .near.bss          zero     0x00136a     0x4  atomkernel.o [1]
  .near.bss          zero     0x00136e     0x3  atomkernel.o [1]
  .near.bss          zero     0x001371     0x3  atomkernel.o [1]
  .near.bss          zero     0x001374     0x2  atomkernel.o [1]
  .near.bss          zero     0x001376     0x2  atomkernel.o [1]
  .near.bss          zero     0x001378     0x2  atomkernel.o [1]
  .near.bss          zero     0x00137a     0x2  atomkernel.o [1]
  .near.bss          zero     0x00137c     0x2  atomkernel.o [1]
  .near.bss          zero     0x00137e     0x2  atomkernel.o [1]
  .near.bss          zero     0x001380     0x1  atomkernel.o [1]
                            - 0x001381  0x136f

"A2":                                    0x100
  CSTACK                      0x001700   0x100  <Block>
    CSTACK           uninit   0x001700   0x100  <Block tail>
                            - 0x001800   0x100

"A3":                                     0x80
  INTVEC                      0x008000    0x80  <Block>
    .intvec          const    0x008000    0x80  interrupt.o [4]
                            - 0x008080    0x80

"P3":                                   0x5244
  .near_func.text    ro code  0x008080  0x222c  atomkernel.o [1]
  .near_func.text    ro code  0x00a2ac   0x702  atomkernel.o [1]
  .near_func.text    ro code  0x00a9ae   0x460  float.o [4]
  .near_func.text    ro code  0x00ae0e   0x42f  xprintffull_nomb.o [4]
  .near_func.text    ro code  0x00b23d   0x410  xprintffull_nomb.o [4]
  .near_func.text    ro code  0x00b64d   0x385  xprintffull_nomb.o [4]
  .near_func.text    ro code  0x00b9d2   0x2a0  long.o [4]
  .near_func.text    ro code  0x00bc72   0x1f4  atomkernel.o [1]
  .near_func.text    ro code  0x00be66   0x1d0  vreg_util.o [4]
  .near_func.text    ro code  0x00c036   0x171  xprintffull_nomb.o [4]
  .near_func.text    ro code  0x00c1a7   0x161  float_libsup.o [4]
  .near_func.text    ro code  0x00c308   0x107  atomkernel.o [1]
  .near_func.text    ro code  0x00c40f    0xca  long_util.o [4]
  .near_func.text    ro code  0x00c4d9    0xc7  atomkernel.o [1]
  .near_func.text    ro code  0x00c5a0    0xb7  atomkernel.o [1]
  .near_func.text    ro code  0x00c657    0xa8  atomkernel.o [1]
  .near_func.text    ro code  0x00c6ff    0x8f  atomkernel.o [1]
  .near_func.text    ro code  0x00c78e    0x77  atomkernel.o [1]
  .near_func.text    ro code  0x00c805    0x74  atomkernel.o [1]
  .near_func.text    ro code  0x00c879    0x70  atomkernel.o [1]
  .near_func.text    ro code  0x00c8e9    0x6e  atomkernel.o [1]
  .near_func.text    ro code  0x00c957    0x5f  atomkernel.o [1]
  .near_func.text    ro code  0x00c9b6    0x58  atomport-asm-iar.o [1]
  .near_func.text    ro code  0x00ca0e    0x55  atomkernel.o [1]
  .near_func.text    ro code  0x00ca63    0x4c  atomkernel.o [1]
  .near_func.text    ro code  0x00caaf    0x44  short.o [4]
  .near_func.text    ro code  0x00caf3    0x43  xprintffull_nomb.o [4]
  .near_func.text    ro code  0x00cb36    0x3f  xprintffull_nomb.o [4]
  .near_func.text    ro code  0x00cb75    0x3e  sprintf.o [4]
  .near_func.text    const    0x00cbb3    0x3c  xprintffull_nomb.o [4]
  .near_func.text    ro code  0x00cbef    0x3b  atomkernel.o [1]
  .near_func.text    ro code  0x00cc2a    0x3a  atomkernel.o [1]
  .near_func.text    ro code  0x00cc64    0x39  xprintffull_nomb.o [4]
  .near_func.text    ro code  0x00cc9d    0x36  atomkernel.o [1]
  .near_func.text    ro code  0x00ccd3    0x34  atomkernel.o [1]
  .near_func.text    ro code  0x00cd07    0x34  atomkernel.o [1]
  .near_func.text    ro code  0x00cd3b    0x33  xprintffull_nomb.o [4]
  .near_func.text    ro code  0x00cd6e    0x30  div.o [4]
  .near_func.text    ro code  0x00cd9e    0x2f  xprintffull_nomb.o [4]
  .near_func.text    ro code  0x00cdcd    0x2c  dc_util.o [4]
  .near_func.text    ro code  0x00cdf9    0x2b  putchar.o [4]
  .near_func.text    ro code  0x00ce24    0x28  init_small.o [4]
  .near_func.text    ro code  0x00ce4c    0x25  memcpy.o [4]
  .near_func.text    ro code  0x00ce71    0x23  atomkernel.o [1]
  .iar.init_table    const    0x00ce94    0x12  - Linker created -
  .near_func.text    ro code  0x00cea6    0x20  printf.o [4]
  .near_func.text    ro code  0x00cec6    0x1e  init_small.o [4]
  .near.rodata       const    0x00cee4    0x1b  atomkernel.o [1]
  .near_func.text    ro code  0x00ceff    0x19  xprout.o [4]
  .near_func.text    ro code  0x00cf18    0x18  xprintffull_nomb.o [4]
  .near.rodata       const    0x00cf30    0x17  atomkernel.o [1]
  .near_func.text    ro code  0x00cf47    0x17  init.o [4]
  .near.rodata       const    0x00cf5e    0x16  atomkernel.o [1]
  .near.rodata       const    0x00cf74    0x15  atomkernel.o [1]
  .near_func.text    ro code  0x00cf89    0x15  atomkernel.o [1]
  .near_func.text    ro code  0x00cf9e    0x15  atomkernel.o [1]
  .near_func.text    ro code  0x00cfb3    0x15  memchr.o [4]
  .near_func.text    ro code  0x00cfc8    0x15  strchr.o [4]
  .near.rodata       const    0x00cfdd    0x14  atomkernel.o [1]
  .near.rodata       const    0x00cff1    0x14  atomkernel.o [1]
  .near.rodata       const    0x00d005    0x14  atomkernel.o [1]
  .near_func.text    ro code  0x00d019    0x14  __dbg_xxexit.o [3]
  .near.rodata       const    0x00d02d    0x13  atomkernel.o [1]
  .near_func.text    ro code  0x00d040    0x13  atomkernel.o [1]
  .near_func.text    ro code  0x00d053    0x13  cstartup.o [4]
  .near.rodata       const    0x00d066    0x12  atomkernel.o [1]
  .near_func.text    ro code  0x00d078    0x12  strlen.o [4]
  .near.rodata       const    0x00d08a    0x10  atomkernel.o [1]
  .near_func.text    ro code  0x00d09a    0x10  atomkernel.o [1]
  .near.rodata       const    0x00d0aa     0xf  atomkernel.o [1]
  .near.rodata       const    0x00d0b9     0xf  atomkernel.o [1]
  .near_func.text    ro code  0x00d0c8     0xe  xsprout.o [4]
  .near_func.text    ro code  0x00d0d6     0xd  move.o [4]
  .near.rodata       const    0x00d0e3     0xc  atomkernel.o [1]
  .near_func.text    ro code  0x00d0ef     0xc  atomkernel.o [1]
  .near_func.text    ro code  0x00d0fb     0xc  xprintffull_nomb.o [4]
  .near_func.text    ro code  0x00d107     0xc  switch.o [4]
  .near.rodata       const    0x00d113     0xb  atomkernel.o [1]
  .near.rodata       const    0x00d11e     0xb  atomkernel.o [1]
  .near_func.text    ro code  0x00d129     0xb  atomkernel.o [1]
  .near_func.text    ro code  0x00d134     0xb  atomkernel.o [1]
  .near_func.text    ro code  0x00d13f     0xb  xprintffull_nomb.o [4]
  .near.rodata       const    0x00d14a     0xa  atomkernel.o [1]
  .near_func.text    ro code  0x00d154     0xa  xprintffull_nomb.o [4]
  .near_func.text    ro code  0x00d15e     0xa  xprintffull_nomb.o [4]
  .near_func.text    ro code  0x00d168     0xa  xprintffull_nomb.o [4]
  .near_func.text    ro code  0x00d172     0xa  xprintffull_nomb.o [4]
  .near.rodata       const    0x00d17c     0x9  atomkernel.o [1]
  .near_func.text    ro code  0x00d185     0x9  atomkernel.o [1]
  .near_func.text    ro code  0x00d18e     0x9  atomkernel.o [1]
  .near_func.text    ro code  0x00d197     0x9  atomkernel.o [1]
  .near_func.text    ro code  0x00d1a0     0x9  xprintffull_nomb.o [4]
  .near_func.text    ro code  0x00d1a9     0x9  xprintffull_nomb.o [4]
  .near_func.text    ro code  0x00d1b2     0x9  xprintffull_nomb.o [4]
  .near_func.text    ro code  0x00d1bb     0x9  xprintffull_nomb.o [4]
  .near_func.text    ro code  0x00d1c4     0x9  xprintffull_nomb.o [4]
  .near_func.text    ro code  0x00d1cd     0x9  xprintffull_nomb.o [4]
  .near_func.text    ro code  0x00d1d6     0x8  atomkernel.o [1]
  .near_func.text    ro code  0x00d1de     0x8  xprintffull_nomb.o [4]
  .near_func.text    ro code  0x00d1e6     0x8  xprintffull_nomb.o [4]
  .near_func.text    ro code  0x00d1ee     0x8  xprintffull_nomb.o [4]
  .near_func.text    ro code  0x00d1f6     0x8  xprintffull_nomb.o [4]
  .near.rodata       const    0x00d1fe     0x7  atomkernel.o [1]
  .near.rodata       const    0x00d205     0x7  xprintffull_nomb.o [4]
  .near_func.text    ro code  0x00d20c     0x7  atomkernel.o [1]
  .near_func.text    ro code  0x00d213     0x7  atomkernel.o [1]
  .near_func.text    ro code  0x00d21a     0x7  atomkernel.o [1]
  .near_func.text    ro code  0x00d221     0x7  atomkernel.o [1]
  .near_func.text    ro code  0x00d228     0x7  atomkernel.o [1]
  .near_func.text    ro code  0x00d22f     0x7  xprintffull_nomb.o [4]
  .near_func.text    ro code  0x00d236     0x7  xprintffull_nomb.o [4]
  .near_func.text    ro code  0x00d23d     0x7  xprintffull_nomb.o [4]
  .near_func.text    ro code  0x00d244     0x7  xprintffull_nomb.o [4]
  .near_func.text    ro code  0x00d24b     0x6  atomkernel.o [1]
  .near_func.text    ro code  0x00d251     0x6  atomkernel.o [1]
  .near_func.text    ro code  0x00d257     0x6  atomkernel.o [1]
  .near_func.text    ro code  0x00d25d     0x6  atomkernel.o [1]
  .near_func.text    ro code  0x00d263     0x6  atomkernel.o [1]
  .near_func.text    ro code  0x00d269     0x6  xprintffull_nomb.o [4]
  .near_func.text    ro code  0x00d26f     0x6  xprintffull_nomb.o [4]
  .near_func.text    ro code  0x00d275     0x6  xprintffull_nomb.o [4]
  .near_func.text    ro code  0x00d27b     0x5  atomkernel.o [1]
  .near_func.text    ro code  0x00d280     0x5  xprintffull_nomb.o [4]
  .near_func.text    ro code  0x00d285     0x5  cexit.o [4]
  .near.rodata       const    0x00d28a     0x4  atomkernel.o [1]
  .near.rodata       const    0x00d28e     0x4  atomkernel.o [1]
  .near.rodata       const    0x00d292     0x4  xprintffull_nomb.o [4]
  .near.rodata       const    0x00d296     0x4  xprintffull_nomb.o [4]
  .near.rodata       const    0x00d29a     0x4  xprintffull_nomb.o [4]
  .near.rodata       const    0x00d29e     0x4  xprintffull_nomb.o [4]
  .near_func.text    ro code  0x00d2a2     0x4  atomkernel.o [1]
  .near_func.text    ro code  0x00d2a6     0x4  atomkernel.o [1]
  .near.rodata       const    0x00d2aa     0x3  atomkernel.o [1]
  .near.rodata       const    0x00d2ad     0x3  atomkernel.o [1]
  .near_func.text    ro code  0x00d2b0     0x3  interrupt.o [4]
  .near_func.text    ro code  0x00d2b3     0x3  low_level_init.o [4]
  .near_func.text    ro code  0x00d2b6     0x3  exit.o [4]
  .near_func.text    ro code  0x00d2b9     0x3  unhandled_exception.o [4]
  .near.rodata       const    0x00d2bc     0x2  atomkernel.o [1]
  .near.rodata       const    0x00d2be     0x2  xprintffull_nomb.o [4]
  .near.rodata       const    0x00d2c0     0x1  atomkernel.o [1]
  .near_func.text    ro code  0x00d2c1     0x1  __dbg_break.o [3]
  Initializer bytes  ro data  0x00d2c2     0x2  <for P2 s0>
                            - 0x00d2c4  0x5244


*******************************************************************************
*** INIT TABLE
***

          Address   Size
          -------   ----
Zero (__iar_zero_init2)
    1 destination range, total size 0x136f:
          0x000012  0x136f

Copy (__iar_copy_init2)
    1 source range, total size 0x2:
          0x00d2c2     0x2
    1 destination range, total size 0x2:
          0x000010     0x2



*******************************************************************************
*** MODULE SUMMARY
***

    Module                 ro code  ro data  rw data
    ------                 -------  -------  -------
E:\projects\atomthread\kelvinlawson-atomthreads-f29a33f\ports\stm8\Debug\Obj: [1]
    atomkernel.o            13 245      315    4 977
    atomport-asm-iar.o          88
    ------------------------------------------------
    Total:                  13 333      315    4 977

command line: [2]
    ------------------------------------------------
    Total:

dbgstm8smd.a: [3]
    __dbg_break.o                1
    __dbg_xxexit.o              20
    ------------------------------------------------
    Total:                      21

dlstm8smn.a: [4]
    cexit.o                      5
    cstartup.o                  19
    dc_util.o                   44
    div.o                       48
    exit.o                       3
    float.o                  1 120
    float_libsup.o             353
    init.o                      23
    init_small.o                70
    interrupt.o                  3      128
    long.o                     672
    long_util.o                202
    low_level_init.o             3
    memchr.o                    21
    memcpy.o                    37
    move.o                      13
    printf.o                    32
    putchar.o                   43
    short.o                     68
    sprintf.o                   62
    strchr.o                    21
    strlen.o                    18
    switch.o                    12
    unhandled_exception.o        3
    vreg_util.o                464
    vregs.o                                       16
    xprintffull_nomb.o       3 890       85
    xprout.o                    25
    xsprout.o                   14
    ------------------------------------------------
    Total:                   7 288      213       16

    Linker created                       18      256
----------------------------------------------------
    Grand Total:            20 642      546    5 249


*******************************************************************************
*** ENTRY LIST
***

Entry                    Address   Size  Type      Object
-----                    -------   ----  ----      ------
?add32_l0_l0_0x         0x00ba2a         Code  Gb  long.o [4]
?add32_l0_l0_dl         0x00ba22         Code  Gb  long.o [4]
?add32_l0_l0_l1         0x00ba27         Code  Gb  long.o [4]
?and32_l0_l0_0x         0x00bbe8         Code  Gb  long.o [4]
?and32_l0_l0_l1         0x00bbe5         Code  Gb  long.o [4]
?b0                     0x000000         Data  Gb  vregs.o [4]
?b1                     0x000001         Data  Gb  vregs.o [4]
?b10                    0x00000a         Data  Gb  vregs.o [4]
?b11                    0x00000b         Data  Gb  vregs.o [4]
?b12                    0x00000c         Data  Gb  vregs.o [4]
?b13                    0x00000d         Data  Gb  vregs.o [4]
?b14                    0x00000e         Data  Gb  vregs.o [4]
?b15                    0x00000f         Data  Gb  vregs.o [4]
?b2                     0x000002         Data  Gb  vregs.o [4]
?b3                     0x000003         Data  Gb  vregs.o [4]
?b4                     0x000004         Data  Gb  vregs.o [4]
?b5                     0x000005         Data  Gb  vregs.o [4]
?b6                     0x000006         Data  Gb  vregs.o [4]
?b7                     0x000007         Data  Gb  vregs.o [4]
?b8                     0x000008         Data  Gb  vregs.o [4]
?b9                     0x000009         Data  Gb  vregs.o [4]
?dc32_l0                0x00cdd4         Code  Gb  dc_util.o [4]
?dc32_l1                0x00cde1         Code  Gb  dc_util.o [4]
?dc32_px                0x00cdee         Code  Gb  dc_util.o [4]
?dc8_px                 0x00cdcd         Code  Gb  dc_util.o [4]
?dec32_0x_0x            0x00ba0e         Code  Gb  long.o [4]
?dec32_l0_l0            0x00b9fa         Code  Gb  long.o [4]
?dec32_l1_l1            0x00b9ff         Code  Gb  long.o [4]
?dec32_l2_l2            0x00ba04         Code  Gb  long.o [4]
?dec32_l3_l3            0x00ba09         Code  Gb  long.o [4]
?e0                     0x000001         Data  Gb  vregs.o [4]
?e1                     0x000005         Data  Gb  vregs.o [4]
?e2                     0x000009         Data  Gb  vregs.o [4]
?e3                     0x00000d         Data  Gb  vregs.o [4]
?epilogue_l2            0x00bf21         Code  Gb  vreg_util.o [4]
?epilogue_l2_l3         0x00bf1e         Code  Gb  vreg_util.o [4]
?epilogue_l2_w6         0x00bf25         Code  Gb  vreg_util.o [4]
?epilogue_w4            0x00bf2c         Code  Gb  vreg_util.o [4]
?fadd32_l0_l0_l1        0x00a9d1         Code  Gb  float.o [4]
?fcastf32s32_l0_l0      0x00acc9         Code  Gb  float.o [4]
?fcastf32u32_l0_l0      0x00acd4         Code  Gb  float.o [4]
?fcasts32f32_l0_l0      0x00ac68         Code  Gb  float.o [4]
?fcastu32f32_l0_l0      0x00ac51         Code  Gb  float.o [4]
?fcmpge32_c_l0_0x       0x00abf2         Code  Gb  float.o [4]
?fcmpge32_c_l0_dc32     0x00abed         Code  Gb  float.o [4]
?fcmplt32_c_l0_0x       0x00abfb         Code  Gb  float.o [4]
?fcmplt32_c_l0_dc32     0x00abf6         Code  Gb  float.o [4]
?fdiv32_l0_l0_l1        0x00ab3f         Code  Gb  float.o [4]
?fmul32_l0_l0_dc32      0x00aa9f         Code  Gb  float.o [4]
?fmul32_l0_l0_l1        0x00aaa4         Code  Gb  float.o [4]
?fsub32_l0_l0_l1        0x00a9cb         Code  Gb  float.o [4]
?inc32_0x_0x            0x00b9ec         Code  Gb  long.o [4]
?inc32_l0_l0            0x00b9e2         Code  Gb  long.o [4]
?inc32_l2_l2            0x00b9e7         Code  Gb  long.o [4]
?l0                     0x000000         Data  Gb  vregs.o [4]
?l1                     0x000004         Data  Gb  vregs.o [4]
?l2                     0x000008         Data  Gb  vregs.o [4]
?l3                     0x00000c         Data  Gb  vregs.o [4]
?load32_0x_l0           0x00c490         Code  Gb  long_util.o [4]
?load32_0x_l1           0x00c49e         Code  Gb  long_util.o [4]
?load32_0x_l2           0x00c4bd         Code  Gb  long_util.o [4]
?load32_0x_l3           0x00c4cb         Code  Gb  long_util.o [4]
?load32_asp_l0          0x00c484         Code  Gb  long_util.o [4]
?load32_asp_l2          0x00c4b1         Code  Gb  long_util.o [4]
?load32_dbsp_l0         0x00c47f         Code  Gb  long_util.o [4]
?load32_dbsp_l2         0x00c4ac         Code  Gb  long_util.o [4]
?load32_l0_0x           0x00c41f         Code  Gb  long_util.o [4]
?load32_l0_asp          0x00c414         Code  Gb  long_util.o [4]
?load32_l0_dbsp         0x00c40f         Code  Gb  long_util.o [4]
?load32_l0_xsp          0x00c416         Code  Gb  long_util.o [4]
?load32_l1_0x           0x00c43b         Code  Gb  long_util.o [4]
?load32_l1_asp          0x00c430         Code  Gb  long_util.o [4]
?load32_l1_dbsp         0x00c42b         Code  Gb  long_util.o [4]
?load32_l1_xsp          0x00c432         Code  Gb  long_util.o [4]
?load32_l2_0x           0x00c457         Code  Gb  long_util.o [4]
?load32_l2_asp          0x00c44c         Code  Gb  long_util.o [4]
?load32_l2_dbsp         0x00c447         Code  Gb  long_util.o [4]
?load32_l2_xsp          0x00c44e         Code  Gb  long_util.o [4]
?load32_l3_0x           0x00c473         Code  Gb  long_util.o [4]
?load32_l3_asp          0x00c468         Code  Gb  long_util.o [4]
?load32_l3_dbsp         0x00c463         Code  Gb  long_util.o [4]
?load32_l3_xsp          0x00c46a         Code  Gb  long_util.o [4]
?load32_xsp_l0          0x00c486         Code  Gb  long_util.o [4]
?load32_xsp_l2          0x00c4b3         Code  Gb  long_util.o [4]
?mov_e0_e1              0x00bfaa         Code  Gb  vreg_util.o [4]
?mov_e0_e2              0x00bfb7         Code  Gb  vreg_util.o [4]
?mov_e0_e3              0x00bfc4         Code  Gb  vreg_util.o [4]
?mov_e1_e0              0x00bfd1         Code  Gb  vreg_util.o [4]
?mov_e1_e2              0x00bfde         Code  Gb  vreg_util.o [4]
?mov_e1_e3              0x00bfeb         Code  Gb  vreg_util.o [4]
?mov_e2_e0              0x00bff8         Code  Gb  vreg_util.o [4]
?mov_e2_e1              0x00c005         Code  Gb  vreg_util.o [4]
?mov_e2_e3              0x00c012         Code  Gb  vreg_util.o [4]
?mov_e3_e0              0x00c01f         Code  Gb  vreg_util.o [4]
?mov_e3_e2              0x00c02c         Code  Gb  vreg_util.o [4]
?mov_l0_l1              0x00bfa7         Code  Gb  vreg_util.o [4]
?mov_l0_l2              0x00bfb4         Code  Gb  vreg_util.o [4]
?mov_l0_l3              0x00bfc1         Code  Gb  vreg_util.o [4]
?mov_l1_l0              0x00bfce         Code  Gb  vreg_util.o [4]
?mov_l1_l2              0x00bfdb         Code  Gb  vreg_util.o [4]
?mov_l1_l3              0x00bfe8         Code  Gb  vreg_util.o [4]
?mov_l2_l0              0x00bff5         Code  Gb  vreg_util.o [4]
?mov_l2_l1              0x00c002         Code  Gb  vreg_util.o [4]
?mov_l2_l3              0x00c00f         Code  Gb  vreg_util.o [4]
?mov_l3_l0              0x00c01c         Code  Gb  vreg_util.o [4]
?mov_l3_l2              0x00c029         Code  Gb  vreg_util.o [4]
?mov_w0_w2              0x00bf30         Code  Gb  vreg_util.o [4]
?mov_w0_w3              0x00bf37         Code  Gb  vreg_util.o [4]
?mov_w0_w4              0x00bf3e         Code  Gb  vreg_util.o [4]
?mov_w0_w7              0x00bf45         Code  Gb  vreg_util.o [4]
?mov_w1_w0              0x00bf4c         Code  Gb  vreg_util.o [4]
?mov_w1_w2              0x00bf53         Code  Gb  vreg_util.o [4]
?mov_w1_w3              0x00bfad         Code  Gb  vreg_util.o [4]
?mov_w1_w4              0x00bf5a         Code  Gb  vreg_util.o [4]
?mov_w1_w5              0x00bfba         Code  Gb  vreg_util.o [4]
?mov_w1_w7              0x00bfc7         Code  Gb  vreg_util.o [4]
?mov_w2_w0              0x00bf61         Code  Gb  vreg_util.o [4]
?mov_w2_w1              0x00bf68         Code  Gb  vreg_util.o [4]
?mov_w2_w5              0x00bf6f         Code  Gb  vreg_util.o [4]
?mov_w3_w1              0x00bfd4         Code  Gb  vreg_util.o [4]
?mov_w3_w2              0x00bf76         Code  Gb  vreg_util.o [4]
?mov_w3_w5              0x00bfe1         Code  Gb  vreg_util.o [4]
?mov_w3_w7              0x00bfee         Code  Gb  vreg_util.o [4]
?mov_w4_w0              0x00bf7d         Code  Gb  vreg_util.o [4]
?mov_w4_w1              0x00bf84         Code  Gb  vreg_util.o [4]
?mov_w4_w7              0x00bf8b         Code  Gb  vreg_util.o [4]
?mov_w5_w0              0x00bf92         Code  Gb  vreg_util.o [4]
?mov_w5_w1              0x00bffb         Code  Gb  vreg_util.o [4]
?mov_w5_w3              0x00c008         Code  Gb  vreg_util.o [4]
?mov_w5_w6              0x00bf99         Code  Gb  vreg_util.o [4]
?mov_w5_w7              0x00c015         Code  Gb  vreg_util.o [4]
?mov_w6_w1              0x00bfa0         Code  Gb  vreg_util.o [4]
?mov_w7_w1              0x00c022         Code  Gb  vreg_util.o [4]
?mov_w7_w5              0x00c02f         Code  Gb  vreg_util.o [4]
?move1616_v_x_y_a       0x00d0d6         Code  Gb  move.o [4]
?mul16_x_x_w0           0x00caaf         Code  Gb  short.o [4]
?mul32_l0_l0_0x         0x00ba60         Code  Gb  long.o [4]
?mul32_l0_l0_dl         0x00ba5d         Code  Gb  long.o [4]
?mul32_l0_l0_l1         0x00ba69         Code  Gb  long.o [4]
?neg32_l0_l0            0x00b9d2         Code  Gb  long.o [4]
?not32_l0_l0            0x00bbdc         Code  Gb  long.o [4]
?or32_l0_l0_0x          0x00bc03         Code  Gb  long.o [4]
?or32_l0_l0_l1          0x00bc00         Code  Gb  long.o [4]
?pop_l0                 0x00beea         Code  Gb  vreg_util.o [4]
?pop_l1                 0x00bef5         Code  Gb  vreg_util.o [4]
?pop_l2                 0x00bf00         Code  Gb  vreg_util.o [4]
?pop_l3                 0x00bf0b         Code  Gb  vreg_util.o [4]
?pop_w4                 0x00be9c         Code  Gb  vreg_util.o [4]
?pop_w6                 0x00bea3         Code  Gb  vreg_util.o [4]
?pop_w7                 0x00beaa         Code  Gb  vreg_util.o [4]
?push_l0                0x00beb9         Code  Gb  vreg_util.o [4]
?push_l1                0x00bebe         Code  Gb  vreg_util.o [4]
?push_l2                0x00bec3         Code  Gb  vreg_util.o [4]
?push_l3                0x00bec8         Code  Gb  vreg_util.o [4]
?push_w0                0x00be66         Code  Gb  vreg_util.o [4]
?push_w1                0x00be6b         Code  Gb  vreg_util.o [4]
?push_w2                0x00be70         Code  Gb  vreg_util.o [4]
?push_w4                0x00be75         Code  Gb  vreg_util.o [4]
?push_w5                0x00be7a         Code  Gb  vreg_util.o [4]
?push_w6                0x00be7f         Code  Gb  vreg_util.o [4]
?push_w7                0x00be84         Code  Gb  vreg_util.o [4]
?scmp32_c_l0_l1         0x00bbc5         Code  Gb  long.o [4]
?sdiv16_x_x_y           0x00cacd         Code  Gb  short.o [4]
?sdiv32_l0_l0_dl        0x00bb61         Code  Gb  long.o [4]
?sdiv32_l0_l0_l1        0x00bb64         Code  Gb  long.o [4]
?sext32_l0_a            0x00bc65         Code  Gb  long.o [4]
?sext32_l0_x            0x00bc5a         Code  Gb  long.o [4]
?sll16_x_x_a            0x00cae6         Code  Gb  short.o [4]
?sll32_0x_0x_a          0x00bc22         Code  Gb  long.o [4]
?sll32_l0_l0_a          0x00bc1f         Code  Gb  long.o [4]
?sll32_l0_l0_db         0x00bc1b         Code  Gb  long.o [4]
?smod32_l1_l0_l1        0x00bb64         Code  Gb  long.o [4]
?sra32_0x_0x_a          0x00bc4c         Code  Gb  long.o [4]
?sra32_l0_l0_a          0x00bc49         Code  Gb  long.o [4]
?sra32_l0_l0_db         0x00bc45         Code  Gb  long.o [4]
?srl16_x_x_4            0x00caee         Code  Gb  short.o [4]
?srl32_0x_0x_a          0x00bc37         Code  Gb  long.o [4]
?srl32_l0_l0_a          0x00bc34         Code  Gb  long.o [4]
?srl32_l0_l0_db         0x00bc30         Code  Gb  long.o [4]
?sub32_l0_l0_0x         0x00ba45         Code  Gb  long.o [4]
?sub32_l0_l0_l1         0x00ba42         Code  Gb  long.o [4]
?switch8vlt_0x_a_0x     0x00d107         Code  Gb  switch.o [4]
?ucmp32_c_l0_0x         0x00bbaa         Code  Gb  long.o [4]
?ucmp32_c_l0_l1         0x00bbba         Code  Gb  long.o [4]
?udiv32_l0_dl_l1        0x00baec         Code  Gb  long.o [4]
?udiv32_l0_l0_dl        0x00baf1         Code  Gb  long.o [4]
?udiv32_l0_l0_l1        0x00baf4         Code  Gb  long.o [4]
?umod32_l1_l0_dl        0x00bae7         Code  Gb  long.o [4]
?umod32_l1_l0_l1        0x00baf4         Code  Gb  long.o [4]
?w0                     0x000000         Data  Gb  vregs.o [4]
?w1                     0x000002         Data  Gb  vregs.o [4]
?w2                     0x000004         Data  Gb  vregs.o [4]
?w3                     0x000006         Data  Gb  vregs.o [4]
?w4                     0x000008         Data  Gb  vregs.o [4]
?w5                     0x00000a         Data  Gb  vregs.o [4]
?w6                     0x00000c         Data  Gb  vregs.o [4]
?w7                     0x00000e         Data  Gb  vregs.o [4]
CLK_GetClockFreq        0x00cc9d   0x36  Code  Gb  atomkernel.o [1]
CLK_HSIPrescalerConfig  0x00d0ef    0xc  Code  Gb  atomkernel.o [1]
CSTACK$$Base            0x001700          --   Gb  - Linker created -
CSTACK$$Limit           0x001800          --   Gb  - Linker created -
HSIDivFactor            0x00d28a    0x4  Data  Gb  atomkernel.o [1]
INTVEC$$Base            0x008000          --   Gb  - Linker created -
INTVEC$$Limit           0x008080          --   Gb  - Linker created -
LoadInt                 0x00cb36   0x3f  Code  Lc  xprintffull_nomb.o [4]
Region$$Table$$Base     0x00ce94          --   Gb  - Linker created -
Region$$Table$$Limit    0x00cea6          --   Gb  - Linker created -
TIM1_DeInit             0x00c6ff   0x8f  Code  Gb  atomkernel.o [1]
TIM1_SystemTickISR      0x00a367   0x22  Code  Gb  atomkernel.o [1]
UART3_DeInit            0x00ce71   0x23  Code  Gb  atomkernel.o [1]
UART3_GetITStatus       0x00c957   0x5f  Code  Gb  atomkernel.o [1]
UART3_Init              0x00c5a0   0xb7  Code  Gb  atomkernel.o [1]
UART3_RX_IRQHandler     0x00c879   0x70  Code  Gb  atomkernel.o [1]
_GenldFullNoMb          0x00b64d  0x385  Code  Lc  xprintffull_nomb.o [4]
_LdtobFullNoMb          0x00ae0e  0x42f  Code  Lc  xprintffull_nomb.o [4]
_LitobFullNoMb          0x00c036  0x171  Code  Lc  xprintffull_nomb.o [4]
_PrintfFullNoMb         0x00b23d  0x410  Code  Gb  xprintffull_nomb.o [4]
_Prout                  0x00ceff   0x19  Code  Gb  xprout.o [4]
_PutcharFullNoMb        0x00cd9e   0x2f  Code  Lc  xprintffull_nomb.o [4]
_PutcharsFullNoMb       0x00cd3b   0x33  Code  Lc  xprintffull_nomb.o [4]
_SProut                 0x00d0c8    0xe  Code  Gb  xsprout.o [4]
__DebugBreak            0x00d2c1    0x1  Code  Gb  __dbg_break.o [3]
__exit                  0x00d019   0x14  Code  Gb  __dbg_xxexit.o [3]
__iar_Dnorm             0x00c1a7         Code  Gb  float_libsup.o [4]
__iar_Dscale            0x00c235         Code  Gb  float_libsup.o [4]
__iar_Dunscale          0x00c1e3         Code  Gb  float_libsup.o [4]
__iar_Memchr            0x00cfb3   0x15  Code  Gb  memchr.o [4]
__iar_Strchr            0x00cfc8   0x15  Code  Gb  strchr.o [4]
__iar_copy_init2        0x00ce24         Code  Gb  init_small.o [4]
__iar_data_init2        0x00cf47   0x17  Code  Gb  init.o [4]
__iar_program_start     0x00d053         Code  Gb  cstartup.o [4]
__iar_unhandled_exception
                        0x00d2b9         Code  Gb  unhandled_exception.o [4]
__iar_zero_init2        0x00cec6         Code  Gb  init_small.o [4]
__intvec                0x008000         Data  Gb  interrupt.o [4]
__low_level_init        0x00d2b3    0x3  Code  Gb  low_level_init.o [4]
__write                 0x00cbef   0x3b  Code  Gb  atomkernel.o [1]
_exit                   0x00d285         Code  Gb  cexit.o [4]
_interrupt_1            0x00d2b0         Code  Wk  interrupt.o [4]
_interrupt_10           0x00d2b0         Code  Wk  interrupt.o [4]
_interrupt_11           0x00d2b0         Code  Wk  interrupt.o [4]
_interrupt_12           0x00d2b0         Code  Wk  interrupt.o [4]
_interrupt_13           0x00a367         Code  Gb  atomkernel.o [1]
_interrupt_14           0x00d2b0         Code  Wk  interrupt.o [4]
_interrupt_15           0x00d2b0         Code  Wk  interrupt.o [4]
_interrupt_16           0x00d2b0         Code  Wk  interrupt.o [4]
_interrupt_17           0x00d2b0         Code  Wk  interrupt.o [4]
_interrupt_18           0x00d2b0         Code  Wk  interrupt.o [4]
_interrupt_19           0x00d2b0         Code  Wk  interrupt.o [4]
_interrupt_2            0x00d2b0         Code  Wk  interrupt.o [4]
_interrupt_20           0x00d2b0         Code  Wk  interrupt.o [4]
_interrupt_21           0x00d2b0         Code  Wk  interrupt.o [4]
_interrupt_22           0x00d2b0         Code  Wk  interrupt.o [4]
_interrupt_23           0x00c879         Code  Gb  atomkernel.o [1]
_interrupt_24           0x00d2b0         Code  Wk  interrupt.o [4]
_interrupt_25           0x00d2b0         Code  Wk  interrupt.o [4]
_interrupt_26           0x00d2b0         Code  Wk  interrupt.o [4]
_interrupt_27           0x00d2b0         Code  Wk  interrupt.o [4]
_interrupt_28           0x00d2b0         Code  Wk  interrupt.o [4]
_interrupt_29           0x00d2b0         Code  Wk  interrupt.o [4]
_interrupt_3            0x00d2b0         Code  Wk  interrupt.o [4]
_interrupt_30           0x00d2b0         Code  Wk  interrupt.o [4]
_interrupt_31           0x00d2b0         Code  Wk  interrupt.o [4]
_interrupt_4            0x00d2b0         Code  Wk  interrupt.o [4]
_interrupt_5            0x00d2b0         Code  Wk  interrupt.o [4]
_interrupt_6            0x00d2b0         Code  Wk  interrupt.o [4]
_interrupt_7            0x00d2b0         Code  Wk  interrupt.o [4]
_interrupt_8            0x00d2b0         Code  Wk  interrupt.o [4]
_interrupt_9            0x00d2b0         Code  Wk  interrupt.o [4]
archContextSwitch       0x00c9b6         Code  Gb  atomport-asm-iar.o [1]
archFirstThreadRestore  0x00c9f3         Code  Gb  atomport-asm-iar.o [1]
archInitSystemTickTimer
                        0x00a389   0x28  Code  Gb  atomkernel.o [1]
archThreadContextInit   0x00a3b1   0x1f  Code  Gb  atomkernel.o [1]
atomIntExit             0x00a7af    0xa  Code  Gb  atomkernel.o [1]
atomMutexCreate         0x00a5e6   0x1c  Code  Gb  atomkernel.o [1]
atomMutexGet            0x00a504   0xd9  Code  Gb  atomkernel.o [1]
atomMutexPut            0x00a445   0x9c  Code  Gb  atomkernel.o [1]
atomOSInit              0x00a78b   0x24  Code  Gb  atomkernel.o [1]
atomOSStart             0x00a775   0x16  Code  Gb  atomkernel.o [1]
atomOSStarted           0x001380    0x1  Data  Gb  atomkernel.o [1]
atomSched               0x00a92e   0x80  Code  Gb  atomkernel.o [1]
atomSemCreate           0x00d09a   0x10  Code  Gb  atomkernel.o [1]
atomSemGet              0x00c657   0xa8  Code  Gb  atomkernel.o [1]
atomSemPut              0x00c8e9   0x6e  Code  Gb  atomkernel.o [1]
atomThreadCreate        0x00a82a   0xdf  Code  Gb  atomkernel.o [1]
atomThreadStackCheck    0x00a7c1   0x63  Code  Gb  atomkernel.o [1]
atomTimerCancel         0x00ca0e   0x55  Code  Gb  atomkernel.o [1]
atomTimerDelay          0x00a234   0x78  Code  Gb  atomkernel.o [1]
atomTimerRegister       0x00cc2a   0x3a  Code  Gb  atomkernel.o [1]
atomTimerTick           0x00cf89   0x15  Code  Gb  atomkernel.o [1]
div                     0x00cd6e   0x30  Code  Gb  div.o [4]
exit                    0x00d2b6    0x3  Code  Gb  exit.o [4]
f_close                 0x008427   0x21  Code  Gb  atomkernel.o [1]
f_closedir              0x008167   0x17  Code  Gb  atomkernel.o [1]
f_lseek                 0x008203  0x1ec  Code  Gb  atomkernel.o [1]
f_mount                 0x008c37   0x59  Code  Gb  atomkernel.o [1]
f_open                  0x00896c  0x28b  Code  Gb  atomkernel.o [1]
f_opendir               0x008183   0x72  Code  Gb  atomkernel.o [1]
f_read                  0x008748  0x1ba  Code  Gb  atomkernel.o [1]
f_readdir               0x008129   0x3e  Code  Gb  atomkernel.o [1]
f_sync                  0x008448   0x85  Code  Gb  atomkernel.o [1]
f_write                 0x0084e5  0x24e  Code  Gb  atomkernel.o [1]
fileCommandData         0x001242   0x49  Data  Gb  atomkernel.o [1]
fileCommondsem          0x00136e    0x3  Data  Gb  atomkernel.o [1]
file_tcb                0x00131f   0x18  Data  Gb  atomkernel.o [1]
file_thread_func        0x00c4d9   0xc7  Code  Gb  atomkernel.o [1]
flashEraseSector        0x00bd56   0x2d  Code  Gb  atomkernel.o [1]
flashReadStateCom       0x00bccd    0xc  Code  Gb  atomkernel.o [1]
flashWriteEnable        0x00bcc1    0xc  Code  Gb  atomkernel.o [1]
flashWritePage          0x00bced   0x4f  Code  Gb  atomkernel.o [1]
main                    0x00c78e   0x77  Code  Gb  atomkernel.o [1]
memcpy                  0x00ce4c   0x25  Code  Gb  memcpy.o [4]
pad                     0x00cc64   0x39  Code  Lc  xprintffull_nomb.o [4]
printFile               0x00808b   0x5e  Code  Gb  atomkernel.o [1]
printf                  0x00cea6   0x20  Code  Gb  printf.o [4]
putchar                 0x00cdf9   0x2b  Code  Gb  putchar.o [4]
rxDataBuff              0x00128b   0x32  Data  Gb  atomkernel.o [1]
scale                   0x00caf3   0x43  Code  Lc  xprintffull_nomb.o [4]
scan_files              0x00c805   0x74  Code  Gb  atomkernel.o [1]
spiFlashBufferRead      0x00bc72   0x4b  Code  Gb  atomkernel.o [1]
spiFlashInit            0x00bdcf   0x7f  Code  Gb  atomkernel.o [1]
spiFlashWriteSector     0x00bd89   0x32  Code  Gb  atomkernel.o [1]
spiSendByte             0x00be4e   0x18  Code  Gb  atomkernel.o [1]
sprintf                 0x00cb75   0x3e  Code  Gb  sprintf.o [4]
strlen                  0x00d078   0x12  Code  Gb  strlen.o [4]
tcbDequeueEntry         0x00a634   0x94  Code  Gb  atomkernel.o [1]
tcbDequeueHead          0x00a6c8   0x29  Code  Gb  atomkernel.o [1]
tcbDequeuePriority      0x00a602   0x32  Code  Gb  atomkernel.o [1]
tcbEnqueuePriority      0x00a6fb   0x78  Code  Gb  atomkernel.o [1]
tcbReadyQ               0x001374    0x2  Data  Gb  atomkernel.o [1]
uartProcess_tcb         0x001337   0x18  Data  Gb  atomkernel.o [1]
uartProcess_thread_func
                        0x00ca63   0x4c  Code  Gb  atomkernel.o [1]
uartRxsem               0x001371    0x3  Data  Gb  atomkernel.o [1]
uart_init               0x00ccd3   0x34  Code  Gb  atomkernel.o [1]
uart_putchar            0x00cd07   0x34  Code  Gb  atomkernel.o [1]


[1] = E:\projects\atomthread\kelvinlawson-atomthreads-f29a33f\ports\stm8\Debug\Obj
[2] = command line
[3] = dbgstm8smd.a
[4] = dlstm8smn.a

  20 642 bytes of readonly  code memory
     546 bytes of readonly  data memory
   5 249 bytes of readwrite data memory

Errors: none
Warnings: none
