###############################################################################
#                                                                             #
# IAR ELF Linker V1.40.1.50106 for STM8                 29/Jul/2016  16:51:01 #
# Copyright 2010-2013 IAR Systems AB.                                         #
#                                                                             #
#    Output file  =  E:\projects\atomthread\kelvinlawson-atomthreads-f29a33f\ #
#                    ports\stm8\Debug\Exe\templproj.out                       #
#    Map file     =  E:\projects\atomthread\kelvinlawson-atomthreads-f29a33f\ #
#                    ports\stm8\Debug\List\templproj.map                      #
#    Command line =  E:\projects\atomthread\kelvinlawson-atomthreads-f29a33f\ #
#                    ports\stm8\Debug\Obj\atomkernel.o                        #
#                    E:\projects\atomthread\kelvinlawson-atomthreads-f29a33f\ #
#                    ports\stm8\Debug\Obj\atommutex.o                         #
#                    E:\projects\atomthread\kelvinlawson-atomthreads-f29a33f\ #
#                    ports\stm8\Debug\Obj\atomport-asm-iar.o                  #
#                    E:\projects\atomthread\kelvinlawson-atomthreads-f29a33f\ #
#                    ports\stm8\Debug\Obj\atomport.o                          #
#                    E:\projects\atomthread\kelvinlawson-atomthreads-f29a33f\ #
#                    ports\stm8\Debug\Obj\atomqueue.o                         #
#                    E:\projects\atomthread\kelvinlawson-atomthreads-f29a33f\ #
#                    ports\stm8\Debug\Obj\atomsem.o                           #
#                    E:\projects\atomthread\kelvinlawson-atomthreads-f29a33f\ #
#                    ports\stm8\Debug\Obj\atomtimer.o                         #
#                    E:\projects\atomthread\kelvinlawson-atomthreads-f29a33f\ #
#                    ports\stm8\Debug\Obj\cmdShell.o                          #
#                    E:\projects\atomthread\kelvinlawson-atomthreads-f29a33f\ #
#                    ports\stm8\Debug\Obj\cmdshellthread.o                    #
#                    E:\projects\atomthread\kelvinlawson-atomthreads-f29a33f\ #
#                    ports\stm8\Debug\Obj\diskio.o                            #
#                    E:\projects\atomthread\kelvinlawson-atomthreads-f29a33f\ #
#                    ports\stm8\Debug\Obj\ff.o E:\projects\atomthread\kelvinl #
#                    awson-atomthreads-f29a33f\ports\stm8\Debug\Obj\filecommo #
#                    n.o E:\projects\atomthread\kelvinlawson-atomthreads-f29a #
#                    33f\ports\stm8\Debug\Obj\filethread.o                    #
#                    E:\projects\atomthread\kelvinlawson-atomthreads-f29a33f\ #
#                    ports\stm8\Debug\Obj\mainthread.o                        #
#                    E:\projects\atomthread\kelvinlawson-atomthreads-f29a33f\ #
#                    ports\stm8\Debug\Obj\spidriver.o                         #
#                    E:\projects\atomthread\kelvinlawson-atomthreads-f29a33f\ #
#                    ports\stm8\Debug\Obj\spiflash.o                          #
#                    E:\projects\atomthread\kelvinlawson-atomthreads-f29a33f\ #
#                    ports\stm8\Debug\Obj\stm8s_clk.o                         #
#                    E:\projects\atomthread\kelvinlawson-atomthreads-f29a33f\ #
#                    ports\stm8\Debug\Obj\stm8s_gpio.o                        #
#                    E:\projects\atomthread\kelvinlawson-atomthreads-f29a33f\ #
#                    ports\stm8\Debug\Obj\stm8s_itc.o                         #
#                    E:\projects\atomthread\kelvinlawson-atomthreads-f29a33f\ #
#                    ports\stm8\Debug\Obj\stm8s_spi.o                         #
#                    E:\projects\atomthread\kelvinlawson-atomthreads-f29a33f\ #
#                    ports\stm8\Debug\Obj\stm8s_tim1.o                        #
#                    E:\projects\atomthread\kelvinlawson-atomthreads-f29a33f\ #
#                    ports\stm8\Debug\Obj\stm8s_uart3.o                       #
#                    E:\projects\atomthread\kelvinlawson-atomthreads-f29a33f\ #
#                    ports\stm8\Debug\Obj\uart.o                              #
#                    E:\projects\atomthread\kelvinlawson-atomthreads-f29a33f\ #
#                    ports\stm8\Debug\Obj\uartrxthread.o --redirect           #
#                    _Printf=_PrintfFullNoMb --redirect                       #
#                    _Scanf=_ScanfFullNoMb -o E:\projects\atomthread\kelvinla #
#                    wson-atomthreads-f29a33f\ports\stm8\Debug\Exe\templproj. #
#                    out --map E:\projects\atomthread\kelvinlawson-atomthread #
#                    s-f29a33f\ports\stm8\Debug\List\templproj.map --config   #
#                    "E:\Program Files (x86)\IAR Systems\Embedded Workbench   #
#                    6.5\stm8\config\lnkstm8s207r8.icf" --config_def          #
#                    _CSTACK_SIZE=0x100 --config_def _HEAP_SIZE=0x100         #
#                    --entry __iar_program_start --debug_lib                  #
#                                                                             #
#                                                                             #
###############################################################################

*******************************************************************************
*** RUNTIME MODEL ATTRIBUTES
***

__SystemLibrary            = DLib
__code_model               = small
__core                     = stm8
__data_model               = medium
__dlib_file_descriptor     = 0
__dlib_full_locale_support = 0
__rt_version               = 4


*******************************************************************************
*** PLACEMENT SUMMARY
***

"A1":  place at start of [0x000000-0x0000ff] { rw section .vregs };
"A2":  place at end of [0x000000-0x0017ff] { block CSTACK };
"P2":  place in [from 0x000000 to 0x0017ff] {
          block HEAP, rw section .far.bss, rw section .far.data,
          rw section .far.noinit, rw section .far_func.textrw,
          rw section .huge.bss, rw section .huge.data, rw section .huge.noinit,
          rw section .huge_func.textrw, rw section .iar.dynexit,
          rw section .near.bss, rw section .near.data, rw section .near.noinit,
          rw section .near_func.textrw };
"A3":  place at start of [0x008000-0x00ffff] { block INTVEC };
"P3":  place in [from 0x008000 to 0x00ffff] {
          ro section .far.data_init, ro section .far_func.textrw_init,
          ro section .huge.data_init, ro section .huge_func.textrw_init,
          ro section .iar.init_table, ro section .init_array,
          ro section .near.data_init, ro section .near.rodata,
          ro section .near_func.text, ro section .near_func.textrw_init,
          ro section .tiny.data_init, ro section .tiny.rodata_init };

  Section            Kind      Address    Size  Object
  -------            ----      -------    ----  ------
"A1":                                     0x10
  .vregs             uninit   0x000000    0x10  vregs.o [4]
                            - 0x000010    0x10

"P2", part 1 of 2:                        0x16
  P2 s0                       0x000010    0x16  <Init block>
    .near.data       inited   0x000010    0x14  atomkernel.o [1]
    .near.data       inited   0x000024     0x2  atomkernel.o [1]
                            - 0x000026    0x16

"P2", part 2 of 2:                       0xe97
  .near.bss          zero     0x000026   0x7d0  atomkernel.o [1]
  .near.bss          zero     0x0007f6   0x1f4  atomkernel.o [1]
  .near.bss          zero     0x0009ea   0x190  atomkernel.o [1]
  .near.bss          zero     0x000b7a   0x100  atomkernel.o [1]
  .near.bss          zero     0x000c7a    0x97  atomkernel.o [1]
  .near.bss          zero     0x000d11    0x4c  atomkernel.o [1]
  .near.bss          zero     0x000d5d    0x49  atomkernel.o [1]
  .near.bss          zero     0x000da6    0x33  atomkernel.o [1]
  .near.bss          zero     0x000dd9    0x28  atomkernel.o [1]
  .near.bss          zero     0x000e01    0x22  atomkernel.o [1]
  .near.bss          zero     0x000e23    0x19  atomkernel.o [1]
  .near.bss          zero     0x000e3c    0x19  atomkernel.o [1]
  .near.bss          zero     0x000e55    0x19  atomkernel.o [1]
  .near.bss          zero     0x000e6e    0x19  atomkernel.o [1]
  .near.bss          zero     0x000e87    0x16  atomkernel.o [1]
  .near.bss          zero     0x000e9d     0x5  atomkernel.o [1]
  .near.bss          zero     0x000ea2     0x4  atomkernel.o [1]
  .near.bss          zero     0x000ea6     0x3  atomkernel.o [1]
  .near.bss          zero     0x000ea9     0x3  atomkernel.o [1]
  .near.bss          zero     0x000eac     0x3  atomkernel.o [1]
  .near.bss          zero     0x000eaf     0x2  atomkernel.o [1]
  .near.bss          zero     0x000eb1     0x2  atomkernel.o [1]
  .near.bss          zero     0x000eb3     0x2  atomkernel.o [1]
  .near.bss          zero     0x000eb5     0x2  atomkernel.o [1]
  .near.bss          zero     0x000eb7     0x2  atomkernel.o [1]
  .near.bss          zero     0x000eb9     0x2  atomkernel.o [1]
  .near.bss          zero     0x000ebb     0x1  atomkernel.o [1]
  .near.bss          zero     0x000ebc     0x1  atomkernel.o [1]
                            - 0x000ebd   0xe97

"A2":                                    0x100
  CSTACK                      0x001700   0x100  <Block>
    CSTACK           uninit   0x001700   0x100  <Block tail>
                            - 0x001800   0x100

"A3":                                     0x80
  INTVEC                      0x008000    0x80  <Block>
    .intvec          const    0x008000    0x80  interrupt.o [4]
                            - 0x008080    0x80

"P3":                                   0x5aa8
  .near_func.text    ro code  0x008080  0x22c6  atomkernel.o [1]
  .near_func.text    ro code  0x00a346   0x725  atomkernel.o [1]
  .near_func.text    ro code  0x00aa6b   0x476  atomkernel.o [1]
  .near_func.text    ro code  0x00aee1   0x460  float.o [4]
  .near_func.text    ro code  0x00b341   0x42f  xprintffull_nomb.o [4]
  .near_func.text    ro code  0x00b770   0x410  xprintffull_nomb.o [4]
  .near_func.text    ro code  0x00bb80   0x385  xprintffull_nomb.o [4]
  .near_func.text    ro code  0x00bf05   0x2a0  long.o [4]
  .near_func.text    ro code  0x00c1a5   0x1f7  atomkernel.o [1]
  .near_func.text    ro code  0x00c39c   0x1d7  vreg_util.o [4]
  .near_func.text    ro code  0x00c573   0x19c  atomkernel.o [1]
  .near_func.text    ro code  0x00c70f   0x171  xprintffull_nomb.o [4]
  .near_func.text    ro code  0x00c880   0x161  float_libsup.o [4]
  .near_func.text    ro code  0x00c9e1    0xca  long_util.o [4]
  .near_func.text    ro code  0x00caab    0xc0  atomkernel.o [1]
  .near_func.text    ro code  0x00cb6b    0xbb  atomkernel.o [1]
  .near_func.text    ro code  0x00cc26    0xb7  atomkernel.o [1]
  .near_func.text    ro code  0x00ccdd    0x9f  atomkernel.o [1]
  .near_func.text    ro code  0x00cd7c    0x8f  atomkernel.o [1]
  .near_func.text    ro code  0x00ce0b    0x83  atomkernel.o [1]
  .near_func.text    ro code  0x00ce8e    0x81  atomkernel.o [1]
  .near_func.text    ro code  0x00cf0f    0x69  atomkernel.o [1]
  .near_func.text    ro code  0x00cf78    0x67  atomkernel.o [1]
  .near_func.text    ro code  0x00cfdf    0x5f  atomkernel.o [1]
  .near_func.text    ro code  0x00d03e    0x5e  atomkernel.o [1]
  .near_func.text    ro code  0x00d09c    0x58  atomport-asm-iar.o [1]
  .near_func.text    ro code  0x00d0f4    0x44  short.o [4]
  .near_func.text    ro code  0x00d138    0x43  xprintffull_nomb.o [4]
  .near_func.text    ro code  0x00d17b    0x3f  xprintffull_nomb.o [4]
  .near_func.text    ro code  0x00d1ba    0x3e  sprintf.o [4]
  .near.rodata       const    0x00d1f8    0x3c  atomkernel.o [1]
  .near.rodata       const    0x00d234    0x3c  atomkernel.o [1]
  .near_func.text    const    0x00d270    0x3c  xprintffull_nomb.o [4]
  .near_func.text    ro code  0x00d2ac    0x3b  atomkernel.o [1]
  .near_func.text    ro code  0x00d2e7    0x39  xprintffull_nomb.o [4]
  .near_func.text    ro code  0x00d320    0x36  atomkernel.o [1]
  .near_func.text    ro code  0x00d356    0x34  atomkernel.o [1]
  .near_func.text    ro code  0x00d38a    0x34  atomkernel.o [1]
  .near_func.text    ro code  0x00d3be    0x33  xprintffull_nomb.o [4]
  .near_func.text    ro code  0x00d3f1    0x30  div.o [4]
  .near_func.text    ro code  0x00d421    0x2f  xprintffull_nomb.o [4]
  .near_func.text    ro code  0x00d450    0x2c  dc_util.o [4]
  .near_func.text    ro code  0x00d47c    0x2b  putchar.o [4]
  .near_func.text    ro code  0x00d4a7    0x28  init_small.o [4]
  .near.rodata       const    0x00d4cf    0x25  atomkernel.o [1]
  .near_func.text    ro code  0x00d4f4    0x25  memcpy.o [4]
  .near.rodata       const    0x00d519    0x23  atomkernel.o [1]
  .near.rodata       const    0x00d53c    0x23  atomkernel.o [1]
  .near_func.text    ro code  0x00d55f    0x23  atomkernel.o [1]
  .near_func.text    ro code  0x00d582    0x22  strcmp.o [4]
  .near.rodata       const    0x00d5a4    0x21  atomkernel.o [1]
  .iar.init_table    const    0x00d5c5    0x12  - Linker created -
  .near_func.text    ro code  0x00d5d7    0x20  printf.o [4]
  .near.rodata       const    0x00d5f7    0x1e  atomkernel.o [1]
  .near_func.text    ro code  0x00d615    0x1e  init_small.o [4]
  .near.rodata       const    0x00d633    0x1c  atomkernel.o [1]
  .near.rodata       const    0x00d64f    0x1c  atomkernel.o [1]
  .near.rodata       const    0x00d66b    0x19  atomkernel.o [1]
  .near.rodata       const    0x00d684    0x19  atomkernel.o [1]
  .near.rodata       const    0x00d69d    0x19  atomkernel.o [1]
  .near_func.text    ro code  0x00d6b6    0x19  xprout.o [4]
  .near.rodata       const    0x00d6cf    0x18  atomkernel.o [1]
  .near_func.text    ro code  0x00d6e7    0x18  xprintffull_nomb.o [4]
  .near.rodata       const    0x00d6ff    0x17  atomkernel.o [1]
  .near_func.text    ro code  0x00d716    0x17  init.o [4]
  .near.rodata       const    0x00d72d    0x16  atomkernel.o [1]
  .near.rodata       const    0x00d743    0x15  atomkernel.o [1]
  .near.rodata       const    0x00d758    0x15  atomkernel.o [1]
  .near_func.text    ro code  0x00d76d    0x15  atomkernel.o [1]
  .near_func.text    ro code  0x00d782    0x15  memchr.o [4]
  .near_func.text    ro code  0x00d797    0x15  strchr.o [4]
  .near.rodata       const    0x00d7ac    0x14  atomkernel.o [1]
  .near.rodata       const    0x00d7c0    0x14  atomkernel.o [1]
  .near.rodata       const    0x00d7d4    0x14  atomkernel.o [1]
  .near_func.text    ro code  0x00d7e8    0x14  __dbg_xxexit.o [3]
  .near.rodata       const    0x00d7fc    0x13  atomkernel.o [1]
  .near.rodata       const    0x00d80f    0x13  atomkernel.o [1]
  .near_func.text    ro code  0x00d822    0x13  cstartup.o [4]
  .near.rodata       const    0x00d835    0x12  atomkernel.o [1]
  .near.rodata       const    0x00d847    0x12  atomkernel.o [1]
  .near_func.text    ro code  0x00d859    0x12  strlen.o [4]
  .near.rodata       const    0x00d86b    0x10  atomkernel.o [1]
  .near.rodata       const    0x00d87b    0x10  atomkernel.o [1]
  .near_func.text    ro code  0x00d88b    0x10  atomkernel.o [1]
  .near.rodata       const    0x00d89b     0xf  atomkernel.o [1]
  .near_func.text    ro code  0x00d8aa     0xf  atomkernel.o [1]
  .near.rodata       const    0x00d8b9     0xe  atomkernel.o [1]
  .near.rodata       const    0x00d8c7     0xe  atomkernel.o [1]
  .near_func.text    ro code  0x00d8d5     0xe  xsprout.o [4]
  .near_func.text    ro code  0x00d8e3     0xd  move.o [4]
  .near_func.text    ro code  0x00d8f0     0xc  atomkernel.o [1]
  .near_func.text    ro code  0x00d8fc     0xc  atomkernel.o [1]
  .near_func.text    ro code  0x00d908     0xc  atomkernel.o [1]
  .near_func.text    ro code  0x00d914     0xc  atomkernel.o [1]
  .near_func.text    ro code  0x00d920     0xc  xprintffull_nomb.o [4]
  .near_func.text    ro code  0x00d92c     0xc  switch.o [4]
  .near_func.text    ro code  0x00d938     0xb  atomkernel.o [1]
  .near_func.text    ro code  0x00d943     0xb  atomkernel.o [1]
  .near_func.text    ro code  0x00d94e     0xb  xprintffull_nomb.o [4]
  .near.rodata       const    0x00d959     0xa  atomkernel.o [1]
  .near_func.text    ro code  0x00d963     0xa  xprintffull_nomb.o [4]
  .near_func.text    ro code  0x00d96d     0xa  xprintffull_nomb.o [4]
  .near_func.text    ro code  0x00d977     0xa  xprintffull_nomb.o [4]
  .near_func.text    ro code  0x00d981     0xa  xprintffull_nomb.o [4]
  .near.rodata       const    0x00d98b     0x9  atomkernel.o [1]
  .near.rodata       const    0x00d994     0x9  atomkernel.o [1]
  .near.rodata       const    0x00d99d     0x9  atomkernel.o [1]
  .near_func.text    ro code  0x00d9a6     0x9  atomkernel.o [1]
  .near_func.text    ro code  0x00d9af     0x9  atomkernel.o [1]
  .near_func.text    ro code  0x00d9b8     0x9  atomkernel.o [1]
  .near_func.text    ro code  0x00d9c1     0x9  atomkernel.o [1]
  .near_func.text    ro code  0x00d9ca     0x9  xprintffull_nomb.o [4]
  .near_func.text    ro code  0x00d9d3     0x9  xprintffull_nomb.o [4]
  .near_func.text    ro code  0x00d9dc     0x9  xprintffull_nomb.o [4]
  .near_func.text    ro code  0x00d9e5     0x9  xprintffull_nomb.o [4]
  .near_func.text    ro code  0x00d9ee     0x9  xprintffull_nomb.o [4]
  .near_func.text    ro code  0x00d9f7     0x9  xprintffull_nomb.o [4]
  .near_func.text    ro code  0x00da00     0x8  atomkernel.o [1]
  .near_func.text    ro code  0x00da08     0x8  atomkernel.o [1]
  .near_func.text    ro code  0x00da10     0x8  xprintffull_nomb.o [4]
  .near_func.text    ro code  0x00da18     0x8  xprintffull_nomb.o [4]
  .near_func.text    ro code  0x00da20     0x8  xprintffull_nomb.o [4]
  .near_func.text    ro code  0x00da28     0x8  xprintffull_nomb.o [4]
  .near.rodata       const    0x00da30     0x7  atomkernel.o [1]
  .near.rodata       const    0x00da37     0x7  xprintffull_nomb.o [4]
  .near_func.text    ro code  0x00da3e     0x7  atomkernel.o [1]
  .near_func.text    ro code  0x00da45     0x7  atomkernel.o [1]
  .near_func.text    ro code  0x00da4c     0x7  atomkernel.o [1]
  .near_func.text    ro code  0x00da53     0x7  atomkernel.o [1]
  .near_func.text    ro code  0x00da5a     0x7  xprintffull_nomb.o [4]
  .near_func.text    ro code  0x00da61     0x7  xprintffull_nomb.o [4]
  .near_func.text    ro code  0x00da68     0x7  xprintffull_nomb.o [4]
  .near_func.text    ro code  0x00da6f     0x7  xprintffull_nomb.o [4]
  .near.rodata       const    0x00da76     0x6  atomkernel.o [1]
  .near.rodata       const    0x00da7c     0x6  atomkernel.o [1]
  .near.rodata       const    0x00da82     0x6  atomkernel.o [1]
  .near_func.text    ro code  0x00da88     0x6  atomkernel.o [1]
  .near_func.text    ro code  0x00da8e     0x6  atomkernel.o [1]
  .near_func.text    ro code  0x00da94     0x6  atomkernel.o [1]
  .near_func.text    ro code  0x00da9a     0x6  atomkernel.o [1]
  .near_func.text    ro code  0x00daa0     0x6  atomkernel.o [1]
  .near_func.text    ro code  0x00daa6     0x6  atomkernel.o [1]
  .near_func.text    ro code  0x00daac     0x6  xprintffull_nomb.o [4]
  .near_func.text    ro code  0x00dab2     0x6  xprintffull_nomb.o [4]
  .near_func.text    ro code  0x00dab8     0x6  xprintffull_nomb.o [4]
  .near.rodata       const    0x00dabe     0x5  atomkernel.o [1]
  .near_func.text    ro code  0x00dac3     0x5  atomkernel.o [1]
  .near_func.text    ro code  0x00dac8     0x5  atomkernel.o [1]
  .near_func.text    ro code  0x00dacd     0x5  xprintffull_nomb.o [4]
  .near_func.text    ro code  0x00dad2     0x5  cexit.o [4]
  .near.rodata       const    0x00dad7     0x4  atomkernel.o [1]
  .near.rodata       const    0x00dadb     0x4  atomkernel.o [1]
  .near.rodata       const    0x00dadf     0x4  atomkernel.o [1]
  .near.rodata       const    0x00dae3     0x4  xprintffull_nomb.o [4]
  .near.rodata       const    0x00dae7     0x4  xprintffull_nomb.o [4]
  .near.rodata       const    0x00daeb     0x4  xprintffull_nomb.o [4]
  .near.rodata       const    0x00daef     0x4  xprintffull_nomb.o [4]
  .near_func.text    ro code  0x00daf3     0x4  atomkernel.o [1]
  .near.rodata       const    0x00daf7     0x3  atomkernel.o [1]
  .near.rodata       const    0x00dafa     0x3  atomkernel.o [1]
  .near.rodata       const    0x00dafd     0x3  atomkernel.o [1]
  .near_func.text    ro code  0x00db00     0x3  interrupt.o [4]
  .near_func.text    ro code  0x00db03     0x3  low_level_init.o [4]
  .near_func.text    ro code  0x00db06     0x3  exit.o [4]
  .near_func.text    ro code  0x00db09     0x3  unhandled_exception.o [4]
  .near.rodata       const    0x00db0c     0x2  atomkernel.o [1]
  .near.rodata       const    0x00db0e     0x2  xprintffull_nomb.o [4]
  .near.rodata       const    0x00db10     0x1  atomkernel.o [1]
  .near_func.text    ro code  0x00db11     0x1  __dbg_break.o [3]
  Initializer bytes  ro data  0x00db12    0x16  <for P2 s0>
                            - 0x00db28  0x5aa8


*******************************************************************************
*** INIT TABLE
***

          Address   Size
          -------   ----
Zero (__iar_zero_init2)
    1 destination range, total size 0xe97:
          0x000026  0xe97

Copy (__iar_copy_init2)
    1 source range, total size 0x16:
          0x00db12   0x16
    1 destination range, total size 0x16:
          0x000010   0x16



*******************************************************************************
*** MODULE SUMMARY
***

    Module                 ro code  ro data  rw data
    ------                 -------  -------  -------
E:\projects\atomthread\kelvinlawson-atomthreads-f29a33f\ports\stm8\Debug\Obj: [1]
    atomkernel.o            14 813      854    3 757
    atomport-asm-iar.o          88
    ------------------------------------------------
    Total:                  14 901      854    3 757

command line: [2]
    ------------------------------------------------
    Total:

dbgstm8smd.a: [3]
    __dbg_break.o                1
    __dbg_xxexit.o              20
    ------------------------------------------------
    Total:                      21

dlstm8smn.a: [4]
    cexit.o                      5
    cstartup.o                  19
    dc_util.o                   44
    div.o                       48
    exit.o                       3
    float.o                  1 120
    float_libsup.o             353
    init.o                      23
    init_small.o                70
    interrupt.o                  3      128
    long.o                     672
    long_util.o                202
    low_level_init.o             3
    memchr.o                    21
    memcpy.o                    37
    move.o                      13
    printf.o                    32
    putchar.o                   43
    short.o                     68
    sprintf.o                   62
    strchr.o                    21
    strcmp.o                    34
    strlen.o                    18
    switch.o                    12
    unhandled_exception.o        3
    vreg_util.o                471
    vregs.o                                       16
    xprintffull_nomb.o       3 890       85
    xprout.o                    25
    xsprout.o                   14
    ------------------------------------------------
    Total:                   7 329      213       16

    Linker created                       18      256
----------------------------------------------------
    Grand Total:            22 251    1 085    4 029


*******************************************************************************
*** ENTRY LIST
***

Entry                    Address   Size  Type      Object
-----                    -------   ----  ----      ------
?add32_l0_l0_0x         0x00bf5d         Code  Gb  long.o [4]
?add32_l0_l0_dl         0x00bf55         Code  Gb  long.o [4]
?add32_l0_l0_l1         0x00bf5a         Code  Gb  long.o [4]
?and32_l0_l0_0x         0x00c11b         Code  Gb  long.o [4]
?and32_l0_l0_l1         0x00c118         Code  Gb  long.o [4]
?b0                     0x000000         Data  Gb  vregs.o [4]
?b1                     0x000001         Data  Gb  vregs.o [4]
?b10                    0x00000a         Data  Gb  vregs.o [4]
?b11                    0x00000b         Data  Gb  vregs.o [4]
?b12                    0x00000c         Data  Gb  vregs.o [4]
?b13                    0x00000d         Data  Gb  vregs.o [4]
?b14                    0x00000e         Data  Gb  vregs.o [4]
?b15                    0x00000f         Data  Gb  vregs.o [4]
?b2                     0x000002         Data  Gb  vregs.o [4]
?b3                     0x000003         Data  Gb  vregs.o [4]
?b4                     0x000004         Data  Gb  vregs.o [4]
?b5                     0x000005         Data  Gb  vregs.o [4]
?b6                     0x000006         Data  Gb  vregs.o [4]
?b7                     0x000007         Data  Gb  vregs.o [4]
?b8                     0x000008         Data  Gb  vregs.o [4]
?b9                     0x000009         Data  Gb  vregs.o [4]
?dc32_l0                0x00d457         Code  Gb  dc_util.o [4]
?dc32_l1                0x00d464         Code  Gb  dc_util.o [4]
?dc32_px                0x00d471         Code  Gb  dc_util.o [4]
?dc8_px                 0x00d450         Code  Gb  dc_util.o [4]
?dec32_0x_0x            0x00bf41         Code  Gb  long.o [4]
?dec32_l0_l0            0x00bf2d         Code  Gb  long.o [4]
?dec32_l1_l1            0x00bf32         Code  Gb  long.o [4]
?dec32_l2_l2            0x00bf37         Code  Gb  long.o [4]
?dec32_l3_l3            0x00bf3c         Code  Gb  long.o [4]
?e0                     0x000001         Data  Gb  vregs.o [4]
?e1                     0x000005         Data  Gb  vregs.o [4]
?e2                     0x000009         Data  Gb  vregs.o [4]
?e3                     0x00000d         Data  Gb  vregs.o [4]
?epilogue_l2            0x00c457         Code  Gb  vreg_util.o [4]
?epilogue_l2_l3         0x00c454         Code  Gb  vreg_util.o [4]
?epilogue_l2_w6         0x00c45b         Code  Gb  vreg_util.o [4]
?epilogue_w4            0x00c462         Code  Gb  vreg_util.o [4]
?fadd32_l0_l0_l1        0x00af04         Code  Gb  float.o [4]
?fcastf32s32_l0_l0      0x00b1fc         Code  Gb  float.o [4]
?fcastf32u32_l0_l0      0x00b207         Code  Gb  float.o [4]
?fcasts32f32_l0_l0      0x00b19b         Code  Gb  float.o [4]
?fcastu32f32_l0_l0      0x00b184         Code  Gb  float.o [4]
?fcmpge32_c_l0_0x       0x00b125         Code  Gb  float.o [4]
?fcmpge32_c_l0_dc32     0x00b120         Code  Gb  float.o [4]
?fcmplt32_c_l0_0x       0x00b12e         Code  Gb  float.o [4]
?fcmplt32_c_l0_dc32     0x00b129         Code  Gb  float.o [4]
?fdiv32_l0_l0_l1        0x00b072         Code  Gb  float.o [4]
?fmul32_l0_l0_dc32      0x00afd2         Code  Gb  float.o [4]
?fmul32_l0_l0_l1        0x00afd7         Code  Gb  float.o [4]
?fsub32_l0_l0_l1        0x00aefe         Code  Gb  float.o [4]
?inc32_0x_0x            0x00bf1f         Code  Gb  long.o [4]
?inc32_l0_l0            0x00bf15         Code  Gb  long.o [4]
?inc32_l2_l2            0x00bf1a         Code  Gb  long.o [4]
?l0                     0x000000         Data  Gb  vregs.o [4]
?l1                     0x000004         Data  Gb  vregs.o [4]
?l2                     0x000008         Data  Gb  vregs.o [4]
?l3                     0x00000c         Data  Gb  vregs.o [4]
?load32_0x_l0           0x00ca62         Code  Gb  long_util.o [4]
?load32_0x_l1           0x00ca70         Code  Gb  long_util.o [4]
?load32_0x_l2           0x00ca8f         Code  Gb  long_util.o [4]
?load32_0x_l3           0x00ca9d         Code  Gb  long_util.o [4]
?load32_asp_l0          0x00ca56         Code  Gb  long_util.o [4]
?load32_asp_l2          0x00ca83         Code  Gb  long_util.o [4]
?load32_dbsp_l0         0x00ca51         Code  Gb  long_util.o [4]
?load32_dbsp_l2         0x00ca7e         Code  Gb  long_util.o [4]
?load32_l0_0x           0x00c9f1         Code  Gb  long_util.o [4]
?load32_l0_asp          0x00c9e6         Code  Gb  long_util.o [4]
?load32_l0_dbsp         0x00c9e1         Code  Gb  long_util.o [4]
?load32_l0_xsp          0x00c9e8         Code  Gb  long_util.o [4]
?load32_l1_0x           0x00ca0d         Code  Gb  long_util.o [4]
?load32_l1_asp          0x00ca02         Code  Gb  long_util.o [4]
?load32_l1_dbsp         0x00c9fd         Code  Gb  long_util.o [4]
?load32_l1_xsp          0x00ca04         Code  Gb  long_util.o [4]
?load32_l2_0x           0x00ca29         Code  Gb  long_util.o [4]
?load32_l2_asp          0x00ca1e         Code  Gb  long_util.o [4]
?load32_l2_dbsp         0x00ca19         Code  Gb  long_util.o [4]
?load32_l2_xsp          0x00ca20         Code  Gb  long_util.o [4]
?load32_l3_0x           0x00ca45         Code  Gb  long_util.o [4]
?load32_l3_asp          0x00ca3a         Code  Gb  long_util.o [4]
?load32_l3_dbsp         0x00ca35         Code  Gb  long_util.o [4]
?load32_l3_xsp          0x00ca3c         Code  Gb  long_util.o [4]
?load32_xsp_l0          0x00ca58         Code  Gb  long_util.o [4]
?load32_xsp_l2          0x00ca85         Code  Gb  long_util.o [4]
?mov_e0_e1              0x00c4e7         Code  Gb  vreg_util.o [4]
?mov_e0_e2              0x00c4f4         Code  Gb  vreg_util.o [4]
?mov_e0_e3              0x00c501         Code  Gb  vreg_util.o [4]
?mov_e1_e0              0x00c50e         Code  Gb  vreg_util.o [4]
?mov_e1_e2              0x00c51b         Code  Gb  vreg_util.o [4]
?mov_e1_e3              0x00c528         Code  Gb  vreg_util.o [4]
?mov_e2_e0              0x00c535         Code  Gb  vreg_util.o [4]
?mov_e2_e1              0x00c542         Code  Gb  vreg_util.o [4]
?mov_e2_e3              0x00c54f         Code  Gb  vreg_util.o [4]
?mov_e3_e0              0x00c55c         Code  Gb  vreg_util.o [4]
?mov_e3_e2              0x00c569         Code  Gb  vreg_util.o [4]
?mov_l0_l1              0x00c4e4         Code  Gb  vreg_util.o [4]
?mov_l0_l2              0x00c4f1         Code  Gb  vreg_util.o [4]
?mov_l0_l3              0x00c4fe         Code  Gb  vreg_util.o [4]
?mov_l1_l0              0x00c50b         Code  Gb  vreg_util.o [4]
?mov_l1_l2              0x00c518         Code  Gb  vreg_util.o [4]
?mov_l1_l3              0x00c525         Code  Gb  vreg_util.o [4]
?mov_l2_l0              0x00c532         Code  Gb  vreg_util.o [4]
?mov_l2_l1              0x00c53f         Code  Gb  vreg_util.o [4]
?mov_l2_l3              0x00c54c         Code  Gb  vreg_util.o [4]
?mov_l3_l0              0x00c559         Code  Gb  vreg_util.o [4]
?mov_l3_l2              0x00c566         Code  Gb  vreg_util.o [4]
?mov_w0_w2              0x00c466         Code  Gb  vreg_util.o [4]
?mov_w0_w3              0x00c46d         Code  Gb  vreg_util.o [4]
?mov_w0_w4              0x00c474         Code  Gb  vreg_util.o [4]
?mov_w0_w5              0x00c47b         Code  Gb  vreg_util.o [4]
?mov_w0_w7              0x00c482         Code  Gb  vreg_util.o [4]
?mov_w1_w0              0x00c489         Code  Gb  vreg_util.o [4]
?mov_w1_w2              0x00c490         Code  Gb  vreg_util.o [4]
?mov_w1_w3              0x00c4ea         Code  Gb  vreg_util.o [4]
?mov_w1_w4              0x00c497         Code  Gb  vreg_util.o [4]
?mov_w1_w5              0x00c4f7         Code  Gb  vreg_util.o [4]
?mov_w1_w7              0x00c504         Code  Gb  vreg_util.o [4]
?mov_w2_w0              0x00c49e         Code  Gb  vreg_util.o [4]
?mov_w2_w1              0x00c4a5         Code  Gb  vreg_util.o [4]
?mov_w2_w5              0x00c4ac         Code  Gb  vreg_util.o [4]
?mov_w3_w1              0x00c511         Code  Gb  vreg_util.o [4]
?mov_w3_w2              0x00c4b3         Code  Gb  vreg_util.o [4]
?mov_w3_w5              0x00c51e         Code  Gb  vreg_util.o [4]
?mov_w3_w7              0x00c52b         Code  Gb  vreg_util.o [4]
?mov_w4_w0              0x00c4ba         Code  Gb  vreg_util.o [4]
?mov_w4_w1              0x00c4c1         Code  Gb  vreg_util.o [4]
?mov_w4_w7              0x00c4c8         Code  Gb  vreg_util.o [4]
?mov_w5_w0              0x00c4cf         Code  Gb  vreg_util.o [4]
?mov_w5_w1              0x00c538         Code  Gb  vreg_util.o [4]
?mov_w5_w3              0x00c545         Code  Gb  vreg_util.o [4]
?mov_w5_w6              0x00c4d6         Code  Gb  vreg_util.o [4]
?mov_w5_w7              0x00c552         Code  Gb  vreg_util.o [4]
?mov_w6_w1              0x00c4dd         Code  Gb  vreg_util.o [4]
?mov_w7_w1              0x00c55f         Code  Gb  vreg_util.o [4]
?mov_w7_w5              0x00c56c         Code  Gb  vreg_util.o [4]
?move1616_v_x_y_a       0x00d8e3         Code  Gb  move.o [4]
?mul16_x_x_w0           0x00d0f4         Code  Gb  short.o [4]
?mul32_l0_l0_0x         0x00bf93         Code  Gb  long.o [4]
?mul32_l0_l0_dl         0x00bf90         Code  Gb  long.o [4]
?mul32_l0_l0_l1         0x00bf9c         Code  Gb  long.o [4]
?neg32_l0_l0            0x00bf05         Code  Gb  long.o [4]
?not32_l0_l0            0x00c10f         Code  Gb  long.o [4]
?or32_l0_l0_0x          0x00c136         Code  Gb  long.o [4]
?or32_l0_l0_l1          0x00c133         Code  Gb  long.o [4]
?pop_l0                 0x00c420         Code  Gb  vreg_util.o [4]
?pop_l1                 0x00c42b         Code  Gb  vreg_util.o [4]
?pop_l2                 0x00c436         Code  Gb  vreg_util.o [4]
?pop_l3                 0x00c441         Code  Gb  vreg_util.o [4]
?pop_w4                 0x00c3d2         Code  Gb  vreg_util.o [4]
?pop_w6                 0x00c3d9         Code  Gb  vreg_util.o [4]
?pop_w7                 0x00c3e0         Code  Gb  vreg_util.o [4]
?push_l0                0x00c3ef         Code  Gb  vreg_util.o [4]
?push_l1                0x00c3f4         Code  Gb  vreg_util.o [4]
?push_l2                0x00c3f9         Code  Gb  vreg_util.o [4]
?push_l3                0x00c3fe         Code  Gb  vreg_util.o [4]
?push_w0                0x00c39c         Code  Gb  vreg_util.o [4]
?push_w1                0x00c3a1         Code  Gb  vreg_util.o [4]
?push_w2                0x00c3a6         Code  Gb  vreg_util.o [4]
?push_w4                0x00c3ab         Code  Gb  vreg_util.o [4]
?push_w5                0x00c3b0         Code  Gb  vreg_util.o [4]
?push_w6                0x00c3b5         Code  Gb  vreg_util.o [4]
?push_w7                0x00c3ba         Code  Gb  vreg_util.o [4]
?scmp32_c_l0_l1         0x00c0f8         Code  Gb  long.o [4]
?sdiv16_x_x_y           0x00d112         Code  Gb  short.o [4]
?sdiv32_l0_l0_dl        0x00c094         Code  Gb  long.o [4]
?sdiv32_l0_l0_l1        0x00c097         Code  Gb  long.o [4]
?sext32_l0_a            0x00c198         Code  Gb  long.o [4]
?sext32_l0_x            0x00c18d         Code  Gb  long.o [4]
?sll16_x_x_a            0x00d12b         Code  Gb  short.o [4]
?sll32_0x_0x_a          0x00c155         Code  Gb  long.o [4]
?sll32_l0_l0_a          0x00c152         Code  Gb  long.o [4]
?sll32_l0_l0_db         0x00c14e         Code  Gb  long.o [4]
?smod32_l1_l0_l1        0x00c097         Code  Gb  long.o [4]
?sra32_0x_0x_a          0x00c17f         Code  Gb  long.o [4]
?sra32_l0_l0_a          0x00c17c         Code  Gb  long.o [4]
?sra32_l0_l0_db         0x00c178         Code  Gb  long.o [4]
?srl16_x_x_4            0x00d133         Code  Gb  short.o [4]
?srl32_0x_0x_a          0x00c16a         Code  Gb  long.o [4]
?srl32_l0_l0_a          0x00c167         Code  Gb  long.o [4]
?srl32_l0_l0_db         0x00c163         Code  Gb  long.o [4]
?sub32_l0_l0_0x         0x00bf78         Code  Gb  long.o [4]
?sub32_l0_l0_l1         0x00bf75         Code  Gb  long.o [4]
?switch8vlt_0x_a_0x     0x00d92c         Code  Gb  switch.o [4]
?ucmp32_c_l0_0x         0x00c0dd         Code  Gb  long.o [4]
?ucmp32_c_l0_l1         0x00c0ed         Code  Gb  long.o [4]
?udiv32_l0_dl_l1        0x00c01f         Code  Gb  long.o [4]
?udiv32_l0_l0_dl        0x00c024         Code  Gb  long.o [4]
?udiv32_l0_l0_l1        0x00c027         Code  Gb  long.o [4]
?umod32_l1_l0_dl        0x00c01a         Code  Gb  long.o [4]
?umod32_l1_l0_l1        0x00c027         Code  Gb  long.o [4]
?w0                     0x000000         Data  Gb  vregs.o [4]
?w1                     0x000002         Data  Gb  vregs.o [4]
?w2                     0x000004         Data  Gb  vregs.o [4]
?w3                     0x000006         Data  Gb  vregs.o [4]
?w4                     0x000008         Data  Gb  vregs.o [4]
?w5                     0x00000a         Data  Gb  vregs.o [4]
?w6                     0x00000c         Data  Gb  vregs.o [4]
?w7                     0x00000e         Data  Gb  vregs.o [4]
CLK_GetClockFreq        0x00d320   0x36  Code  Gb  atomkernel.o [1]
CLK_HSIPrescalerConfig  0x00d914    0xc  Code  Gb  atomkernel.o [1]
CMDList                 0x00d1f8   0x3c  Data  Gb  atomkernel.o [1]
CSTACK$$Base            0x001700          --   Gb  - Linker created -
CSTACK$$Limit           0x001800          --   Gb  - Linker created -
HSIDivFactor            0x00dad7    0x4  Data  Gb  atomkernel.o [1]
INTVEC$$Base            0x008000          --   Gb  - Linker created -
INTVEC$$Limit           0x008080          --   Gb  - Linker created -
LoadInt                 0x00d17b   0x3f  Code  Lc  xprintffull_nomb.o [4]
Region$$Table$$Base     0x00d5c5          --   Gb  - Linker created -
Region$$Table$$Limit    0x00d5d7          --   Gb  - Linker created -
TIM1_DeInit             0x00cd7c   0x8f  Code  Gb  atomkernel.o [1]
TIM1_SystemTickISR      0x00a3e6   0x22  Code  Gb  atomkernel.o [1]
UART3_DeInit            0x00d55f   0x23  Code  Gb  atomkernel.o [1]
UART3_GetITStatus       0x00cfdf   0x5f  Code  Gb  atomkernel.o [1]
UART3_Init              0x00cc26   0xb7  Code  Gb  atomkernel.o [1]
UART3_RX_IRQHandler     0x00ce8e   0x81  Code  Gb  atomkernel.o [1]
_GenldFullNoMb          0x00bb80  0x385  Code  Lc  xprintffull_nomb.o [4]
_LdtobFullNoMb          0x00b341  0x42f  Code  Lc  xprintffull_nomb.o [4]
_LitobFullNoMb          0x00c70f  0x171  Code  Lc  xprintffull_nomb.o [4]
_PrintfFullNoMb         0x00b770  0x410  Code  Gb  xprintffull_nomb.o [4]
_Prout                  0x00d6b6   0x19  Code  Gb  xprout.o [4]
_PutcharFullNoMb        0x00d421   0x2f  Code  Lc  xprintffull_nomb.o [4]
_PutcharsFullNoMb       0x00d3be   0x33  Code  Lc  xprintffull_nomb.o [4]
_SProut                 0x00d8d5    0xe  Code  Gb  xsprout.o [4]
__DebugBreak            0x00db11    0x1  Code  Gb  __dbg_break.o [3]
__exit                  0x00d7e8   0x14  Code  Gb  __dbg_xxexit.o [3]
__iar_Dnorm             0x00c880         Code  Gb  float_libsup.o [4]
__iar_Dscale            0x00c90e         Code  Gb  float_libsup.o [4]
__iar_Dunscale          0x00c8bc         Code  Gb  float_libsup.o [4]
__iar_Memchr            0x00d782   0x15  Code  Gb  memchr.o [4]
__iar_Strchr            0x00d797   0x15  Code  Gb  strchr.o [4]
__iar_copy_init2        0x00d4a7         Code  Gb  init_small.o [4]
__iar_data_init2        0x00d716   0x17  Code  Gb  init.o [4]
__iar_program_start     0x00d822         Code  Gb  cstartup.o [4]
__iar_unhandled_exception
                        0x00db09         Code  Gb  unhandled_exception.o [4]
__iar_zero_init2        0x00d615         Code  Gb  init_small.o [4]
__intvec                0x008000         Data  Gb  interrupt.o [4]
__low_level_init        0x00db03    0x3  Code  Gb  low_level_init.o [4]
__write                 0x00d2ac   0x3b  Code  Gb  atomkernel.o [1]
_exit                   0x00dad2         Code  Gb  cexit.o [4]
_interrupt_1            0x00db00         Code  Wk  interrupt.o [4]
_interrupt_10           0x00db00         Code  Wk  interrupt.o [4]
_interrupt_11           0x00db00         Code  Wk  interrupt.o [4]
_interrupt_12           0x00db00         Code  Wk  interrupt.o [4]
_interrupt_13           0x00a3e6         Code  Gb  atomkernel.o [1]
_interrupt_14           0x00db00         Code  Wk  interrupt.o [4]
_interrupt_15           0x00db00         Code  Wk  interrupt.o [4]
_interrupt_16           0x00db00         Code  Wk  interrupt.o [4]
_interrupt_17           0x00db00         Code  Wk  interrupt.o [4]
_interrupt_18           0x00db00         Code  Wk  interrupt.o [4]
_interrupt_19           0x00db00         Code  Wk  interrupt.o [4]
_interrupt_2            0x00db00         Code  Wk  interrupt.o [4]
_interrupt_20           0x00db00         Code  Wk  interrupt.o [4]
_interrupt_21           0x00db00         Code  Wk  interrupt.o [4]
_interrupt_22           0x00db00         Code  Wk  interrupt.o [4]
_interrupt_23           0x00ce8e         Code  Gb  atomkernel.o [1]
_interrupt_24           0x00db00         Code  Wk  interrupt.o [4]
_interrupt_25           0x00db00         Code  Wk  interrupt.o [4]
_interrupt_26           0x00db00         Code  Wk  interrupt.o [4]
_interrupt_27           0x00db00         Code  Wk  interrupt.o [4]
_interrupt_28           0x00db00         Code  Wk  interrupt.o [4]
_interrupt_29           0x00db00         Code  Wk  interrupt.o [4]
_interrupt_3            0x00db00         Code  Wk  interrupt.o [4]
_interrupt_30           0x00db00         Code  Wk  interrupt.o [4]
_interrupt_31           0x00db00         Code  Wk  interrupt.o [4]
_interrupt_4            0x00db00         Code  Wk  interrupt.o [4]
_interrupt_5            0x00db00         Code  Wk  interrupt.o [4]
_interrupt_6            0x00db00         Code  Wk  interrupt.o [4]
_interrupt_7            0x00db00         Code  Wk  interrupt.o [4]
_interrupt_8            0x00db00         Code  Wk  interrupt.o [4]
_interrupt_9            0x00db00         Code  Wk  interrupt.o [4]
archContextSwitch       0x00d09c         Code  Gb  atomport-asm-iar.o [1]
archFirstThreadRestore  0x00d0d9         Code  Gb  atomport-asm-iar.o [1]
archInitSystemTickTimer
                        0x00a408   0x28  Code  Gb  atomkernel.o [1]
archThreadContextInit   0x00a430   0x1f  Code  Gb  atomkernel.o [1]
atomIntExit             0x00a827    0xa  Code  Gb  atomkernel.o [1]
atomMutexCreate         0x00a65a   0x1c  Code  Gb  atomkernel.o [1]
atomMutexGet            0x00a583   0xce  Code  Gb  atomkernel.o [1]
atomMutexPut            0x00a4c9   0x96  Code  Gb  atomkernel.o [1]
atomOSInit              0x00a7ff   0x28  Code  Gb  atomkernel.o [1]
atomOSStart             0x00a7e9   0x16  Code  Gb  atomkernel.o [1]
atomOSStarted           0x000ebb    0x1  Data  Gb  atomkernel.o [1]
atomSched               0x00a9ee   0x7d  Code  Gb  atomkernel.o [1]
atomSemCreate           0x00d88b   0x10  Code  Gb  atomkernel.o [1]
atomSemGet              0x00ccdd   0x9f  Code  Gb  atomkernel.o [1]
atomSemPut              0x00ae78   0x69  Code  Gb  atomkernel.o [1]
atomThreadCreate        0x00a89c  0x125  Code  Gb  atomkernel.o [1]
atomThreadStackCheck    0x00a839   0x63  Code  Gb  atomkernel.o [1]
atomTimerCancel         0x00adce   0x55  Code  Gb  atomkernel.o [1]
atomTimerDelay          0x00ad42   0x77  Code  Gb  atomkernel.o [1]
atomTimerRegister       0x00ae23   0x38  Code  Gb  atomkernel.o [1]
atomTimerTick           0x00adb9   0x15  Code  Gb  atomkernel.o [1]
catHandle               0x00aa6b    0xb  Code  Gb  atomkernel.o [1]
cmdData                 0x000c7a   0x97  Data  Gb  atomkernel.o [1]
cmdParser               0x00ab06  0x16e  Code  Gb  atomkernel.o [1]
cmdShellsem             0x000ea6    0x3  Data  Gb  atomkernel.o [1]
cmdshell_tcb            0x000e3c   0x19  Data  Gb  atomkernel.o [1]
cmdshell_thread_func    0x00caab   0xc0  Code  Gb  atomkernel.o [1]
div                     0x00d3f1   0x30  Code  Gb  div.o [4]
exit                    0x00db06    0x3  Code  Gb  exit.o [4]
f_close                 0x0085da   0x21  Code  Gb  atomkernel.o [1]
f_closedir              0x00833a   0x17  Code  Gb  atomkernel.o [1]
f_lseek                 0x0083d0  0x1eb  Code  Gb  atomkernel.o [1]
f_mkdir                 0x00809d  0x177  Code  Gb  atomkernel.o [1]
f_mount                 0x008e00   0x58  Code  Gb  atomkernel.o [1]
f_open                  0x008b37  0x289  Code  Gb  atomkernel.o [1]
f_opendir               0x008356   0x72  Code  Gb  atomkernel.o [1]
f_read                  0x00890f  0x1b7  Code  Gb  atomkernel.o [1]
f_readdir               0x0082fc   0x3e  Code  Gb  atomkernel.o [1]
f_sync                  0x0085fb   0x85  Code  Gb  atomkernel.o [1]
f_unlink                0x008238   0xa0  Code  Gb  atomkernel.o [1]
f_write                 0x00869e  0x24c  Code  Gb  atomkernel.o [1]
fileCommandData         0x000d5d   0x49  Data  Gb  atomkernel.o [1]
fileCommondsem          0x000ea9    0x3  Data  Gb  atomkernel.o [1]
file_tcb                0x000e55   0x19  Data  Gb  atomkernel.o [1]
file_thread_func        0x00cf0f   0x69  Code  Gb  atomkernel.o [1]
filelistHandle          0x00aaa2    0xc  Code  Gb  atomkernel.o [1]
flashEraseSector        0x00c289   0x2d  Code  Gb  atomkernel.o [1]
flashReadStateCom       0x00c200    0xc  Code  Gb  atomkernel.o [1]
flashWriteEnable        0x00c1f4    0xc  Code  Gb  atomkernel.o [1]
flashWritePage          0x00c220   0x4f  Code  Gb  atomkernel.o [1]
main                    0x00cb6b   0xbb  Code  Gb  atomkernel.o [1]
memcpy                  0x00d4f4   0x25  Code  Gb  memcpy.o [4]
mkdirHandle             0x00aa97    0xb  Code  Gb  atomkernel.o [1]
pad                     0x00d2e7   0x39  Code  Lc  xprintffull_nomb.o [4]
printFile               0x00d03e   0x5e  Code  Gb  atomkernel.o [1]
printf                  0x00d5d7   0x20  Code  Gb  printf.o [4]
printfHello             0x00ab00    0x6  Code  Gb  atomkernel.o [1]
putchar                 0x00d47c   0x2b  Code  Gb  putchar.o [4]
rmHandle                0x00aa76    0xb  Code  Gb  atomkernel.o [1]
rxDataBuff              0x000da6   0x33  Data  Gb  atomkernel.o [1]
scale                   0x00d138   0x43  Code  Lc  xprintffull_nomb.o [4]
scan_files              0x00ce0b   0x83  Code  Gb  atomkernel.o [1]
showTaskHandle          0x00aaae   0x52  Code  Gb  atomkernel.o [1]
spiFlashBufferRead      0x00c1a5   0x4b  Code  Gb  atomkernel.o [1]
spiFlashInit            0x00c305   0x7f  Code  Gb  atomkernel.o [1]
spiFlashWriteSector     0x00c2bf   0x32  Code  Gb  atomkernel.o [1]
spiSendByte             0x00c384   0x18  Code  Gb  atomkernel.o [1]
sprintf                 0x00d1ba   0x3e  Code  Gb  sprintf.o [4]
strcmp                  0x00d582   0x22  Code  Gb  strcmp.o [4]
strlen                  0x00d859   0x12  Code  Gb  strlen.o [4]
taskState               0x000d11   0x4c  Data  Gb  atomkernel.o [1]
tcbDequeueEntry         0x00a6a8   0x94  Code  Gb  atomkernel.o [1]
tcbDequeueHead          0x00a73c   0x29  Code  Gb  atomkernel.o [1]
tcbDequeuePriority      0x00a676   0x32  Code  Gb  atomkernel.o [1]
tcbEnqueuePriority      0x00a76f   0x78  Code  Gb  atomkernel.o [1]
tcbReadyQ               0x000eaf    0x2  Data  Gb  atomkernel.o [1]
uartProcess_tcb         0x000e6e   0x19  Data  Gb  atomkernel.o [1]
uartProcess_thread_func
                        0x00cf78   0x67  Code  Gb  atomkernel.o [1]
uartRxsem               0x000eac    0x3  Data  Gb  atomkernel.o [1]
uart_init               0x00d356   0x34  Code  Gb  atomkernel.o [1]
uart_putchar            0x00d38a   0x34  Code  Gb  atomkernel.o [1]


[1] = E:\projects\atomthread\kelvinlawson-atomthreads-f29a33f\ports\stm8\Debug\Obj
[2] = command line
[3] = dbgstm8smd.a
[4] = dlstm8smn.a

  22 251 bytes of readonly  code memory
   1 085 bytes of readonly  data memory
   4 029 bytes of readwrite data memory

Errors: none
Warnings: none
